Loading weights:   0%|          | 0/199 [00:00<?, ?it/s]Loading weights: 100%|██████████| 199/199 [00:00<00:00, 9630.51it/s]
Loading weights:   0%|          | 0/199 [00:00<?, ?it/s]Loading weights: 100%|██████████| 199/199 [00:00<00:00, 11936.25it/s]
{"stage": "O setup", "episode": "setup_0_00", "elapsed": 46.19531362000271}
{"stage": "O setup", "episode": "setup_0_01", "elapsed": 55.676590164002846}
{"stage": "O setup", "episode": "setup_0_02", "elapsed": 65.03565769000124}
{"stage": "O setup", "episode": "setup_0_03", "elapsed": 74.39817263399891}
{"stage": "O setup", "episode": "setup_1_00", "elapsed": 83.83569912100211}
{"stage": "O setup", "episode": "setup_1_01", "elapsed": 93.17962778599758}
{"stage": "O setup", "episode": "setup_1_02", "elapsed": 102.66939836800157}
{"stage": "O setup", "episode": "setup_1_03", "elapsed": 112.17950080800074}
{"stage": "O setup", "episode": "setup_2_00", "elapsed": 120.30488179399981}
{"stage": "O setup", "episode": "setup_2_01", "elapsed": 128.5458669619984}
{"stage": "O setup", "episode": "setup_2_02", "elapsed": 136.6793090209976}
{"stage": "O setup", "episode": "setup_2_03", "elapsed": 144.76732581300166}
{"stage": "O setup", "episode": "setup_3_00", "elapsed": 154.30392179099726}
{"stage": "O setup", "episode": "setup_3_01", "elapsed": 163.7684537160021}
{"stage": "O setup", "episode": "setup_3_02", "elapsed": 173.33829445199808}
{"stage": "O setup", "episode": "setup_3_03", "elapsed": 182.91647571400244}
{"selection": {"n": 64, "alternatives": {"64": {"gate_seconds": 3937.412887599203, "probe_count": 392.0, "probe_seconds": 803.8884645515038, "total_seconds": 4924.217873144703}, "48": {"gate_seconds": 2953.059665699402, "probe_count": 294.0, "probe_seconds": 602.9163484136279, "total_seconds": 3738.8925351070266}}, "elapsed": 182.91652099399653, "durations": [9.843532218998007, 9.481258703999629, 9.359051189996535, 9.362498431997665, 9.437509911003872, 9.343911880998348, 9.489754758003983, 9.510085736001201, 8.125363113998901, 8.240966574994673, 8.133423737999692, 8.087998631999653, 9.536579210005584, 9.464515348998248, 9.569823503996304, 9.578161053999793], "setup_exposures": 49, "written_before_gate": true, "selection_basis": "resource only", "O_setup_final_success": 16}}
{"stage": "gate", "episode": "gate_0_00", "arm": "T", "elapsed": 192.371038391997}
{"stage": "gate", "episode": "gate_0_00", "arm": "O", "elapsed": 201.4611331699998}
{"stage": "gate", "episode": "gate_0_00", "arm": "C'", "elapsed": 211.4355429970019}
{"stage": "gate", "episode": "gate_0_00", "arm": "N", "elapsed": 219.79414181000175}
{"stage": "gate", "episode": "gate_0_00", "arm": "C", "elapsed": 229.74286643099913}
{"stage": "gate", "episode": "gate_0_01", "arm": "C", "elapsed": 242.0406692050019}
{"stage": "gate", "episode": "gate_0_01", "arm": "O", "elapsed": 252.71438833200227}
{"stage": "gate", "episode": "gate_0_01", "arm": "C'", "elapsed": 265.00795169599587}
{"stage": "gate", "episode": "gate_0_01", "arm": "T", "elapsed": 275.8228203940016}
{"stage": "gate", "episode": "gate_0_01", "arm": "N", "elapsed": 285.6734796590026}
{"stage": "gate", "episode": "gate_0_02", "arm": "N", "elapsed": 294.5490173369981}
{"stage": "gate", "episode": "gate_0_02", "arm": "T", "elapsed": 305.3963624850003}
{"stage": "gate", "episode": "gate_0_02", "arm": "O", "elapsed": 316.0902775270006}
{"stage": "gate", "episode": "gate_0_02", "arm": "C", "elapsed": 327.65402044000075}
{"stage": "gate", "episode": "gate_0_02", "arm": "C'", "elapsed": 339.21827812099946}
{"stage": "gate", "episode": "gate_0_03", "arm": "C'", "elapsed": 349.1959844869998}
{"stage": "gate", "episode": "gate_0_03", "arm": "T", "elapsed": 358.3993335979976}
{"stage": "gate", "episode": "gate_0_03", "arm": "O", "elapsed": 367.52503419700224}
{"stage": "gate", "episode": "gate_0_03", "arm": "C", "elapsed": 377.513665753002}
{"stage": "gate", "episode": "gate_0_03", "arm": "N", "elapsed": 386.40944884599594}
{"stage": "gate", "episode": "gate_0_04", "arm": "O", "elapsed": 397.08953486000246}
{"stage": "gate", "episode": "gate_0_04", "arm": "C", "elapsed": 407.9961149719966}
{"stage": "gate", "episode": "gate_0_04", "arm": "N", "elapsed": 417.8472135560005}
{"stage": "gate", "episode": "gate_0_04", "arm": "T", "elapsed": 427.0531863419965}
{"stage": "gate", "episode": "gate_0_04", "arm": "C'", "elapsed": 437.92628830300237}
{"stage": "gate", "episode": "gate_0_05", "arm": "T", "elapsed": 448.7512224250022}
{"stage": "gate", "episode": "gate_0_05", "arm": "N", "elapsed": 458.60048481899867}
{"stage": "gate", "episode": "gate_0_05", "arm": "O", "elapsed": 469.27367861200037}
{"stage": "gate", "episode": "gate_0_05", "arm": "C", "elapsed": 480.8388681180004}
{"stage": "gate", "episode": "gate_0_05", "arm": "C'", "elapsed": 492.40265995299706}
{"stage": "gate", "episode": "gate_0_06", "arm": "T", "elapsed": 503.2813586129996}
{"stage": "gate", "episode": "gate_0_06", "arm": "O", "elapsed": 514.0044290980004}
{"stage": "gate", "episode": "gate_0_06", "arm": "N", "elapsed": 523.8664301600002}
{"stage": "gate", "episode": "gate_0_06", "arm": "C'", "elapsed": 535.4519774450018}
{"stage": "gate", "episode": "gate_0_06", "arm": "C", "elapsed": 547.0682052530028}
{"stage": "gate", "episode": "gate_0_07", "arm": "N", "elapsed": 555.9554556090006}
{"stage": "gate", "episode": "gate_0_07", "arm": "C'", "elapsed": 568.2640679420001}
{"stage": "gate", "episode": "gate_0_07", "arm": "C", "elapsed": 580.6127986150022}
{"stage": "gate", "episode": "gate_0_07", "arm": "T", "elapsed": 589.8721104669967}
{"stage": "gate", "episode": "gate_0_07", "arm": "O", "elapsed": 599.0058138999957}
{"stage": "gate", "episode": "gate_0_08", "arm": "N", "elapsed": 608.8493417029968}
{"stage": "gate", "episode": "gate_0_08", "arm": "C", "elapsed": 619.5264070869962}
{"stage": "gate", "episode": "gate_0_08", "arm": "O", "elapsed": 628.6043380779956}
{"stage": "gate", "episode": "gate_0_08", "arm": "C'", "elapsed": 639.3561324339971}
{"stage": "gate", "episode": "gate_0_08", "arm": "T", "elapsed": 648.576026292998}
{"stage": "gate", "episode": "gate_0_09", "arm": "O", "elapsed": 659.2320142570024}
{"stage": "gate", "episode": "gate_0_09", "arm": "C", "elapsed": 671.4882432520026}
{"stage": "gate", "episode": "gate_0_09", "arm": "N", "elapsed": 681.3252457609997}
{"stage": "gate", "episode": "gate_0_09", "arm": "T", "elapsed": 692.1098659729978}
{"stage": "gate", "episode": "gate_0_09", "arm": "C'", "elapsed": 704.4224449859976}
{"stage": "gate", "episode": "gate_0_10", "arm": "C'", "elapsed": 716.0413617099985}
{"stage": "gate", "episode": "gate_0_10", "arm": "O", "elapsed": 726.7795678019975}
{"stage": "gate", "episode": "gate_0_10", "arm": "T", "elapsed": 737.6842786810012}
{"stage": "gate", "episode": "gate_0_10", "arm": "N", "elapsed": 746.5799880100021}
{"stage": "gate", "episode": "gate_0_10", "arm": "C", "elapsed": 758.1526552579962}
{"stage": "gate", "episode": "gate_0_11", "arm": "C'", "elapsed": 768.1235968359979}
{"stage": "gate", "episode": "gate_0_11", "arm": "O", "elapsed": 777.2072252649959}
{"stage": "gate", "episode": "gate_0_11", "arm": "N", "elapsed": 786.0765096329997}
{"stage": "gate", "episode": "gate_0_11", "arm": "C", "elapsed": 796.0349356309962}
{"stage": "gate", "episode": "gate_0_11", "arm": "T", "elapsed": 805.2541738149957}
{"stage": "gate", "episode": "gate_0_12", "arm": "O", "elapsed": 815.9649822930005}
{"stage": "gate", "episode": "gate_0_12", "arm": "C", "elapsed": 827.538566078998}
{"stage": "gate", "episode": "gate_0_12", "arm": "C'", "elapsed": 839.1149439910005}
{"stage": "gate", "episode": "gate_0_12", "arm": "T", "elapsed": 848.356939528996}
{"stage": "gate", "episode": "gate_0_12", "arm": "N", "elapsed": 858.2139407989962}
{"stage": "gate", "episode": "gate_0_13", "arm": "C'", "elapsed": 869.792388900998}
{"stage": "gate", "episode": "gate_0_13", "arm": "O", "elapsed": 880.5100625659979}
{"stage": "gate", "episode": "gate_0_13", "arm": "N", "elapsed": 890.3615571030023}
{"stage": "gate", "episode": "gate_0_13", "arm": "T", "elapsed": 901.2264915229971}
{"stage": "gate", "episode": "gate_0_13", "arm": "C", "elapsed": 912.8455340090004}
{"stage": "gate", "episode": "gate_0_14", "arm": "N", "elapsed": 921.742882104998}
{"stage": "gate", "episode": "gate_0_14", "arm": "O", "elapsed": 932.4841822399976}
{"stage": "gate", "episode": "gate_0_14", "arm": "C", "elapsed": 944.0846987269979}
{"stage": "gate", "episode": "gate_0_14", "arm": "T", "elapsed": 955.003828050998}
{"stage": "gate", "episode": "gate_0_14", "arm": "C'", "elapsed": 966.614592361002}
{"stage": "gate", "episode": "gate_0_15", "arm": "N", "elapsed": 975.5072272390025}
{"stage": "gate", "episode": "gate_0_15", "arm": "C'", "elapsed": 987.9192114359976}
{"stage": "gate", "episode": "gate_0_15", "arm": "T", "elapsed": 997.227099456999}
{"stage": "gate", "episode": "gate_0_15", "arm": "O", "elapsed": 1006.3993012619976}
{"stage": "gate", "episode": "gate_0_15", "arm": "C", "elapsed": 1018.7572071600007}
{"stage": "gate", "episode": "gate_1_00", "arm": "T", "elapsed": 1029.4148719079967}
{"stage": "gate", "episode": "gate_1_00", "arm": "O", "elapsed": 1040.0672365659993}
{"stage": "gate", "episode": "gate_1_00", "arm": "C'", "elapsed": 1052.3333590699986}
{"stage": "gate", "episode": "gate_1_00", "arm": "N", "elapsed": 1062.172007011999}
{"stage": "gate", "episode": "gate_1_00", "arm": "C", "elapsed": 1074.492129102}
{"stage": "gate", "episode": "gate_1_01", "arm": "N", "elapsed": 1084.345709356996}
{"stage": "gate", "episode": "gate_1_01", "arm": "O", "elapsed": 1095.0220901249995}
{"stage": "gate", "episode": "gate_1_01", "arm": "C'", "elapsed": 1106.530944551996}
{"stage": "gate", "episode": "gate_1_01", "arm": "C", "elapsed": 1118.038713905}
{"stage": "gate", "episode": "gate_1_01", "arm": "T", "elapsed": 1128.6923344640018}
{"stage": "gate", "episode": "gate_1_02", "arm": "T", "elapsed": 1139.3999975319966}
{"stage": "gate", "episode": "gate_1_02", "arm": "O", "elapsed": 1150.0890811989957}
{"stage": "gate", "episode": "gate_1_02", "arm": "N", "elapsed": 1159.9410884050012}
{"stage": "gate", "episode": "gate_1_02", "arm": "C'", "elapsed": 1171.4808085569966}
{"stage": "gate", "episode": "gate_1_02", "arm": "C", "elapsed": 1183.0292792929977}
{"stage": "gate", "episode": "gate_1_03", "arm": "C", "elapsed": 1195.2442240640012}
{"stage": "gate", "episode": "gate_1_03", "arm": "O", "elapsed": 1205.9227350899964}
{"stage": "gate", "episode": "gate_1_03", "arm": "T", "elapsed": 1215.2479192609972}
{"stage": "gate", "episode": "gate_1_03", "arm": "C'", "elapsed": 1227.552565842001}
{"stage": "gate", "episode": "gate_1_03", "arm": "N", "elapsed": 1236.4424878060017}
{"stage": "gate", "episode": "gate_1_04", "arm": "C'", "elapsed": 1249.069576490001}
{"stage": "gate", "episode": "gate_1_04", "arm": "N", "elapsed": 1258.9215673340004}
{"stage": "gate", "episode": "gate_1_04", "arm": "O", "elapsed": 1269.616468045002}
{"stage": "gate", "episode": "gate_1_04", "arm": "C", "elapsed": 1282.091816506996}
{"stage": "gate", "episode": "gate_1_04", "arm": "T", "elapsed": 1292.844336877999}
{"stage": "gate", "episode": "gate_1_05", "arm": "C'", "elapsed": 1305.1143600400028}
{"stage": "gate", "episode": "gate_1_05", "arm": "N", "elapsed": 1314.9661483879972}
{"stage": "gate", "episode": "gate_1_05", "arm": "T", "elapsed": 1325.6106582779976}
{"stage": "gate", "episode": "gate_1_05", "arm": "O", "elapsed": 1336.2826123049963}
{"stage": "gate", "episode": "gate_1_05", "arm": "C", "elapsed": 1348.499457523998}
{"stage": "gate", "episode": "gate_1_06", "arm": "T", "elapsed": 1359.205598816996}
{"stage": "gate", "episode": "gate_1_06", "arm": "C'", "elapsed": 1370.7288454949958}
{"stage": "gate", "episode": "gate_1_06", "arm": "N", "elapsed": 1380.5707405959984}
{"stage": "gate", "episode": "gate_1_06", "arm": "C", "elapsed": 1392.1773404920023}
{"stage": "gate", "episode": "gate_1_06", "arm": "O", "elapsed": 1402.8836283639976}
{"stage": "gate", "episode": "gate_1_07", "arm": "C'", "elapsed": 1413.0200827169974}
{"stage": "gate", "episode": "gate_1_07", "arm": "O", "elapsed": 1422.3061451190006}
{"stage": "gate", "episode": "gate_1_07", "arm": "T", "elapsed": 1431.600811204}
{"stage": "gate", "episode": "gate_1_07", "arm": "C", "elapsed": 1442.0823822149978}
{"stage": "gate", "episode": "gate_1_07", "arm": "N", "elapsed": 1451.4579061510012}
{"stage": "gate", "episode": "gate_1_08", "arm": "C'", "elapsed": 1464.2151698730013}
{"stage": "gate", "episode": "gate_1_08", "arm": "C", "elapsed": 1477.0236490829993}
{"stage": "gate", "episode": "gate_1_08", "arm": "T", "elapsed": 1488.5568890180002}
{"stage": "gate", "episode": "gate_1_08", "arm": "O", "elapsed": 1500.1336108460018}
{"stage": "gate", "episode": "gate_1_08", "arm": "N", "elapsed": 1510.8338692780017}
{"stage": "gate", "episode": "gate_1_09", "arm": "C", "elapsed": 1523.7456975960013}
{"stage": "gate", "episode": "gate_1_09", "arm": "T", "elapsed": 1535.3790928430026}
{"stage": "gate", "episode": "gate_1_09", "arm": "N", "elapsed": 1548.590410609002}
{"stage": "gate", "episode": "gate_1_09", "arm": "C'", "elapsed": 1561.7440430589995}
{"stage": "gate", "episode": "gate_1_09", "arm": "O", "elapsed": 1573.323063345997}
{"stage": "gate", "episode": "gate_1_10", "arm": "O", "elapsed": 1584.934001622998}
{"stage": "gate", "episode": "gate_1_10", "arm": "C", "elapsed": 1597.888957887997}
{"stage": "gate", "episode": "gate_1_10", "arm": "N", "elapsed": 1608.5788323800007}
{"stage": "gate", "episode": "gate_1_10", "arm": "T", "elapsed": 1620.160773302996}
{"stage": "gate", "episode": "gate_1_10", "arm": "C'", "elapsed": 1633.117218407002}
{"stage": "gate", "episode": "gate_1_11", "arm": "N", "elapsed": 1642.6989878340028}
{"stage": "gate", "episode": "gate_1_11", "arm": "O", "elapsed": 1652.8560136939996}
{"stage": "gate", "episode": "gate_1_11", "arm": "C", "elapsed": 1664.572119010998}
{"stage": "gate", "episode": "gate_1_11", "arm": "T", "elapsed": 1676.1635107129987}
{"stage": "gate", "episode": "gate_1_11", "arm": "C'", "elapsed": 1687.9271067959999}
{"stage": "gate", "episode": "gate_1_12", "arm": "N", "elapsed": 1698.6041834139978}
{"stage": "gate", "episode": "gate_1_12", "arm": "C", "elapsed": 1712.3907717679976}
{"stage": "gate", "episode": "gate_1_12", "arm": "O", "elapsed": 1723.9642531889986}
{"stage": "gate", "episode": "gate_1_12", "arm": "T", "elapsed": 1735.5690691499985}
{"stage": "gate", "episode": "gate_1_12", "arm": "C'", "elapsed": 1749.313510754997}
{"stage": "gate", "episode": "gate_1_13", "arm": "T", "elapsed": 1760.4743062810012}
{"stage": "gate", "episode": "gate_1_13", "arm": "C'", "elapsed": 1773.2964015089965}
{"stage": "gate", "episode": "gate_1_13", "arm": "N", "elapsed": 1783.9931058410002}
{"stage": "gate", "episode": "gate_1_13", "arm": "O", "elapsed": 1795.5519847839969}
{"stage": "gate", "episode": "gate_1_13", "arm": "C", "elapsed": 1808.4350949069994}
{"stage": "gate", "episode": "gate_1_14", "arm": "T", "elapsed": 1819.9964468140024}
{"stage": "gate", "episode": "gate_1_14", "arm": "N", "elapsed": 1830.6988955959969}
{"stage": "gate", "episode": "gate_1_14", "arm": "O", "elapsed": 1842.196157888}
{"stage": "gate", "episode": "gate_1_14", "arm": "C", "elapsed": 1855.3070311249976}
{"stage": "gate", "episode": "gate_1_14", "arm": "C'", "elapsed": 1868.2262753059986}
{"stage": "gate", "episode": "gate_1_15", "arm": "N", "elapsed": 1877.276614178998}
{"stage": "gate", "episode": "gate_1_15", "arm": "C", "elapsed": 1889.0362053729987}
{"stage": "gate", "episode": "gate_1_15", "arm": "C'", "elapsed": 1900.7983901109983}
{"stage": "gate", "episode": "gate_1_15", "arm": "O", "elapsed": 1911.2599729020003}
{"stage": "gate", "episode": "gate_1_15", "arm": "T", "elapsed": 1921.342364062999}
{"stage": "gate", "episode": "gate_2_00", "arm": "O", "elapsed": 1931.177644039999}
{"stage": "gate", "episode": "gate_2_00", "arm": "C'", "elapsed": 1942.1856541219968}
{"stage": "gate", "episode": "gate_2_00", "arm": "N", "elapsed": 1951.1673001579984}
{"stage": "gate", "episode": "gate_2_00", "arm": "C", "elapsed": 1962.1925207120003}
{"stage": "gate", "episode": "gate_2_00", "arm": "T", "elapsed": 1972.0091992509988}
{"stage": "gate", "episode": "gate_2_01", "arm": "C'", "elapsed": 1984.2610758709998}
{"stage": "gate", "episode": "gate_2_01", "arm": "T", "elapsed": 1995.751986850999}
{"stage": "gate", "episode": "gate_2_01", "arm": "N", "elapsed": 2006.4495079280023}
{"stage": "gate", "episode": "gate_2_01", "arm": "O", "elapsed": 2017.946789720998}
{"stage": "gate", "episode": "gate_2_01", "arm": "C", "elapsed": 2030.1684966469984}
{"stage": "gate", "episode": "gate_2_02", "arm": "C'", "elapsed": 2043.0120964460002}
{"stage": "gate", "episode": "gate_2_02", "arm": "T", "elapsed": 2054.5760987169997}
{"stage": "gate", "episode": "gate_2_02", "arm": "C", "elapsed": 2067.455689347}
{"stage": "gate", "episode": "gate_2_02", "arm": "O", "elapsed": 2079.0175746329987}
{"stage": "gate", "episode": "gate_2_02", "arm": "N", "elapsed": 2089.700971368002}
{"stage": "gate", "episode": "gate_2_03", "arm": "N", "elapsed": 2100.3879200059964}
{"stage": "gate", "episode": "gate_2_03", "arm": "C", "elapsed": 2113.097798634997}
{"stage": "gate", "episode": "gate_2_03", "arm": "C'", "elapsed": 2126.0461640150024}
{"stage": "gate", "episode": "gate_2_03", "arm": "O", "elapsed": 2137.529877895002}
{"stage": "gate", "episode": "gate_2_03", "arm": "T", "elapsed": 2149.032732034}
{"stage": "gate", "episode": "gate_2_04", "arm": "T", "elapsed": 2158.822169371997}
{"stage": "gate", "episode": "gate_2_04", "arm": "N", "elapsed": 2167.8398392559975}
{"stage": "gate", "episode": "gate_2_04", "arm": "C", "elapsed": 2178.9288239969974}
{"stage": "gate", "episode": "gate_2_04", "arm": "O", "elapsed": 2188.7580969949995}
{"stage": "gate", "episode": "gate_2_04", "arm": "C'", "elapsed": 2199.762095983002}
{"stage": "gate", "episode": "gate_2_05", "arm": "N", "elapsed": 2210.0931796380028}
{"stage": "gate", "episode": "gate_2_05", "arm": "O", "elapsed": 2221.3180659989957}
{"stage": "gate", "episode": "gate_2_05", "arm": "T", "elapsed": 2232.6237329989963}
{"stage": "gate", "episode": "gate_2_05", "arm": "C", "elapsed": 2245.4225108809987}
{"stage": "gate", "episode": "gate_2_05", "arm": "C'", "elapsed": 2258.214173417997}
{"stage": "gate", "episode": "gate_2_06", "arm": "N", "elapsed": 2268.937087116996}
{"stage": "gate", "episode": "gate_2_06", "arm": "C'", "elapsed": 2281.8064790349963}
{"stage": "gate", "episode": "gate_2_06", "arm": "C", "elapsed": 2294.595039118998}
{"stage": "gate", "episode": "gate_2_06", "arm": "O", "elapsed": 2306.124960412999}
{"stage": "gate", "episode": "gate_2_06", "arm": "T", "elapsed": 2317.665936835001}
{"stage": "gate", "episode": "gate_2_07", "arm": "T", "elapsed": 2329.1892085209984}
{"stage": "gate", "episode": "gate_2_07", "arm": "O", "elapsed": 2340.2928828649965}
{"stage": "gate", "episode": "gate_2_07", "arm": "C", "elapsed": 2353.9322687500025}
{"stage": "gate", "episode": "gate_2_07", "arm": "N", "elapsed": 2364.5707531689986}
{"stage": "gate", "episode": "gate_2_07", "arm": "C'", "elapsed": 2378.2716453199973}
{"stage": "gate", "episode": "gate_2_08", "arm": "T", "elapsed": 2388.060643304998}
{"stage": "gate", "episode": "gate_2_08", "arm": "C'", "elapsed": 2399.980089263998}
{"stage": "gate", "episode": "gate_2_08", "arm": "N", "elapsed": 2409.002555426996}
{"stage": "gate", "episode": "gate_2_08", "arm": "C", "elapsed": 2420.8988958670016}
{"stage": "gate", "episode": "gate_2_08", "arm": "O", "elapsed": 2430.7524917990013}
{"stage": "gate", "episode": "gate_2_09", "arm": "O", "elapsed": 2442.2628054960005}
{"stage": "gate", "episode": "gate_2_09", "arm": "T", "elapsed": 2453.746437547001}
{"stage": "gate", "episode": "gate_2_09", "arm": "C'", "elapsed": 2467.538067593996}
{"stage": "gate", "episode": "gate_2_09", "arm": "N", "elapsed": 2478.1750710220003}
{"stage": "gate", "episode": "gate_2_09", "arm": "C", "elapsed": 2492.0189865229986}
{"stage": "gate", "episode": "gate_2_10", "arm": "N", "elapsed": 2502.689795758997}
{"stage": "gate", "episode": "gate_2_10", "arm": "O", "elapsed": 2514.269476893998}
{"stage": "gate", "episode": "gate_2_10", "arm": "T", "elapsed": 2525.885534594003}
{"stage": "gate", "episode": "gate_2_10", "arm": "C", "elapsed": 2538.8031673980004}
{"stage": "gate", "episode": "gate_2_10", "arm": "C'", "elapsed": 2551.606246147996}
{"stage": "gate", "episode": "gate_2_11", "arm": "O", "elapsed": 2562.866009958001}
{"stage": "gate", "episode": "gate_2_11", "arm": "T", "elapsed": 2574.409473227999}
{"stage": "gate", "episode": "gate_2_11", "arm": "C'", "elapsed": 2587.257098643997}
{"stage": "gate", "episode": "gate_2_11", "arm": "C", "elapsed": 2599.9647296449984}
{"stage": "gate", "episode": "gate_2_11", "arm": "N", "elapsed": 2610.6430543390015}
{"stage": "gate", "episode": "gate_2_12", "arm": "T", "elapsed": 2620.454104735996}
{"stage": "gate", "episode": "gate_2_12", "arm": "C", "elapsed": 2631.4659337740013}
{"stage": "gate", "episode": "gate_2_12", "arm": "N", "elapsed": 2640.5214445590027}
{"stage": "gate", "episode": "gate_2_12", "arm": "C'", "elapsed": 2651.649143554001}
{"stage": "gate", "episode": "gate_2_12", "arm": "O", "elapsed": 2661.0983462099975}
{"stage": "gate", "episode": "gate_2_13", "arm": "O", "elapsed": 2672.6328315939973}
{"stage": "gate", "episode": "gate_2_13", "arm": "C'", "elapsed": 2685.4884439969974}
{"stage": "gate", "episode": "gate_2_13", "arm": "N", "elapsed": 2696.190112227996}
{"stage": "gate", "episode": "gate_2_13", "arm": "C", "elapsed": 2709.0328965980007}
{"stage": "gate", "episode": "gate_2_13", "arm": "T", "elapsed": 2720.604989731997}
{"stage": "gate", "episode": "gate_2_14", "arm": "N", "elapsed": 2731.562674642999}
{"stage": "gate", "episode": "gate_2_14", "arm": "C", "elapsed": 2745.2384813850003}
{"stage": "gate", "episode": "gate_2_14", "arm": "C'", "elapsed": 2758.998269552001}
{"stage": "gate", "episode": "gate_2_14", "arm": "T", "elapsed": 2770.593087850997}
{"stage": "gate", "episode": "gate_2_14", "arm": "O", "elapsed": 2782.1736494259967}
{"stage": "gate", "episode": "gate_2_15", "arm": "N", "elapsed": 2792.8583027290006}
{"stage": "gate", "episode": "gate_2_15", "arm": "C", "elapsed": 2806.613573445}
{"stage": "gate", "episode": "gate_2_15", "arm": "C'", "elapsed": 2820.379965633001}
{"stage": "gate", "episode": "gate_2_15", "arm": "O", "elapsed": 2831.965610352003}
{"stage": "gate", "episode": "gate_2_15", "arm": "T", "elapsed": 2843.155430318002}
{"stage": "gate", "episode": "gate_3_00", "arm": "O", "elapsed": 2854.6460713859997}
{"stage": "gate", "episode": "gate_3_00", "arm": "N", "elapsed": 2863.7437041899975}
{"stage": "gate", "episode": "gate_3_00", "arm": "C", "elapsed": 2876.611397651999}
{"stage": "gate", "episode": "gate_3_00", "arm": "T", "elapsed": 2888.293007968001}
{"stage": "gate", "episode": "gate_3_00", "arm": "C'", "elapsed": 2901.2091237450004}
{"stage": "gate", "episode": "gate_3_01", "arm": "N", "elapsed": 2910.2575539519967}
{"stage": "gate", "episode": "gate_3_01", "arm": "C'", "elapsed": 2923.2024720080008}
{"stage": "gate", "episode": "gate_3_01", "arm": "T", "elapsed": 2934.8265442159973}
{"stage": "gate", "episode": "gate_3_01", "arm": "C", "elapsed": 2947.7032138119976}
{"stage": "gate", "episode": "gate_3_01", "arm": "O", "elapsed": 2959.2327651199957}
{"stage": "gate", "episode": "gate_3_02", "arm": "C'", "elapsed": 2972.106951932001}
{"stage": "gate", "episode": "gate_3_02", "arm": "O", "elapsed": 2983.682449672}
{"stage": "gate", "episode": "gate_3_02", "arm": "T", "elapsed": 2995.4371571879965}
{"stage": "gate", "episode": "gate_3_02", "arm": "C", "elapsed": 3008.3461000149982}
{"stage": "gate", "episode": "gate_3_02", "arm": "N", "elapsed": 3017.397752416}
{"stage": "gate", "episode": "gate_3_03", "arm": "T", "elapsed": 3027.353036168999}
{"stage": "gate", "episode": "gate_3_03", "arm": "C", "elapsed": 3041.149552404997}
{"stage": "gate", "episode": "gate_3_03", "arm": "N", "elapsed": 3050.2787061769995}
{"stage": "gate", "episode": "gate_3_03", "arm": "O", "elapsed": 3060.1098211089993}
{"stage": "gate", "episode": "gate_3_03", "arm": "C'", "elapsed": 3073.960464213}
{"stage": "gate", "episode": "gate_3_04", "arm": "C", "elapsed": 3086.884336172996}
{"stage": "gate", "episode": "gate_3_04", "arm": "O", "elapsed": 3098.429283229001}
{"stage": "gate", "episode": "gate_3_04", "arm": "N", "elapsed": 3109.099748886998}
{"stage": "gate", "episode": "gate_3_04", "arm": "C'", "elapsed": 3121.9497028449987}
{"stage": "gate", "episode": "gate_3_04", "arm": "T", "elapsed": 3133.3220942359985}
{"stage": "gate", "episode": "gate_3_05", "arm": "C'", "elapsed": 3145.316835728001}
{"stage": "gate", "episode": "gate_3_05", "arm": "N", "elapsed": 3154.8084891559993}
{"stage": "gate", "episode": "gate_3_05", "arm": "C", "elapsed": 3166.8232877990013}
{"stage": "gate", "episode": "gate_3_05", "arm": "O", "elapsed": 3177.1246587299975}
{"stage": "gate", "episode": "gate_3_05", "arm": "T", "elapsed": 3187.607530232999}
{"stage": "gate", "episode": "gate_3_06", "arm": "T", "elapsed": 3197.8207909420016}
{"stage": "gate", "episode": "gate_3_06", "arm": "C'", "elapsed": 3210.710354103001}
{"stage": "gate", "episode": "gate_3_06", "arm": "C", "elapsed": 3221.7936054890015}
{"stage": "gate", "episode": "gate_3_06", "arm": "O", "elapsed": 3231.5840984140013}
{"stage": "gate", "episode": "gate_3_06", "arm": "N", "elapsed": 3240.371029335998}
{"stage": "gate", "episode": "gate_3_07", "arm": "O", "elapsed": 3249.463178043996}
{"stage": "gate", "episode": "gate_3_07", "arm": "T", "elapsed": 3258.750217312998}
{"stage": "gate", "episode": "gate_3_07", "arm": "C", "elapsed": 3268.703137071003}
{"stage": "gate", "episode": "gate_3_07", "arm": "N", "elapsed": 3277.1063752650007}
{"stage": "gate", "episode": "gate_3_07", "arm": "C'", "elapsed": 3287.003450946002}
{"stage": "gate", "episode": "gate_3_08", "arm": "O", "elapsed": 3297.705030072}
{"stage": "gate", "episode": "gate_3_08", "arm": "T", "elapsed": 3308.557812316998}
{"stage": "gate", "episode": "gate_3_08", "arm": "C", "elapsed": 3320.1006454399976}
{"stage": "gate", "episode": "gate_3_08", "arm": "C'", "elapsed": 3331.6471603839964}
{"stage": "gate", "episode": "gate_3_08", "arm": "N", "elapsed": 3340.0486278440003}
{"stage": "gate", "episode": "gate_3_09", "arm": "O", "elapsed": 3350.766944905001}
{"stage": "gate", "episode": "gate_3_09", "arm": "N", "elapsed": 3359.1167296299973}
{"stage": "gate", "episode": "gate_3_09", "arm": "T", "elapsed": 3368.878082215997}
{"stage": "gate", "episode": "gate_3_09", "arm": "C'", "elapsed": 3380.479437504997}
{"stage": "gate", "episode": "gate_3_09", "arm": "C", "elapsed": 3392.062898457996}
{"stage": "gate", "episode": "gate_3_10", "arm": "O", "elapsed": 3402.832788963002}
{"stage": "gate", "episode": "gate_3_10", "arm": "T", "elapsed": 3413.7575629010025}
{"stage": "gate", "episode": "gate_3_10", "arm": "N", "elapsed": 3422.1302389549965}
{"stage": "gate", "episode": "gate_3_10", "arm": "C'", "elapsed": 3433.764204952997}
{"stage": "gate", "episode": "gate_3_10", "arm": "C", "elapsed": 3445.3442986730006}
{"stage": "gate", "episode": "gate_3_11", "arm": "N", "elapsed": 3453.764384246999}
{"stage": "gate", "episode": "gate_3_11", "arm": "T", "elapsed": 3463.0347746889965}
{"stage": "gate", "episode": "gate_3_11", "arm": "C", "elapsed": 3475.4578886550007}
{"stage": "gate", "episode": "gate_3_11", "arm": "O", "elapsed": 3484.609029072002}
{"stage": "gate", "episode": "gate_3_11", "arm": "C'", "elapsed": 3497.0320397999967}
{"stage": "gate", "episode": "gate_3_12", "arm": "T", "elapsed": 3507.953725491003}
{"stage": "gate", "episode": "gate_3_12", "arm": "C'", "elapsed": 3519.5704837340018}
{"stage": "gate", "episode": "gate_3_12", "arm": "N", "elapsed": 3529.446048468999}
{"stage": "gate", "episode": "gate_3_12", "arm": "O", "elapsed": 3540.200949471}
{"stage": "gate", "episode": "gate_3_12", "arm": "C", "elapsed": 3551.8019692989983}
{"stage": "gate", "episode": "gate_3_13", "arm": "O", "elapsed": 3561.4416468830022}
{"stage": "gate", "episode": "gate_3_13", "arm": "N", "elapsed": 3570.293800435}
{"stage": "gate", "episode": "gate_3_13", "arm": "C", "elapsed": 3580.365264016}
{"stage": "gate", "episode": "gate_3_13", "arm": "C'", "elapsed": 3590.439544752997}
{"stage": "gate", "episode": "gate_3_13", "arm": "T", "elapsed": 3600.200192721997}
{"stage": "gate", "episode": "gate_3_14", "arm": "T", "elapsed": 3611.1095987439985}
{"stage": "gate", "episode": "gate_3_14", "arm": "O", "elapsed": 3620.2542642650005}
{"stage": "gate", "episode": "gate_3_14", "arm": "C", "elapsed": 3630.2347481510005}
{"stage": "gate", "episode": "gate_3_14", "arm": "N", "elapsed": 3638.603003322998}
{"stage": "gate", "episode": "gate_3_14", "arm": "C'", "elapsed": 3648.5903027379973}
{"stage": "gate", "episode": "gate_3_15", "arm": "C'", "elapsed": 3658.503351751002}
{"stage": "gate", "episode": "gate_3_15", "arm": "O", "elapsed": 3667.6291375479996}
{"stage": "gate", "episode": "gate_3_15", "arm": "C", "elapsed": 3677.565049511999}
{"stage": "gate", "episode": "gate_3_15", "arm": "N", "elapsed": 3685.981495870001}
{"stage": "gate", "episode": "gate_3_15", "arm": "T", "elapsed": 3695.210600610997}
{"stage": "false admission probes", "episode": "gate_0_00", "elapsed": 3695.241414252996}
{"stage": "false admission probes", "episode": "gate_0_01", "elapsed": 3713.4649531309988}
{"stage": "false admission probes", "episode": "gate_0_02", "elapsed": 3713.4653271159987}
{"stage": "false admission probes", "episode": "gate_0_03", "elapsed": 3713.465456892998}
{"stage": "false admission probes", "episode": "gate_0_04", "elapsed": 3731.699690936999}
{"stage": "false admission probes", "episode": "gate_0_05", "elapsed": 3731.699968522}
{"stage": "false admission probes", "episode": "gate_0_06", "elapsed": 3731.700093817999}
{"stage": "false admission probes", "episode": "gate_0_07", "elapsed": 3749.952518444996}
{"stage": "false admission probes", "episode": "gate_0_08", "elapsed": 3768.2239387570007}
{"stage": "false admission probes", "episode": "gate_0_09", "elapsed": 3786.450326749}
{"stage": "false admission probes", "episode": "gate_0_10", "elapsed": 3786.450823375002}
{"stage": "false admission probes", "episode": "gate_0_11", "elapsed": 3786.4509554239994}
{"stage": "false admission probes", "episode": "gate_0_12", "elapsed": 3786.451066927999}
{"stage": "false admission probes", "episode": "gate_0_13", "elapsed": 3786.4511755849962}
{"stage": "false admission probes", "episode": "gate_0_14", "elapsed": 3786.4512819369993}
{"stage": "false admission probes", "episode": "gate_0_15", "elapsed": 3804.7612796879985}
{"stage": "false admission probes", "episode": "gate_1_00", "elapsed": 3822.969543858999}
{"stage": "false admission probes", "episode": "gate_1_01", "elapsed": 3822.969826579996}
{"stage": "false admission probes", "episode": "gate_1_02", "elapsed": 3822.9699471569984}
{"stage": "false admission probes", "episode": "gate_1_03", "elapsed": 3841.191387738996}
{"stage": "false admission probes", "episode": "gate_1_04", "elapsed": 3875.105410393}
{"stage": "false admission probes", "episode": "gate_1_05", "elapsed": 3893.7565299209964}
{"stage": "false admission probes", "episode": "gate_1_06", "elapsed": 3893.756898706997}
{"stage": "false admission probes", "episode": "gate_1_07", "elapsed": 3893.7570280349973}
{"stage": "false admission probes", "episode": "gate_1_08", "elapsed": 3893.7571432510013}
{"stage": "false admission probes", "episode": "gate_1_09", "elapsed": 3893.757257539997}
{"stage": "false admission probes", "episode": "gate_1_10", "elapsed": 3893.7573688839984}
{"stage": "false admission probes", "episode": "gate_1_11", "elapsed": 3893.7574787729973}
{"stage": "false admission probes", "episode": "gate_1_12", "elapsed": 3912.079911754001}
{"stage": "false admission probes", "episode": "gate_1_13", "elapsed": 3912.0803331479983}
{"stage": "false admission probes", "episode": "gate_1_14", "elapsed": 3912.080457580996}
{"stage": "false admission probes", "episode": "gate_1_15", "elapsed": 3912.0805728449996}
{"stage": "false admission probes", "episode": "gate_2_00", "elapsed": 3912.0807035499965}
{"stage": "false admission probes", "episode": "gate_2_01", "elapsed": 3933.9142447299964}
{"stage": "false admission probes", "episode": "gate_2_02", "elapsed": 3933.914554891002}
{"stage": "false admission probes", "episode": "gate_2_03", "elapsed": 3933.914701052003}
{"stage": "false admission probes", "episode": "gate_2_04", "elapsed": 3933.914818363999}
{"stage": "false admission probes", "episode": "gate_2_05", "elapsed": 3933.9149296609976}
{"stage": "false admission probes", "episode": "gate_2_06", "elapsed": 3933.9150509570027}
{"stage": "false admission probes", "episode": "gate_2_07", "elapsed": 3952.160940294001}
{"stage": "false admission probes", "episode": "gate_2_08", "elapsed": 3970.3876224449996}
{"stage": "false admission probes", "episode": "gate_2_09", "elapsed": 3992.2456172640013}
{"stage": "false admission probes", "episode": "gate_2_10", "elapsed": 3992.2459692170014}
{"stage": "false admission probes", "episode": "gate_2_11", "elapsed": 3992.2460946099964}
{"stage": "false admission probes", "episode": "gate_2_12", "elapsed": 3992.2462106739986}
{"stage": "false admission probes", "episode": "gate_2_13", "elapsed": 3992.2463249779976}
{"stage": "false admission probes", "episode": "gate_2_14", "elapsed": 4010.6147158179956}
{"stage": "false admission probes", "episode": "gate_2_15", "elapsed": 4028.9213775120006}
{"stage": "false admission probes", "episode": "gate_3_00", "elapsed": 4028.9217277220014}
{"stage": "false admission probes", "episode": "gate_3_01", "elapsed": 4028.921872601997}
{"stage": "false admission probes", "episode": "gate_3_02", "elapsed": 4028.9219854990006}
{"stage": "false admission probes", "episode": "gate_3_03", "elapsed": 4047.228172105002}
{"stage": "false admission probes", "episode": "gate_3_04", "elapsed": 4047.228615002001}
{"stage": "false admission probes", "episode": "gate_3_05", "elapsed": 4073.438962442}
{"stage": "false admission probes", "episode": "gate_3_06", "elapsed": 4073.439269579001}
{"stage": "false admission probes", "episode": "gate_3_07", "elapsed": 4073.439400794996}
{"stage": "false admission probes", "episode": "gate_3_08", "elapsed": 4073.4395184759996}
{"stage": "false admission probes", "episode": "gate_3_09", "elapsed": 4073.439647371997}
{"stage": "false admission probes", "episode": "gate_3_10", "elapsed": 4073.4397625089987}
{"stage": "false admission probes", "episode": "gate_3_11", "elapsed": 4091.828818627997}
{"stage": "false admission probes", "episode": "gate_3_12", "elapsed": 4091.829322997997}
{"stage": "false admission probes", "episode": "gate_3_13", "elapsed": 4099.1140812219965}
{"stage": "false admission probes", "episode": "gate_3_14", "elapsed": 4099.114361638996}
{"stage": "false admission probes", "episode": "gate_3_15", "elapsed": 4099.114497702998}
{"completion": "five arms and all exposed-row probes complete", "gpu_held_seconds": 4099.336233809001, "completed_gate_records": 1920}
