Loading weights:   0%|          | 0/199 [00:00<?, ?it/s]Loading weights: 100%|██████████| 199/199 [00:00<00:00, 10981.88it/s]
{"seed": 0, "epoch": 1, "loss": 0.3592583512813509, "seconds": 28.54102226899704}
{"seed": 0, "epoch": 2, "loss": 0.14612265063616717, "seconds": 56.592508716996235}
{"seed": 0, "epoch": 3, "loss": 0.09819762094137041, "seconds": 84.73763434699504}
Writing model shards:   0%|          | 0/1 [00:00<?, ?it/s]Writing model shards: 100%|██████████| 1/1 [00:00<00:00, 27.59it/s]
{"seed": 0, "dev": {"n": 2093, "correct": 1989, "accuracy": 0.9503105590062112, "confusion": [[737, 22, 26], [12, 694, 13], [17, 14, 558]], "admission_threshold": 0.95, "rule_support": 719, "rule_admitted": 668, "nonrule_support": 1374, "nonrule_admitted": 18}, "seconds": 87.93652034599654}
{"seed": 0, "request_family_dev": {"n": 29, "correct": 27, "accuracy": 0.9310344827586207, "confusion": [[20, 1, 0], [0, 7, 1], [0, 0, 0]], "admission_threshold": 0.95, "rule_support": 8, "rule_admitted": 7, "nonrule_support": 21, "nonrule_admitted": 0}}
Loading weights:   0%|          | 0/199 [00:00<?, ?it/s]Loading weights: 100%|██████████| 199/199 [00:00<00:00, 7019.79it/s]
{"seed": 1, "epoch": 1, "loss": 0.3609577823628033, "seconds": 28.3709259640018}
{"seed": 1, "epoch": 2, "loss": 0.15144546230871334, "seconds": 56.61824452900328}
{"seed": 1, "epoch": 3, "loss": 0.1009748563613355, "seconds": 85.12343296900508}
Writing model shards:   0%|          | 0/1 [00:00<?, ?it/s]Writing model shards: 100%|██████████| 1/1 [00:00<00:00, 25.41it/s]
{"seed": 1, "dev": {"n": 2094, "correct": 1977, "accuracy": 0.9441260744985673, "confusion": [[673, 12, 32], [19, 742, 12], [29, 13, 562]], "admission_threshold": 0.95, "rule_support": 773, "rule_admitted": 719, "nonrule_support": 1321, "nonrule_admitted": 11}, "seconds": 88.45370570600062}
{"seed": 1, "request_family_dev": {"n": 27, "correct": 27, "accuracy": 1.0, "confusion": [[20, 0, 0], [0, 7, 0], [0, 0, 0]], "admission_threshold": 0.95, "rule_support": 7, "rule_admitted": 7, "nonrule_support": 20, "nonrule_admitted": 0}}
Loading weights:   0%|          | 0/199 [00:00<?, ?it/s]Loading weights: 100%|██████████| 199/199 [00:00<00:00, 13770.65it/s]
{"seed": 2, "epoch": 1, "loss": 0.3693999049414065, "seconds": 28.27407793099701}
{"seed": 2, "epoch": 2, "loss": 0.1509010060381155, "seconds": 56.6332204729988}
{"seed": 2, "epoch": 3, "loss": 0.09887044012380848, "seconds": 84.95503664299758}
Writing model shards:   0%|          | 0/1 [00:00<?, ?it/s]Writing model shards: 100%|██████████| 1/1 [00:00<00:00, 25.88it/s]
{"seed": 2, "dev": {"n": 2093, "correct": 1985, "accuracy": 0.9483994266602962, "confusion": [[689, 28, 28], [13, 740, 10], [18, 11, 556]], "admission_threshold": 0.95, "rule_support": 763, "rule_admitted": 722, "nonrule_support": 1330, "nonrule_admitted": 16}, "seconds": 88.0578319769993}
{"seed": 2, "request_family_dev": {"n": 25, "correct": 25, "accuracy": 1.0, "confusion": [[18, 0, 0], [0, 7, 0], [0, 0, 0]], "admission_threshold": 0.95, "rule_support": 7, "rule_admitted": 7, "nonrule_support": 18, "nonrule_admitted": 0}}
