{
  "record_replays": 272,
  "literal_history_checks": 180,
  "discrepancies": [],
  "active": {
    "M": {
      "n": 48,
      "language": 34,
      "semantics": 33,
      "joint": 25,
      "syntax_failures": 3,
      "truncations": 3,
      "presentation_failures": 3,
      "by_stage": {
        "SET": {
          "language": 12,
          "joint": 9
        },
        "HOLD": {
          "language": 11,
          "joint": 8
        },
        "SWITCH": {
          "language": 0,
          "joint": 0
        },
        "BACK": {
          "language": 11,
          "joint": 8
        }
      }
    },
    "T": {
      "n": 48,
      "language": 34,
      "semantics": 37,
      "joint": 28,
      "syntax_failures": 3,
      "truncations": 3,
      "presentation_failures": 6,
      "by_stage": {
        "SET": {
          "language": 12,
          "joint": 10
        },
        "HOLD": {
          "language": 11,
          "joint": 9
        },
        "SWITCH": {
          "language": 0,
          "joint": 0
        },
        "BACK": {
          "language": 11,
          "joint": 9
        }
      }
    },
    "X": {
      "n": 48,
      "language": 10,
      "semantics": 29,
      "joint": 7,
      "syntax_failures": 11,
      "truncations": 7,
      "presentation_failures": 7,
      "by_stage": {
        "SET": {
          "language": 0,
          "joint": 0
        },
        "HOLD": {
          "language": 0,
          "joint": 0
        },
        "SWITCH": {
          "language": 10,
          "joint": 7
        },
        "BACK": {
          "language": 0,
          "joint": 0
        }
      }
    }
  },
  "episodes": [
    {
      "episode": 0,
      "family": "prefix",
      "initial": "python",
      "M": [
        false,
        false,
        false,
        false
      ],
      "T": [
        false,
        false,
        false,
        false
      ],
      "X": [
        false,
        false,
        false,
        false
      ],
      "cold": false
    },
    {
      "episode": 1,
      "family": "rotate",
      "initial": "js",
      "M": [
        true,
        true,
        false,
        true
      ],
      "T": [
        true,
        true,
        false,
        true
      ],
      "X": [
        false,
        false,
        true,
        false
      ],
      "cold": true
    },
    {
      "episode": 2,
      "family": "unique",
      "initial": "python",
      "M": [
        false,
        false,
        false,
        false
      ],
      "T": [
        true,
        true,
        false,
        true
      ],
      "X": [
        false,
        false,
        false,
        false
      ],
      "cold": true
    },
    {
      "episode": 3,
      "family": "gaps",
      "initial": "js",
      "M": [
        true,
        true,
        false,
        true
      ],
      "T": [
        true,
        true,
        false,
        true
      ],
      "X": [
        false,
        false,
        true,
        false
      ],
      "cold": true
    },
    {
      "episode": 4,
      "family": "chunks",
      "initial": "python",
      "M": [
        true,
        true,
        false,
        true
      ],
      "T": [
        true,
        true,
        false,
        true
      ],
      "X": [
        false,
        false,
        true,
        false
      ],
      "cold": true
    },
    {
      "episode": 5,
      "family": "runs",
      "initial": "js",
      "M": [
        true,
        true,
        false,
        true
      ],
      "T": [
        true,
        true,
        false,
        true
      ],
      "X": [
        false,
        false,
        false,
        false
      ],
      "cold": true
    },
    {
      "episode": 6,
      "family": "indices",
      "initial": "python",
      "M": [
        true,
        true,
        false,
        true
      ],
      "T": [
        true,
        true,
        false,
        true
      ],
      "X": [
        false,
        false,
        true,
        false
      ],
      "cold": true
    },
    {
      "episode": 7,
      "family": "windows",
      "initial": "js",
      "M": [
        true,
        true,
        false,
        true
      ],
      "T": [
        true,
        true,
        false,
        true
      ],
      "X": [
        false,
        false,
        true,
        false
      ],
      "cold": true
    },
    {
      "episode": 8,
      "family": "alternate",
      "initial": "python",
      "M": [
        true,
        true,
        false,
        true
      ],
      "T": [
        false,
        false,
        false,
        false
      ],
      "X": [
        false,
        false,
        true,
        false
      ],
      "cold": true
    },
    {
      "episode": 9,
      "family": "flatten",
      "initial": "js",
      "M": [
        false,
        false,
        false,
        false
      ],
      "T": [
        true,
        true,
        false,
        true
      ],
      "X": [
        false,
        false,
        true,
        false
      ],
      "cold": false
    },
    {
      "episode": 10,
      "family": "signruns",
      "initial": "python",
      "M": [
        true,
        true,
        false,
        true
      ],
      "T": [
        true,
        true,
        false,
        true
      ],
      "X": [
        false,
        false,
        false,
        false
      ],
      "cold": true
    },
    {
      "episode": 11,
      "family": "histogram",
      "initial": "js",
      "M": [
        true,
        false,
        false,
        false
      ],
      "T": [
        true,
        false,
        false,
        false
      ],
      "X": [
        false,
        false,
        false,
        false
      ],
      "cold": true
    }
  ],
  "adapter_hashes_verified": 6,
  "prefill_seconds": 19.15976868057251,
  "decode_seconds": 736.2221736221313,
  "artifacts_bytes": 1249157
}
