cold_reverse_c4 60 199 9.737340434534357 None
cold_reverse_c4 63 199 9.737519726371554 None
cold_reverse_c4 61 205 8.398402231242867 None
cold_reverse_c4 62 512 11.787830994092165 None
cold_reverse_c4 56 199 9.373369060856758 None
cold_reverse_c4 59 199 9.374414185668961 None
cold_reverse_c4 57 205 9.449431904038942 None
cold_reverse_c4 58 512 13.218182071554615 None
b1_cold 0 266 25.91254516203858 None
b1_cold 1 282 26.234003466742497 None
b1_cold 2 277 26.2337976476463 None
b1_cold 3 266 25.862256851359636 None
b1_cold 4 198 24.900266491782602 None
b1_cold 5 203 25.917032732781305 None
b1_cold 6 334 25.74361354256511 None
b1_cold 7 198 24.915980880962703 None
b1_warm 0 266 25.880604535810676 None
b1_warm 1 282 26.281110165600168 None
b1_warm 2 277 26.223269084760044 None
b1_warm 3 266 25.884683630484133 None
b1_warm 4 198 24.95672245892074 None
b1_warm 5 203 25.869672475348064 None
b1_warm 6 334 25.670570797742663 None
b1_warm 7 198 24.971519161639943 None
b4_mixed 0 266 11.642180597684712 None
b4_mixed 3 266 11.64162184066741 None
b4_mixed 2 277 11.793899686728096 None
b4_mixed 1 282 11.902071859024474 None
b4_mixed 4 198 11.322965284055263 None
b4_mixed 7 198 11.323646938439461 None
b4_mixed 5 203 11.406396302887353 None
b4_mixed 6 334 14.586851001823467 None
pilot 30 175 8.417128513919229 None
pilot 30 512 7.2246036724699705 None
wave 30 R 30 ['slab-dev-06', 'slab-dev-07']
pilot 31 175 10.421306987556164 None
wave 31 R 31 ['slab-dev-07']
pilot 32 162 11.801153022970237 None
pilot 32 185 11.737969708345267 None
pilot 32 211 12.262269347026058 None
pilot 32 220 12.365016519404211 None
wave 32 N 0 ['slab-dev-00', 'slab-dev-01', 'slab-dev-06', 'slab-dev-07']
pilot 33 106 11.275226974588373 None
pilot 33 162 11.460721403840644 None
pilot 33 343 14.143511884889813 None
pilot 33 381 14.768509737059256 None
wave 33 N 1 ['slab-dev-00', 'slab-dev-01', 'slab-dev-06', 'slab-dev-07']
pilot 34 106 11.537084856159293 None
pilot 34 162 11.335877644447967 None
pilot 34 489 14.596752105856677 None
pilot 34 512 15.001975687830647 None
wave 34 N 2 ['slab-dev-00', 'slab-dev-01', 'slab-dev-06', 'slab-dev-07']
pilot 35 106 11.192773105188575 None
pilot 35 162 10.81755267718459 None
pilot 35 196 11.75156606744837 None
pilot 35 512 16.947638580683442 None
wave 35 N 3 ['slab-dev-00', 'slab-dev-01', 'slab-dev-06', 'slab-dev-07']
pilot 36 106 11.022730553102711 None
pilot 36 162 10.903303571977172 None
pilot 36 342 13.10663987181899 None
pilot 36 512 15.201479199000076 None
wave 36 N 4 ['slab-dev-00', 'slab-dev-01', 'slab-dev-06', 'slab-dev-07']
pilot 37 106 10.579797900320179 None
pilot 37 162 10.737714640898734 None
pilot 37 488 13.688540275096223 None
pilot 37 512 14.03540524298599 None
wave 37 N 5 ['slab-dev-00', 'slab-dev-01', 'slab-dev-06', 'slab-dev-07']
pilot 38 106 10.317250655719377 None
pilot 38 162 10.489023985906838 None
pilot 38 512 13.46429348583342 None
pilot 38 512 13.569611870087483 None
wave 38 N 6 ['slab-dev-00', 'slab-dev-01', 'slab-dev-06', 'slab-dev-07']
pilot 39 106 10.551696821966683 None
pilot 39 162 10.39352963076497 None
pilot 39 512 13.200624445385222 None
pilot 39 512 13.331541433283025 None
wave 39 N 7 ['slab-dev-00', 'slab-dev-01', 'slab-dev-06', 'slab-dev-07']
pilot 40 106 10.101342482307922 None
pilot 40 162 10.078541631726152 None
pilot 40 512 13.103497405887166 None
pilot 40 512 13.103663698856515 None
wave 40 N 8 ['slab-dev-00', 'slab-dev-01', 'slab-dev-06', 'slab-dev-07']
pilot 41 106 10.196066028532028 None
pilot 41 162 10.106401100995337 None
pilot 41 512 12.743934988374349 None
pilot 41 512 12.871816815360138 None
wave 41 N 9 ['slab-dev-00', 'slab-dev-01', 'slab-dev-06', 'slab-dev-07']
pilot 42 107 9.992025523742747 None
pilot 42 163 9.914057353754153 None
pilot 42 512 12.470254345714686 None
pilot 42 512 12.600557506384737 None
wave 42 N 10 ['slab-dev-00', 'slab-dev-01', 'slab-dev-06', 'slab-dev-07']
pilot 43 107 9.811910452977795 None
pilot 43 163 9.726549307586897 None
pilot 43 512 12.203517659450297 None
pilot 43 512 12.332165723028934 None
wave 43 N 11 ['slab-dev-00', 'slab-dev-01', 'slab-dev-06', 'slab-dev-07']
pilot 44 107 9.705491127501514 None
pilot 44 163 9.623138161948077 None
pilot 44 512 12.006281684979287 None
pilot 44 512 12.132453168373559 None
wave 44 N 12 ['slab-dev-00', 'slab-dev-01', 'slab-dev-06', 'slab-dev-07']
pilot 45 107 9.570997463337067 None
pilot 45 163 9.456380619460116 None
pilot 45 512 11.782392044905032 None
pilot 45 512 11.916090143899877 None
wave 45 N 13 ['slab-dev-00', 'slab-dev-01', 'slab-dev-06', 'slab-dev-07']
pilot 46 107 9.097475388826908 None
pilot 46 163 9.354744114107431 None
pilot 46 512 11.727600755007433 None
pilot 46 512 11.727878772362361 None
wave 46 N 14 ['slab-dev-00', 'slab-dev-01', 'slab-dev-06', 'slab-dev-07']
pilot 47 107 9.387792779261568 None
pilot 47 163 9.310820623896676 None
pilot 47 512 11.46501844695145 None
pilot 47 512 11.585656167981444 None
wave 47 N 15 ['slab-dev-00', 'slab-dev-01', 'slab-dev-06', 'slab-dev-07']
pilot 48 163 12.974328038285167 None
pilot 48 512 15.027410904724794 None
wave 48 N 16 ['slab-dev-06', 'slab-dev-07']
pilot 49 163 12.963190035733087 None
pilot 49 512 14.8310837020469 None
wave 49 N 17 ['slab-dev-06', 'slab-dev-07']
pilot 50 163 12.662537798816329 None
pilot 50 512 14.413638934465302 None
wave 50 N 18 ['slab-dev-06', 'slab-dev-07']
pilot 51 163 12.362540651034081 None
pilot 51 512 14.066648206985446 None
wave 51 N 19 ['slab-dev-06', 'slab-dev-07']
pilot 52 163 12.156702445637436 None
pilot 52 512 13.801341837373618 None
wave 52 N 20 ['slab-dev-06', 'slab-dev-07']
pilot 53 163 11.82505079197081 None
pilot 53 512 13.578157706509534 None
wave 53 N 21 ['slab-dev-06', 'slab-dev-07']
pilot 54 163 11.654247780935878 None
pilot 54 512 13.325872256215515 None
wave 54 N 22 ['slab-dev-06', 'slab-dev-07']
pilot 55 163 11.683077322380766 None
pilot 55 512 13.049300754610673 None
wave 55 N 23 ['slab-dev-06', 'slab-dev-07']
pilot 56 163 11.281229944020941 None
pilot 56 512 12.8655990334474 None
wave 56 N 24 ['slab-dev-06', 'slab-dev-07']
pilot 57 163 11.108942695780929 None
pilot 57 512 12.599886830476414 None
wave 57 N 25 ['slab-dev-06', 'slab-dev-07']
pilot 58 163 11.115148569904068 None
pilot 58 512 12.407475083339781 None
wave 58 N 26 ['slab-dev-06', 'slab-dev-07']
pilot 59 163 10.784777315582792 None
pilot 59 512 12.205675109524655 None
wave 59 N 27 ['slab-dev-06', 'slab-dev-07']
pilot 60 163 10.608798613453645 None
pilot 60 512 11.993521679221294 None
wave 60 N 28 ['slab-dev-06', 'slab-dev-07']
pilot 61 163 10.494766388659505 None
pilot 61 512 11.812086105788326 None
wave 61 N 29 ['slab-dev-06', 'slab-dev-07']
pilot 62 163 10.535085340320343 None
pilot 62 512 11.525270641537814 None
wave 62 N 30 ['slab-dev-06', 'slab-dev-07']
pilot 63 163 10.18903012023891 None
pilot 63 512 11.447347303484822 None
wave 63 N 31 ['slab-dev-06', 'slab-dev-07']
pilot 64 161 11.836308113059019 None
pilot 64 162 11.833808808326756 None
pilot 64 183 12.15109292440706 None
pilot 64 197 12.618008823443168 None
wave 64 T 0 ['slab-dev-00', 'slab-dev-01', 'slab-dev-06', 'slab-dev-07']
pilot 65 161 11.513008974544666 None
pilot 65 183 11.468684460653165 None
pilot 65 197 11.513930062545045 None
pilot 65 283 14.03051274076039 None
wave 65 T 1 ['slab-dev-00', 'slab-dev-01', 'slab-dev-06', 'slab-dev-07']
pilot 66 161 11.391463385090736 None
pilot 66 183 11.115848069364777 None
pilot 66 197 11.629148214455508 None
pilot 66 404 15.838786732701497 None
wave 66 T 2 ['slab-dev-00', 'slab-dev-01', 'slab-dev-06', 'slab-dev-07']
pilot 67 161 11.177935662430391 None
pilot 67 183 10.895576081581881 None
pilot 67 197 11.398961675821834 None
pilot 67 512 16.647920604720127 None
wave 67 T 3 ['slab-dev-00', 'slab-dev-01', 'slab-dev-06', 'slab-dev-07']
pilot 68 161 10.989533482459857 None
pilot 68 183 10.729679998644642 None
pilot 68 197 11.21548829452708 None
pilot 68 512 16.232532047505423 None
wave 68 T 4 ['slab-dev-00', 'slab-dev-01', 'slab-dev-06', 'slab-dev-07']
pilot 69 161 10.832718411591241 None
pilot 69 183 10.564045574569692 None
pilot 69 197 11.051382099711924 None
pilot 69 512 15.846643199088968 None
wave 69 T 5 ['slab-dev-00', 'slab-dev-01', 'slab-dev-06', 'slab-dev-07']
pilot 70 161 10.666336055754869 None
pilot 70 183 10.384570608550536 None
pilot 70 197 10.870419921034959 None
pilot 70 512 15.435818639791544 None
wave 70 T 6 ['slab-dev-00', 'slab-dev-01', 'slab-dev-06', 'slab-dev-07']
pilot 71 161 10.491088507411353 None
pilot 71 183 10.234777158181144 None
pilot 71 197 10.691732144725206 None
pilot 71 512 15.109536045188394 None
wave 71 T 7 ['slab-dev-00', 'slab-dev-01', 'slab-dev-06', 'slab-dev-07']
pilot 72 161 10.308617004904512 None
pilot 72 183 10.06008513032482 None
pilot 72 197 10.522757015096246 None
pilot 72 512 14.73563513159439 None
wave 72 T 8 ['slab-dev-00', 'slab-dev-01', 'slab-dev-06', 'slab-dev-07']
pilot 73 161 10.149397614920925 None
pilot 73 183 9.907313566668178 None
pilot 73 197 10.35200674076659 None
pilot 73 512 14.44301041084888 None
wave 73 T 9 ['slab-dev-00', 'slab-dev-01', 'slab-dev-06', 'slab-dev-07']
pilot 74 162 9.944568207803417 None
pilot 74 184 9.746521062989439 None
pilot 74 199 9.972450631185147 None
pilot 74 512 14.027266084907689 None
wave 74 T 10 ['slab-dev-00', 'slab-dev-01', 'slab-dev-06', 'slab-dev-07']
pilot 75 162 9.72989665706519 None
pilot 75 184 9.481122200794124 None
pilot 75 199 9.942489396966543 None
pilot 75 512 13.707921520751686 None
wave 75 T 11 ['slab-dev-00', 'slab-dev-01', 'slab-dev-06', 'slab-dev-07']
pilot 76 162 9.669854742566299 None
pilot 76 184 9.40890094444249 None
pilot 76 199 9.864329946668393 None
pilot 76 512 13.456589805242658 None
wave 76 T 12 ['slab-dev-00', 'slab-dev-01', 'slab-dev-06', 'slab-dev-07']
pilot 77 162 9.432258742732925 None
pilot 77 184 9.17311163181856 None
pilot 77 199 9.633140573807815 None
pilot 77 512 13.122497396163771 None
wave 77 T 13 ['slab-dev-00', 'slab-dev-01', 'slab-dev-06', 'slab-dev-07']
pilot 78 162 9.317754578111561 None
pilot 78 184 9.069406889613063 None
pilot 78 199 9.516831608923498 None
pilot 78 512 12.838689799070668 None
wave 78 T 14 ['slab-dev-00', 'slab-dev-01', 'slab-dev-06', 'slab-dev-07']
pilot 79 162 9.216592368440816 None
pilot 79 184 8.969545110611566 None
pilot 79 199 9.401288496291443 None
pilot 79 512 12.596303782482106 None
wave 79 T 15 ['slab-dev-00', 'slab-dev-01', 'slab-dev-06', 'slab-dev-07']
pilot 80 162 12.87039745411315 None
pilot 80 512 14.759276338951446 None
wave 80 T 16 ['slab-dev-06', 'slab-dev-07']
pilot 81 162 12.58146301056265 None
pilot 81 512 14.397859007463524 None
wave 81 T 17 ['slab-dev-06', 'slab-dev-07']
pilot 82 162 12.28596113348897 None
pilot 82 512 13.945361357067815 None
wave 82 T 18 ['slab-dev-06', 'slab-dev-07']
pilot 83 162 12.153172181607166 None
pilot 83 512 13.815750462491222 None
wave 83 T 19 ['slab-dev-06', 'slab-dev-07']
pilot 84 162 12.02282163758713 None
pilot 84 512 13.575745984988732 None
wave 84 T 20 ['slab-dev-06', 'slab-dev-07']
pilot 85 162 11.763462177106971 None
pilot 85 512 13.279297360998344 None
wave 85 T 21 ['slab-dev-06', 'slab-dev-07']
pilot 86 162 11.604267483119063 None
pilot 86 512 13.004298199241502 None
wave 86 T 22 ['slab-dev-06', 'slab-dev-07']
pilot 87 162 11.39910863495238 None
pilot 87 512 12.807358200646831 None
wave 87 T 23 ['slab-dev-06', 'slab-dev-07']
pilot 88 162 11.202426738644986 None
pilot 88 512 12.532968611003009 None
wave 88 T 24 ['slab-dev-06', 'slab-dev-07']
pilot 89 162 11.059518066253997 None
pilot 89 512 12.375964163056056 None
wave 89 T 25 ['slab-dev-06', 'slab-dev-07']
pilot 90 162 10.843273546219736 None
pilot 90 512 12.106871159205125 None
wave 90 T 26 ['slab-dev-06', 'slab-dev-07']
pilot 91 162 10.681925592931695 None
pilot 91 512 11.768862969354 None
wave 91 T 27 ['slab-dev-06', 'slab-dev-07']
pilot 92 162 10.514513883177631 None
pilot 92 512 11.525082807085193 None
wave 92 T 28 ['slab-dev-06', 'slab-dev-07']
pilot 93 162 10.350487328229129 None
pilot 93 512 11.341885578588379 None
wave 93 T 29 ['slab-dev-06', 'slab-dev-07']
pilot 94 162 10.264439797938758 None
pilot 94 512 11.357320387489406 None
wave 94 T 30 ['slab-dev-06', 'slab-dev-07']
pilot 95 162 10.10740897232943 None
pilot 95 512 11.140588059676192 None
wave 95 T 31 ['slab-dev-06', 'slab-dev-07']
pilot 96 174 11.625484218959746 None
pilot 96 178 11.734680082272062 None
pilot 96 184 11.848410968564172 None
pilot 96 187 11.793621240478801 None
wave 96 R 0 ['slab-dev-02', 'slab-dev-03', 'slab-dev-04', 'slab-dev-05']
pilot 97 174 11.431880169250348 None
pilot 97 178 11.418462306868268 None
pilot 97 328 13.575645789516622 None
pilot 97 332 13.366362848388363 None
wave 97 R 1 ['slab-dev-02', 'slab-dev-03', 'slab-dev-04', 'slab-dev-05']
pilot 98 174 10.76793754194384 None
pilot 98 178 11.092984501748584 None
pilot 98 472 14.102038655719596 None
pilot 98 477 14.153292089127756 None
wave 98 R 2 ['slab-dev-02', 'slab-dev-03', 'slab-dev-04', 'slab-dev-05']
pilot 99 174 10.846319026089375 None
pilot 99 178 10.836748554740867 None
pilot 99 512 13.562408416819745 None
pilot 99 512 13.775694834156296 None
wave 99 R 3 ['slab-dev-02', 'slab-dev-03', 'slab-dev-04', 'slab-dev-05']
pilot 100 174 10.58190193248129 None
pilot 100 178 10.574582851252702 None
pilot 100 184 10.664541168049709 None
pilot 100 512 15.249714420557572 None
wave 100 R 4 ['slab-dev-02', 'slab-dev-03', 'slab-dev-04', 'slab-dev-05']
pilot 101 174 10.003635384705094 None
pilot 101 178 10.294598088156073 None
pilot 101 328 12.062069914308664 None
pilot 101 512 13.854690195597776 None
wave 101 R 5 ['slab-dev-02', 'slab-dev-03', 'slab-dev-04', 'slab-dev-05']
pilot 102 174 10.08710255091271 None
pilot 102 178 9.791987391180953 None
pilot 102 472 12.526743306052852 None
pilot 102 512 12.688615919318028 None
wave 102 R 6 ['slab-dev-02', 'slab-dev-03', 'slab-dev-04', 'slab-dev-05']
pilot 103 174 9.856764827730547 None
pilot 103 178 9.847991110657142 None
pilot 103 512 12.08313314038926 None
pilot 103 512 12.31425810268324 None
wave 103 R 7 ['slab-dev-02', 'slab-dev-03', 'slab-dev-04', 'slab-dev-05']
pilot 104 174 9.322239746182674 None
pilot 104 178 9.673621547619026 None
pilot 104 512 12.025698465495765 None
pilot 104 512 12.025101702869389 None
wave 104 R 8 ['slab-dev-02', 'slab-dev-03', 'slab-dev-04', 'slab-dev-05']
pilot 105 174 9.445294138102986 None
pilot 105 178 9.438869822957505 None
pilot 105 512 11.474586348832878 None
pilot 105 512 11.697022002636427 None
wave 105 R 9 ['slab-dev-02', 'slab-dev-03', 'slab-dev-04', 'slab-dev-05']
pilot 106 174 9.181471578934897 None
pilot 106 179 9.174612379315016 None
pilot 106 512 11.09684038231295 None
pilot 106 512 11.32793257698624 None
wave 106 R 10 ['slab-dev-02', 'slab-dev-03', 'slab-dev-04', 'slab-dev-05']
pilot 107 174 8.972580832656753 None
pilot 107 179 8.665714404810188 None
pilot 107 512 10.859653234525881 None
pilot 107 512 11.032891948747727 None
wave 107 R 11 ['slab-dev-02', 'slab-dev-03', 'slab-dev-04', 'slab-dev-05']
pilot 108 174 8.50180596728975 None
pilot 108 179 8.730567381359785 None
pilot 108 512 10.531875150145751 None
pilot 108 512 10.66108889177566 None
wave 108 R 12 ['slab-dev-02', 'slab-dev-03', 'slab-dev-04', 'slab-dev-05']
pilot 109 174 8.57563705957893 None
pilot 109 179 8.31765166278587 None
pilot 109 512 10.306187104017953 None
pilot 109 512 10.448917559565196 None
wave 109 R 13 ['slab-dev-02', 'slab-dev-03', 'slab-dev-04', 'slab-dev-05']
pilot 110 174 7.901693003187432 None
pilot 110 179 8.334984960943158 None
pilot 110 512 10.133242477695527 None
pilot 110 512 10.133241115090872 None
wave 110 R 14 ['slab-dev-02', 'slab-dev-03', 'slab-dev-04', 'slab-dev-05']
pilot 111 174 8.177333544834779 None
pilot 111 179 8.174276888579502 None
pilot 111 512 9.689494030588069 None
pilot 111 512 9.944820090868125 None
wave 111 R 15 ['slab-dev-02', 'slab-dev-03', 'slab-dev-04', 'slab-dev-05']
pilot 112 163 11.899702495452116 None
pilot 112 190 11.803027696266003 None
pilot 112 222 12.405230010975094 None
pilot 112 293 14.191853199893318 None
wave 112 N 0 ['slab-dev-02', 'slab-dev-03', 'slab-dev-04', 'slab-dev-05']
pilot 113 161 11.470175533107634 None
pilot 113 163 11.285371987504696 None
pilot 113 190 12.071868824049186 None
pilot 113 346 15.483760195575393 None
wave 113 N 1 ['slab-dev-02', 'slab-dev-03', 'slab-dev-04', 'slab-dev-05']
pilot 114 161 11.143052736782758 None
pilot 114 163 11.141568769513764 None
pilot 114 190 11.919267812099196 None
pilot 114 498 17.32325782245739 None
wave 114 N 2 ['slab-dev-02', 'slab-dev-03', 'slab-dev-04', 'slab-dev-05']
pilot 115 161 10.864630996507316 None
pilot 115 163 11.109165835986271 None
pilot 115 190 11.644266569499452 None
pilot 115 512 16.84889987189868 None
wave 115 N 3 ['slab-dev-02', 'slab-dev-03', 'slab-dev-04', 'slab-dev-05']
pilot 116 161 10.558105173057383 None
pilot 116 163 10.776218659904083 None
pilot 116 190 11.287143753487305 None
pilot 116 251 12.812730681976525 None
wave 116 N 4 ['slab-dev-02', 'slab-dev-03', 'slab-dev-04', 'slab-dev-05']
pilot 117 161 10.547223051511498 None
pilot 117 163 10.544543924678322 None
pilot 117 190 11.268723479752065 None
pilot 117 403 15.049603165208318 None
wave 117 N 5 ['slab-dev-02', 'slab-dev-03', 'slab-dev-04', 'slab-dev-05']
pilot 118 161 10.555765787817318 None
pilot 118 163 10.324937755997466 None
pilot 118 190 11.06553794354465 None
pilot 118 512 15.630956823624942 None
wave 118 N 6 ['slab-dev-02', 'slab-dev-03', 'slab-dev-04', 'slab-dev-05']
pilot 119 161 10.12010256704141 None
pilot 119 163 10.348992459579904 None
pilot 119 190 10.825986794582112 None
pilot 119 512 15.236440770592226 None
wave 119 N 7 ['slab-dev-02', 'slab-dev-03', 'slab-dev-04', 'slab-dev-05']
pilot 120 161 10.013474518711483 None
pilot 120 163 10.199033733456794 None
pilot 120 190 10.664575558789883 None
pilot 120 512 14.719101014691221 None
wave 120 N 8 ['slab-dev-02', 'slab-dev-03', 'slab-dev-04', 'slab-dev-05']
pilot 121 161 9.887480494215374 None
pilot 121 163 10.116458634138498 None
pilot 121 190 10.564634062604588 None
pilot 121 512 14.651541534404464 None
wave 121 N 9 ['slab-dev-02', 'slab-dev-03', 'slab-dev-04', 'slab-dev-05']
pilot 122 162 9.721261017280472 None
pilot 122 164 9.940354882500305 None
pilot 122 191 10.377654414685443 None
pilot 122 512 14.28949360070791 None
wave 122 N 10 ['slab-dev-02', 'slab-dev-03', 'slab-dev-04', 'slab-dev-05']
pilot 123 162 9.523430406216297 None
pilot 123 164 9.745078631560219 None
pilot 123 191 10.168372106482416 None
pilot 123 512 13.975752171452202 None
wave 123 N 11 ['slab-dev-02', 'slab-dev-03', 'slab-dev-04', 'slab-dev-05']
pilot 124 162 9.398697552384329 None
pilot 124 164 9.631322202042242 None
pilot 124 191 10.03843311967819 None
pilot 124 512 13.668286518197961 None
wave 124 N 12 ['slab-dev-02', 'slab-dev-03', 'slab-dev-04', 'slab-dev-05']
pilot 125 162 9.516232476028149 None
pilot 125 164 9.288459403437743 None
pilot 125 191 9.93051234373117 None
pilot 125 512 13.401566466781775 None
wave 125 N 13 ['slab-dev-02', 'slab-dev-03', 'slab-dev-04', 'slab-dev-05']
pilot 126 162 9.108484169296428 None
pilot 126 164 9.328206391775707 None
pilot 126 191 9.725049244913599 None
pilot 126 512 13.010687824417294 None
wave 126 N 14 ['slab-dev-02', 'slab-dev-03', 'slab-dev-04', 'slab-dev-05']
pilot 127 162 9.00274997290583 None
pilot 127 164 9.217079647215938 None
pilot 127 191 9.60208296259368 None
pilot 127 512 12.839802143086741 None
wave 127 N 15 ['slab-dev-02', 'slab-dev-03', 'slab-dev-04', 'slab-dev-05']
pilot 128 140 11.646845505535786 None
pilot 128 163 11.746193875684371 None
pilot 128 182 12.196248265133436 None
pilot 128 191 12.494641037770883 None
wave 128 T 0 ['slab-dev-02', 'slab-dev-03', 'slab-dev-04', 'slab-dev-05']
pilot 129 140 11.32915981589082 None
pilot 129 163 11.510310933342714 None
pilot 129 182 11.71068162544451 None
pilot 129 191 12.23083540654487 None
wave 129 T 1 ['slab-dev-02', 'slab-dev-03', 'slab-dev-04', 'slab-dev-05']
pilot 130 140 11.161358150116095 None
pilot 130 163 11.403417793736313 None
pilot 130 182 11.819127013123078 None
pilot 130 191 12.103237551779294 None
wave 130 T 2 ['slab-dev-02', 'slab-dev-03', 'slab-dev-04', 'slab-dev-05']
pilot 131 140 10.97702529579871 None
pilot 131 163 11.22616867284546 None
pilot 131 182 11.635366358846934 None
pilot 131 191 11.91043897669569 None
wave 131 T 3 ['slab-dev-02', 'slab-dev-03', 'slab-dev-04', 'slab-dev-05']
pilot 132 140 10.776649408848764 None
pilot 132 163 11.047673984232594 None
pilot 132 182 11.43761228134005 None
pilot 132 191 11.704561577407539 None
wave 132 T 4 ['slab-dev-02', 'slab-dev-03', 'slab-dev-04', 'slab-dev-05']
pilot 133 140 10.699427450183121 None
pilot 133 163 10.680184254678398 None
pilot 133 182 11.309485785244094 None
pilot 133 191 11.57079964491194 None
wave 133 T 5 ['slab-dev-02', 'slab-dev-03', 'slab-dev-04', 'slab-dev-05']
pilot 134 140 10.810506494747601 None
pilot 134 163 10.57964913852738 None
pilot 134 182 10.957500275760747 None
pilot 134 191 11.416925897023834 None
wave 134 T 6 ['slab-dev-02', 'slab-dev-03', 'slab-dev-04', 'slab-dev-05']
pilot 135 140 10.360694227340177 None
pilot 135 163 10.639043413717038 None
pilot 135 182 11.00550042653516 None
pilot 135 191 11.25183126100456 None
wave 135 T 7 ['slab-dev-02', 'slab-dev-03', 'slab-dev-04', 'slab-dev-05']
pilot 136 140 10.676565673578084 None
pilot 136 163 10.603268203746667 None
pilot 136 182 10.955017499880045 None
pilot 136 191 11.19174232235768 None
wave 136 T 8 ['slab-dev-02', 'slab-dev-03', 'slab-dev-04', 'slab-dev-05']
pilot 137 140 10.502718585183757 None
pilot 137 163 10.441538061874423 None
pilot 137 182 10.783359636173506 None
pilot 137 191 11.014829268474465 None
wave 137 T 9 ['slab-dev-02', 'slab-dev-03', 'slab-dev-04', 'slab-dev-05']
pilot 138 141 9.925041349931877 None
pilot 138 164 10.227118782396786 None
pilot 138 183 10.556954672396728 None
pilot 138 192 10.781740265877568 None
wave 138 T 10 ['slab-dev-02', 'slab-dev-03', 'slab-dev-04', 'slab-dev-05']
pilot 139 141 9.701973143794579 None
pilot 139 164 10.005487353010375 None
pilot 139 183 10.326044580761835 None
pilot 139 192 10.548317381500496 None
wave 139 T 11 ['slab-dev-02', 'slab-dev-03', 'slab-dev-04', 'slab-dev-05']
pilot 140 141 9.583445602280369 None
pilot 140 164 9.90519467455311 None
pilot 140 183 10.2216859255025 None
pilot 140 192 10.436348953156816 None
wave 140 T 12 ['slab-dev-02', 'slab-dev-03', 'slab-dev-04', 'slab-dev-05']
pilot 141 141 9.837124074349022 None
pilot 141 164 9.485996670567078 None
pilot 141 183 10.12383823304201 None
pilot 141 192 10.330516592323272 None
wave 141 T 13 ['slab-dev-02', 'slab-dev-03', 'slab-dev-04', 'slab-dev-05']
pilot 142 141 9.39681524901914 None
pilot 142 164 9.722819428843776 None
pilot 142 183 10.01885645780725 None
pilot 142 192 10.218814636775036 None
wave 142 T 14 ['slab-dev-02', 'slab-dev-03', 'slab-dev-04', 'slab-dev-05']
pilot 143 141 9.348457722576942 None
pilot 143 164 9.344873718591439 None
pilot 143 183 9.879988852975025 None
pilot 143 192 10.075808335104526 None
wave 143 T 15 ['slab-dev-02', 'slab-dev-03', 'slab-dev-04', 'slab-dev-05']
