b1_cold 0 266 26.414434933780885 None
b1_cold 1 282 26.713736300429005 None
b1_cold 2 277 26.558058903808476 None
b1_cold 3 266 26.20166739577744 None
b1_cold 4 198 25.30648823098651 None
b1_cold 5 203 26.047684679867842 None
b1_cold 6 334 25.866733324523807 None
b1_cold 7 198 25.202890480616915 None
b1_warm 0 266 26.14742213558648 None
b1_warm 1 282 26.49359575328886 None
b1_warm 2 277 26.40660834857253 None
b1_warm 3 266 26.134656819044412 None
b1_warm 4 198 25.202980399980326 None
b1_warm 5 203 25.986513013146382 None
b1_warm 6 334 25.773784593570266 None
b1_warm 7 198 25.22567267079755 None
b4_mixed 3 266 11.695140394473286 None
b4_mixed 0 266 11.695268729220084 None
b4_mixed 2 277 11.849868380048491 None
b4_mixed 1 282 11.958023314489884 None
b4_mixed 4 198 11.353272156249933 None
b4_mixed 7 198 11.353005227751476 None
b4_mixed 5 203 11.435893918471788 None
b4_mixed 6 334 14.607552446465986 None
pilot 30 234 5.02169385679821 None
pilot 30 512 9.074865528940768 None
wave 30 R 30 ['slab-dev-06', 'slab-dev-07']
pilot 31 236 8.210154075429871 None
pilot 31 512 8.915432304760287 None
wave 31 R 31 ['slab-dev-06', 'slab-dev-07']
pilot 32 279 11.524681683692291 None
pilot 32 311 11.56298248732406 None
pilot 32 425 12.740859007564596 None
pilot 32 458 13.293906403024927 None
wave 32 N 0 ['slab-dev-00', 'slab-dev-01', 'slab-dev-06', 'slab-dev-07']
pilot 33 234 11.37878025318924 None
pilot 33 271 11.338951811533654 None
pilot 33 358 12.419835044481253 None
pilot 33 391 12.967643309747933 None
wave 33 N 1 ['slab-dev-00', 'slab-dev-01', 'slab-dev-06', 'slab-dev-07']
pilot 34 236 11.213934739635393 None
pilot 34 360 11.041452218458385 None
pilot 34 481 12.229268695477188 None
pilot 34 512 12.601777983372543 None
wave 34 N 2 ['slab-dev-00', 'slab-dev-01', 'slab-dev-06', 'slab-dev-07']
pilot 35 236 11.013185638062973 None
pilot 35 271 10.985363471874374 None
pilot 35 393 12.179767094962733 None
pilot 35 512 13.827680887946315 None
wave 35 N 3 ['slab-dev-00', 'slab-dev-01', 'slab-dev-06', 'slab-dev-07']
pilot 36 236 10.918364526450201 None
pilot 36 377 10.815461546343336 None
pilot 36 512 11.78212843181577 None
pilot 36 512 11.880936563950657 None
wave 36 N 4 ['slab-dev-00', 'slab-dev-01', 'slab-dev-06', 'slab-dev-07']
pilot 37 248 10.69622470443694 None
pilot 37 449 10.608922220675042 None
pilot 37 512 10.976520374009926 None
pilot 37 512 11.06530831439045 None
wave 37 N 5 ['slab-dev-00', 'slab-dev-01', 'slab-dev-06', 'slab-dev-07']
pilot 38 252 10.501835940313992 None
pilot 38 465 10.34618374607167 None
pilot 38 512 10.750347640864298 None
pilot 38 512 10.750646737042215 None
wave 38 N 6 ['slab-dev-00', 'slab-dev-01', 'slab-dev-06', 'slab-dev-07']
pilot 39 234 10.36733431858367 None
pilot 39 512 10.171319864180711 None
pilot 39 512 10.248081067406632 None
pilot 39 512 10.247212478400526 None
wave 39 N 7 ['slab-dev-00', 'slab-dev-01', 'slab-dev-06', 'slab-dev-07']
pilot 40 236 10.229174340966997 None
pilot 40 512 10.116937970050836 None
pilot 40 512 10.116738341675267 None
pilot 40 512 10.11471674122941 None
wave 40 N 8 ['slab-dev-00', 'slab-dev-01', 'slab-dev-06', 'slab-dev-07']
pilot 41 236 10.092692737002317 None
pilot 41 512 9.903980134043415 None
pilot 41 512 9.96746625626504 None
pilot 41 512 9.96660018904714 None
wave 41 N 9 ['slab-dev-00', 'slab-dev-01', 'slab-dev-06', 'slab-dev-07']
pilot 42 238 9.870609393368229 None
pilot 42 512 9.711320971946698 None
pilot 42 512 9.777315343663414 None
pilot 42 512 9.777088830228173 None
wave 42 N 10 ['slab-dev-00', 'slab-dev-01', 'slab-dev-06', 'slab-dev-07']
pilot 43 238 9.706858557652577 None
pilot 43 512 9.585946281138103 None
pilot 43 512 9.651911341247263 None
pilot 43 512 9.651445260150755 None
wave 43 N 11 ['slab-dev-00', 'slab-dev-01', 'slab-dev-06', 'slab-dev-07']
pilot 44 238 9.630919822416566 None
pilot 44 512 9.53942305283725 None
pilot 44 512 9.53883979340317 None
pilot 44 512 9.538579559060803 None
wave 44 N 12 ['slab-dev-00', 'slab-dev-01', 'slab-dev-06', 'slab-dev-07']
pilot 45 238 9.471306935962192 None
pilot 45 512 9.31355230443003 None
pilot 45 512 9.381948249929948 None
pilot 45 512 9.382116468223366 None
wave 45 N 13 ['slab-dev-00', 'slab-dev-01', 'slab-dev-06', 'slab-dev-07']
pilot 46 236 9.382591626939826 None
pilot 46 512 9.217837543493697 None
pilot 46 512 9.280309505429306 None
pilot 46 512 9.280083310006223 None
wave 46 N 14 ['slab-dev-00', 'slab-dev-01', 'slab-dev-06', 'slab-dev-07']
pilot 47 238 9.23597143997533 None
pilot 47 512 9.095865762642543 None
pilot 47 512 9.15793747094212 None
pilot 47 512 9.156386864765613 None
wave 47 N 15 ['slab-dev-00', 'slab-dev-01', 'slab-dev-06', 'slab-dev-07']
pilot 48 238 13.046556505769665 None
pilot 48 512 14.382855961380564 None
wave 48 N 16 ['slab-dev-06', 'slab-dev-07']
pilot 49 246 12.746495639218963 None
pilot 49 512 13.995912875557764 None
wave 49 N 17 ['slab-dev-06', 'slab-dev-07']
pilot 50 238 12.62392611377838 None
pilot 50 512 13.939810349261919 None
wave 50 N 18 ['slab-dev-06', 'slab-dev-07']
pilot 51 261 12.323534013192933 None
pilot 51 512 13.494126275617253 None
wave 51 N 19 ['slab-dev-06', 'slab-dev-07']
pilot 52 238 12.11730944400028 None
pilot 52 512 13.370946827241044 None
wave 52 N 20 ['slab-dev-06', 'slab-dev-07']
pilot 53 246 11.999942545259662 None
pilot 53 512 13.061950006017943 None
wave 53 N 21 ['slab-dev-06', 'slab-dev-07']
pilot 54 236 11.848920885448457 None
pilot 54 512 12.890305999462322 None
wave 54 N 22 ['slab-dev-06', 'slab-dev-07']
pilot 55 238 11.660256432574425 None
pilot 55 512 12.61820103586229 None
wave 55 N 23 ['slab-dev-06', 'slab-dev-07']
pilot 56 238 11.473064718220238 None
pilot 56 512 12.448994061925577 None
wave 56 N 24 ['slab-dev-06', 'slab-dev-07']
pilot 57 238 11.344377902178882 None
pilot 57 512 12.325894213923322 None
wave 57 N 25 ['slab-dev-06', 'slab-dev-07']
pilot 58 282 11.087381341656931 None
pilot 58 512 11.833327760873765 None
wave 58 N 26 ['slab-dev-06', 'slab-dev-07']
pilot 59 236 10.998904982624289 None
pilot 59 512 11.921671765191062 None
wave 59 N 27 ['slab-dev-06', 'slab-dev-07']
pilot 60 238 10.786516010524531 None
pilot 60 512 11.644409638591302 None
wave 60 N 28 ['slab-dev-06', 'slab-dev-07']
pilot 61 238 10.716168562053204 None
pilot 61 512 11.560455663591588 None
wave 61 N 29 ['slab-dev-06', 'slab-dev-07']
pilot 62 236 10.457177947395536 None
pilot 62 512 11.31055216268015 None
wave 62 N 30 ['slab-dev-06', 'slab-dev-07']
pilot 63 238 10.398308079899206 None
pilot 63 512 11.150533562609347 None
wave 63 N 31 ['slab-dev-06', 'slab-dev-07']
pilot 64 222 11.678340549105075 None
pilot 64 229 11.75009409528118 None
pilot 64 289 12.577174555142745 None
pilot 64 452 15.452413465683204 None
wave 64 T 0 ['slab-dev-00', 'slab-dev-01', 'slab-dev-06', 'slab-dev-07']
pilot 65 222 11.24914796987333 None
pilot 65 243 11.383826847979 None
pilot 65 358 12.841441355321722 None
pilot 65 452 14.239085611593026 None
wave 65 T 1 ['slab-dev-00', 'slab-dev-01', 'slab-dev-06', 'slab-dev-07']
pilot 66 222 11.072834389107243 None
pilot 66 245 11.202279795505452 None
pilot 66 452 13.321039346710645 None
pilot 66 487 13.75728331823472 None
wave 66 T 2 ['slab-dev-00', 'slab-dev-01', 'slab-dev-06', 'slab-dev-07']
pilot 67 222 10.99557134567 None
pilot 67 245 10.966692784344659 None
pilot 67 508 13.280531030936082 None
pilot 67 512 13.317546387205464 None
wave 67 T 3 ['slab-dev-00', 'slab-dev-01', 'slab-dev-06', 'slab-dev-07']
pilot 68 222 10.589157872401477 None
pilot 68 245 10.73455286119226 None
pilot 68 512 12.981652084999713 None
pilot 68 512 12.98206684561103 None
wave 68 T 4 ['slab-dev-00', 'slab-dev-01', 'slab-dev-06', 'slab-dev-07']
pilot 69 222 10.61189042922855 None
pilot 69 254 10.57504487158206 None
pilot 69 512 12.590630756696452 None
pilot 69 512 12.713814639591853 None
wave 69 T 5 ['slab-dev-00', 'slab-dev-01', 'slab-dev-06', 'slab-dev-07']
pilot 70 222 10.266191393789802 None
pilot 70 258 10.39029029819893 None
pilot 70 290 10.769424983213458 None
pilot 70 512 13.705247177874806 None
wave 70 T 6 ['slab-dev-00', 'slab-dev-01', 'slab-dev-06', 'slab-dev-07']
pilot 71 222 10.118966921677888 None
pilot 71 239 10.277914012837913 None
pilot 71 512 12.419467174847304 None
pilot 71 512 12.420170325334201 None
wave 71 T 7 ['slab-dev-00', 'slab-dev-01', 'slab-dev-06', 'slab-dev-07']
pilot 72 222 9.96363700298723 None
pilot 72 241 10.098950533534714 None
pilot 72 512 12.161155150947717 None
pilot 72 512 12.158578895490916 None
wave 72 T 8 ['slab-dev-00', 'slab-dev-01', 'slab-dev-06', 'slab-dev-07']
pilot 73 222 9.844272741690283 None
pilot 73 241 9.97536243587845 None
pilot 73 512 11.975311467650037 None
pilot 73 512 11.97338537388449 None
wave 73 T 9 ['slab-dev-00', 'slab-dev-01', 'slab-dev-06', 'slab-dev-07']
pilot 74 224 9.573747365162395 None
pilot 74 243 9.717907669437711 None
pilot 74 512 11.662835616883969 None
pilot 74 512 11.662135919143083 None
wave 74 T 10 ['slab-dev-00', 'slab-dev-01', 'slab-dev-06', 'slab-dev-07']
pilot 75 224 9.490235980631498 None
pilot 75 243 9.638009319537133 None
pilot 75 512 11.498166181327273 None
pilot 75 512 11.49864871744928 None
wave 75 T 11 ['slab-dev-00', 'slab-dev-01', 'slab-dev-06', 'slab-dev-07']
pilot 76 224 9.358634087068502 None
pilot 76 243 9.501225158718507 None
pilot 76 512 11.32589886053342 None
pilot 76 512 11.324708698945354 None
wave 76 T 12 ['slab-dev-00', 'slab-dev-01', 'slab-dev-06', 'slab-dev-07']
pilot 77 224 9.198147013401522 None
pilot 77 243 9.318002566071618 None
pilot 77 512 10.997681242946483 None
pilot 77 512 11.087682157637076 None
wave 77 T 13 ['slab-dev-00', 'slab-dev-01', 'slab-dev-06', 'slab-dev-07']
pilot 78 224 9.110712448583609 None
pilot 78 241 9.2524804469525 None
pilot 78 512 10.96416699627642 None
pilot 78 512 10.96281119284204 None
wave 78 T 14 ['slab-dev-00', 'slab-dev-01', 'slab-dev-06', 'slab-dev-07']
pilot 79 224 8.963505120013377 None
pilot 79 243 9.10311208109415 None
pilot 79 512 10.754405720090165 None
pilot 79 512 10.753924348127141 None
wave 79 T 15 ['slab-dev-00', 'slab-dev-01', 'slab-dev-06', 'slab-dev-07']
pilot 80 243 12.949950184414739 None
pilot 80 512 14.273591444777546 None
wave 80 T 16 ['slab-dev-06', 'slab-dev-07']
pilot 81 256 12.681395738950355 None
pilot 81 512 13.859870325220136 None
wave 81 T 17 ['slab-dev-06', 'slab-dev-07']
pilot 82 243 12.466009181316032 None
pilot 82 512 13.766540788264175 None
wave 82 T 18 ['slab-dev-06', 'slab-dev-07']
pilot 83 271 12.120043198955868 None
pilot 83 512 13.149207903738128 None
wave 83 T 19 ['slab-dev-06', 'slab-dev-07']
pilot 84 243 12.036198083078553 None
pilot 84 512 13.107693927981224 None
wave 84 T 20 ['slab-dev-06', 'slab-dev-07']
pilot 85 256 11.865773865709764 None
pilot 85 512 12.833507051318495 None
wave 85 T 21 ['slab-dev-06', 'slab-dev-07']
pilot 86 241 11.681345651333888 None
pilot 86 512 12.657595598548237 None
wave 86 T 22 ['slab-dev-06', 'slab-dev-07']
pilot 87 243 11.496997241859548 None
pilot 87 512 12.453454025676969 None
wave 87 T 23 ['slab-dev-06', 'slab-dev-07']
pilot 88 243 11.293935315217185 None
pilot 88 512 12.203135080077649 None
wave 88 T 24 ['slab-dev-06', 'slab-dev-07']
pilot 89 243 11.157402595094423 None
pilot 89 512 12.109818605237402 None
wave 89 T 25 ['slab-dev-06', 'slab-dev-07']
pilot 90 292 10.891428527485502 None
pilot 90 512 11.53835369862462 None
wave 90 T 26 ['slab-dev-06', 'slab-dev-07']
pilot 91 241 10.737130716653846 None
pilot 91 512 11.546441736260267 None
wave 91 T 27 ['slab-dev-06', 'slab-dev-07']
pilot 92 243 10.626790061212747 None
pilot 92 512 11.358816684697647 None
wave 92 T 28 ['slab-dev-06', 'slab-dev-07']
pilot 93 243 10.4557077054168 None
pilot 93 512 11.139909707753603 None
wave 93 T 29 ['slab-dev-06', 'slab-dev-07']
pilot 94 241 10.308872981098022 None
pilot 94 512 11.053241395440441 None
wave 94 T 30 ['slab-dev-06', 'slab-dev-07']
pilot 95 243 10.15812013231601 None
pilot 95 512 10.863296094527577 None
wave 95 T 31 ['slab-dev-06', 'slab-dev-07']
pilot 96 279 11.48037982992344 None
pilot 96 307 11.546361781237197 None
pilot 96 363 12.215569922274373 None
pilot 96 442 13.472477238330137 None
wave 96 R 0 ['slab-dev-02', 'slab-dev-03', 'slab-dev-04', 'slab-dev-05']
pilot 97 234 11.370321898301691 None
pilot 97 265 11.33025076144511 None
pilot 97 363 12.496319321767286 None
pilot 97 512 14.550979246346207 None
wave 97 R 1 ['slab-dev-02', 'slab-dev-03', 'slab-dev-04', 'slab-dev-05']
pilot 98 234 11.125595066526078 None
pilot 98 265 10.920765623164895 None
pilot 98 363 12.233915428744972 None
pilot 98 512 14.192438249077487 None
wave 98 R 2 ['slab-dev-02', 'slab-dev-03', 'slab-dev-04', 'slab-dev-05']
pilot 99 236 10.680199584949678 None
pilot 99 265 10.6690794076313 None
pilot 99 363 11.745824106309673 None
pilot 99 512 13.702490480049198 None
wave 99 R 3 ['slab-dev-02', 'slab-dev-03', 'slab-dev-04', 'slab-dev-05']
pilot 100 234 10.587499271753922 None
pilot 100 279 10.35833393577281 None
pilot 100 363 11.437122401892868 None
pilot 100 512 13.199834281467691 None
wave 100 R 4 ['slab-dev-02', 'slab-dev-03', 'slab-dev-04', 'slab-dev-05']
pilot 101 251 10.29696255741307 None
pilot 101 265 10.082659492152983 None
pilot 101 404 11.601565812036572 None
pilot 101 512 12.73704256679887 None
wave 101 R 5 ['slab-dev-02', 'slab-dev-03', 'slab-dev-04', 'slab-dev-05']
pilot 102 249 10.119520221092099 None
pilot 102 265 9.900730603252365 None
pilot 102 389 11.247443628364524 None
pilot 102 512 12.49157274959083 None
wave 102 R 6 ['slab-dev-02', 'slab-dev-03', 'slab-dev-04', 'slab-dev-05']
pilot 103 232 9.891349033202369 None
pilot 103 263 9.86397750909767 None
pilot 103 276 9.793191434114465 None
pilot 103 512 12.704737516681304 None
wave 103 R 7 ['slab-dev-02', 'slab-dev-03', 'slab-dev-04', 'slab-dev-05']
pilot 104 232 9.719302927736619 None
pilot 104 260 9.474866925373854 None
pilot 104 389 10.793760319355767 None
pilot 104 512 11.924493814497497 None
wave 104 R 8 ['slab-dev-02', 'slab-dev-03', 'slab-dev-04', 'slab-dev-05']
pilot 105 234 9.53489265893839 None
pilot 105 265 9.295504370299824 None
pilot 105 394 10.552448962825526 None
pilot 105 512 11.577151271094289 None
wave 105 R 9 ['slab-dev-02', 'slab-dev-03', 'slab-dev-04', 'slab-dev-05']
pilot 106 244 9.258327466668007 None
pilot 106 288 9.023621400424576 None
pilot 106 397 10.060495213954493 None
pilot 106 512 11.006612000949206 None
wave 106 R 10 ['slab-dev-02', 'slab-dev-03', 'slab-dev-04', 'slab-dev-05']
pilot 107 246 9.062650113214591 None
pilot 107 273 8.809127222497988 None
pilot 107 397 9.954964941496081 None
pilot 107 512 10.864969885635352 None
wave 107 R 11 ['slab-dev-02', 'slab-dev-03', 'slab-dev-04', 'slab-dev-05']
pilot 108 261 8.643327589337295 None
pilot 108 272 8.645390701924129 None
pilot 108 397 9.70461349780068 None
pilot 108 512 10.564600242886872 None
wave 108 R 12 ['slab-dev-02', 'slab-dev-03', 'slab-dev-04', 'slab-dev-05']
pilot 109 282 8.622321112017767 None
pilot 109 308 8.615609575370145 None
pilot 109 392 9.0226569712828 None
pilot 109 512 9.915388021838979 None
wave 109 R 13 ['slab-dev-02', 'slab-dev-03', 'slab-dev-04', 'slab-dev-05']
pilot 110 234 8.493164675078548 None
pilot 110 266 8.229898331847924 None
pilot 110 396 9.327721773238222 None
pilot 110 512 10.106180072659987 None
wave 110 R 14 ['slab-dev-02', 'slab-dev-03', 'slab-dev-04', 'slab-dev-05']
pilot 111 232 8.374886505883453 None
pilot 111 266 8.126467559791337 None
pilot 111 397 9.173610050011156 None
pilot 111 512 9.913924725390869 None
wave 111 R 15 ['slab-dev-02', 'slab-dev-03', 'slab-dev-04', 'slab-dev-05']
pilot 112 227 11.724331735568466 None
pilot 112 280 11.564080560925941 None
pilot 112 406 13.10188216698047 None
pilot 112 446 13.701909868907068 None
wave 112 N 0 ['slab-dev-02', 'slab-dev-03', 'slab-dev-04', 'slab-dev-05']
pilot 113 235 11.383129280429483 None
pilot 113 243 11.374201846165855 None
pilot 113 348 12.734383467412677 None
pilot 113 387 13.39171686970067 None
wave 113 N 1 ['slab-dev-02', 'slab-dev-03', 'slab-dev-04', 'slab-dev-05']
pilot 114 235 11.305514315949 None
pilot 114 315 11.225779445875474 None
pilot 114 456 12.601448632795988 None
pilot 114 512 13.287407005680366 None
wave 114 N 2 ['slab-dev-02', 'slab-dev-03', 'slab-dev-04', 'slab-dev-05']
pilot 115 237 11.237058487280711 None
pilot 115 387 11.077169479901682 None
pilot 115 512 12.016350509774295 None
pilot 115 512 12.09334436704786 None
wave 115 N 3 ['slab-dev-02', 'slab-dev-03', 'slab-dev-04', 'slab-dev-05']
pilot 116 171 10.903119643385242 None
pilot 116 235 10.847265873479678 None
pilot 116 346 12.16921717472683 None
pilot 116 512 14.21244165339244 None
wave 116 N 4 ['slab-dev-02', 'slab-dev-03', 'slab-dev-04', 'slab-dev-05']
pilot 117 252 10.876748745658787 None
pilot 117 259 10.86533912506609 None
pilot 117 469 12.714963634960892 None
pilot 117 512 13.072177040356165 None
wave 117 N 5 ['slab-dev-02', 'slab-dev-03', 'slab-dev-04', 'slab-dev-05']
pilot 118 253 10.593751401271417 None
pilot 118 315 10.557086488759666 None
pilot 118 512 12.031201037749232 None
pilot 118 512 12.115711879722205 None
wave 118 N 6 ['slab-dev-02', 'slab-dev-03', 'slab-dev-04', 'slab-dev-05']
pilot 119 237 10.5665457633391 None
pilot 119 470 10.416762466917865 None
pilot 119 512 10.629651573361919 None
pilot 119 512 10.693808038430829 None
wave 119 N 7 ['slab-dev-02', 'slab-dev-03', 'slab-dev-04', 'slab-dev-05']
pilot 120 237 10.437276518932734 None
pilot 120 512 10.219558660799029 None
pilot 120 512 10.273972073590302 None
pilot 120 512 10.273788676227461 None
wave 120 N 8 ['slab-dev-02', 'slab-dev-03', 'slab-dev-04', 'slab-dev-05']
pilot 121 235 10.183747885532252 None
pilot 121 387 10.077612965743295 None
pilot 121 512 10.926565685385066 None
pilot 121 512 10.927033753319073 None
wave 121 N 9 ['slab-dev-02', 'slab-dev-03', 'slab-dev-04', 'slab-dev-05']
pilot 122 245 9.911679460403453 None
pilot 122 469 9.891521895453625 None
pilot 122 512 10.154677885165844 None
pilot 122 512 10.15490371505236 None
wave 122 N 10 ['slab-dev-02', 'slab-dev-03', 'slab-dev-04', 'slab-dev-05']
pilot 123 247 9.882135433648076 None
pilot 123 512 9.720807166209143 None
pilot 123 512 9.77535634908549 None
pilot 123 512 9.775173485198566 None
wave 123 N 11 ['slab-dev-02', 'slab-dev-03', 'slab-dev-04', 'slab-dev-05']
pilot 124 262 9.766629720326053 None
pilot 124 512 9.62554530706769 None
pilot 124 512 9.683006130847625 None
pilot 124 512 9.682874874565075 None
wave 124 N 12 ['slab-dev-02', 'slab-dev-03', 'slab-dev-04', 'slab-dev-05']
pilot 125 283 9.435720887826507 None
pilot 125 512 9.428430116678326 None
pilot 125 512 9.477180496110158 None
pilot 125 512 9.476302272486722 None
wave 125 N 13 ['slab-dev-02', 'slab-dev-03', 'slab-dev-04', 'slab-dev-05']
pilot 126 239 9.549819178600542 None
pilot 126 512 9.387109424486592 None
pilot 126 512 9.436283554192526 None
pilot 126 512 9.43604280236115 None
wave 126 N 14 ['slab-dev-02', 'slab-dev-03', 'slab-dev-04', 'slab-dev-05']
pilot 127 237 9.254289969510403 None
pilot 127 512 9.21857632723642 None
pilot 127 512 9.260380191968773 None
pilot 127 512 9.260069599075027 None
wave 127 N 15 ['slab-dev-02', 'slab-dev-03', 'slab-dev-04', 'slab-dev-05']
pilot 128 209 11.638645418353937 None
pilot 128 212 11.732510233614526 None
pilot 128 249 12.36144694127556 None
pilot 128 270 12.881427108168861 None
wave 128 T 0 ['slab-dev-02', 'slab-dev-03', 'slab-dev-04', 'slab-dev-05']
pilot 129 209 11.604613290408471 None
pilot 129 212 11.598016872026792 None
pilot 129 302 12.932252113964244 None
pilot 129 347 13.797780968081417 None
wave 129 T 1 ['slab-dev-02', 'slab-dev-03', 'slab-dev-04', 'slab-dev-05']
pilot 130 209 11.45478880617933 None
pilot 130 212 11.448916221843902 None
pilot 130 399 13.66798005253957 None
pilot 130 468 14.601598103911366 None
wave 130 T 2 ['slab-dev-02', 'slab-dev-03', 'slab-dev-04', 'slab-dev-05']
pilot 131 209 11.30125073183092 None
pilot 131 212 11.297098595150569 None
pilot 131 226 11.521372487536565 None
pilot 131 496 16.065739774348664 None
wave 131 T 3 ['slab-dev-02', 'slab-dev-03', 'slab-dev-04', 'slab-dev-05']
pilot 132 209 11.06980385890287 None
pilot 132 212 11.06457988621985 None
pilot 132 361 12.837534066241538 None
pilot 132 512 14.753877452547954 None
wave 132 T 4 ['slab-dev-02', 'slab-dev-03', 'slab-dev-04', 'slab-dev-05']
pilot 133 209 10.905683500156629 None
pilot 133 253 10.853263940777174 None
pilot 133 468 12.67407679022779 None
pilot 133 512 13.268443732124437 None
wave 133 T 5 ['slab-dev-02', 'slab-dev-03', 'slab-dev-04', 'slab-dev-05']
pilot 134 209 10.769982491777577 None
pilot 134 238 10.72665481440666 None
pilot 134 512 12.914475465231373 None
pilot 134 512 13.029817277598694 None
wave 134 T 6 ['slab-dev-02', 'slab-dev-03', 'slab-dev-04', 'slab-dev-05']
pilot 135 209 10.390663177622363 None
pilot 135 253 10.492450248790648 None
pilot 135 512 12.58314498409647 None
pilot 135 512 12.582611944837645 None
wave 135 T 7 ['slab-dev-02', 'slab-dev-03', 'slab-dev-04', 'slab-dev-05']
pilot 136 209 10.394863795929693 None
pilot 136 238 10.359238002508505 None
pilot 136 512 12.415795745548094 None
pilot 136 512 12.537805512709088 None
wave 136 T 8 ['slab-dev-02', 'slab-dev-03', 'slab-dev-04', 'slab-dev-05']
pilot 137 209 10.271130228951353 None
pilot 137 243 10.232853438916568 None
pilot 137 512 12.174165591214392 None
pilot 137 512 12.282989714052992 None
wave 137 T 9 ['slab-dev-02', 'slab-dev-03', 'slab-dev-04', 'slab-dev-05']
pilot 138 211 10.047970117488457 None
pilot 138 245 10.009253672343538 None
pilot 138 512 11.874669843407549 None
pilot 138 512 11.98361576095224 None
wave 138 T 10 ['slab-dev-02', 'slab-dev-03', 'slab-dev-04', 'slab-dev-05']
