b1_cold 0 266 26.79728367075857 None
b1_cold 1 282 26.544885189831046 None
b1_cold 2 277 26.50229012984418 None
b1_cold 3 266 26.0617088840114 None
b1_cold 4 198 25.1948399721322 None
b1_cold 5 203 26.002233566140028 None
b1_cold 6 334 25.807258261348654 None
b1_cold 7 198 25.053087610280087 None
b1_warm 0 266 25.972719436149447 None
b1_warm 1 282 26.30523173660647 None
b1_warm 2 277 26.22503456095444 None
b1_warm 3 266 25.942862014742612 None
b1_warm 4 198 25.11469088595947 None
b1_warm 5 203 25.840526676122238 None
b1_warm 6 334 25.64910550030486 None
b1_warm 7 198 25.04622020894798 None
b4_mixed 0 266 11.887054658172037 None
b4_mixed 3 266 11.887163239939557 None
b4_mixed 2 277 12.03821329458287 None
b4_mixed 1 282 12.145566606270547 None
b4_mixed 4 198 11.351436370726047 None
b4_mixed 7 198 11.350387171793036 None
b4_mixed 5 203 11.434628767730976 None
b4_mixed 6 334 14.592625037689112 None
pilot 0 263 11.660751662041601 None
pilot 0 275 11.64222400269849 None
pilot 0 398 13.078281752143186 None
pilot 0 443 13.608278958695937 None
wave 0 R 0 ['slab-dev-00', 'slab-dev-01', 'slab-dev-06', 'slab-dev-07']
pilot 1 221 11.034634243181182 None
pilot 1 232 11.262979646440508 None
pilot 1 512 13.88754882799435 None
pilot 1 512 13.887377001123266 None
wave 1 R 1 ['slab-dev-00', 'slab-dev-01', 'slab-dev-06', 'slab-dev-07']
pilot 2 221 10.800321140339102 None
pilot 2 234 11.010160985874633 None
pilot 2 512 13.434713183915687 None
pilot 2 512 13.434507294289514 None
wave 2 R 2 ['slab-dev-00', 'slab-dev-01', 'slab-dev-06', 'slab-dev-07']
pilot 3 221 10.465715017591808 None
pilot 3 234 10.692557738437005 None
pilot 3 402 12.420513903400414 None
pilot 3 512 13.678084664532973 None
wave 3 R 3 ['slab-dev-00', 'slab-dev-01', 'slab-dev-06', 'slab-dev-07']
pilot 4 226 10.147685773704767 None
pilot 4 234 10.417650218038716 None
pilot 4 408 12.098774993343378 None
pilot 4 512 13.207076167378247 None
wave 4 R 4 ['slab-dev-00', 'slab-dev-01', 'slab-dev-06', 'slab-dev-07']
pilot 5 221 10.160290021577671 None
pilot 5 247 10.124934785187056 None
pilot 5 512 11.9685317478768 None
pilot 5 512 12.149895098715932 None
wave 5 R 5 ['slab-dev-00', 'slab-dev-01', 'slab-dev-06', 'slab-dev-07']
pilot 6 225 10.016908837256956 None
pilot 6 251 9.980880371249128 None
pilot 6 512 11.734889030398934 None
pilot 6 512 11.735208043757307 None
wave 6 R 6 ['slab-dev-00', 'slab-dev-01', 'slab-dev-06', 'slab-dev-07']
pilot 7 209 9.524729118961151 None
pilot 7 232 9.719581152264528 None
pilot 7 512 11.569538317109666 None
pilot 7 512 11.704967794027372 None
wave 7 R 7 ['slab-dev-00', 'slab-dev-01', 'slab-dev-06', 'slab-dev-07']
pilot 8 209 9.588236141743451 None
pilot 8 234 9.569437705040386 None
pilot 8 512 11.257373056083184 None
pilot 8 512 11.44085972867505 None
wave 8 R 8 ['slab-dev-00', 'slab-dev-01', 'slab-dev-06', 'slab-dev-07']
pilot 9 221 9.314857322525233 None
pilot 9 234 9.303227448279065 None
pilot 9 512 10.924210660320005 None
pilot 9 512 11.10957035381385 None
wave 9 R 9 ['slab-dev-00', 'slab-dev-01', 'slab-dev-06', 'slab-dev-07']
pilot 10 229 9.123849640114301 None
pilot 10 236 9.120224494524836 None
pilot 10 512 10.635882600992428 None
pilot 10 512 10.825545085019847 None
wave 10 R 10 ['slab-dev-00', 'slab-dev-01', 'slab-dev-06', 'slab-dev-07']
pilot 11 236 8.915369568960417 None
pilot 11 244 8.91099999577769 None
pilot 11 512 10.274988230774596 None
pilot 11 512 10.462231048244059 None
wave 11 R 11 ['slab-dev-00', 'slab-dev-01', 'slab-dev-06', 'slab-dev-07']
pilot 12 229 8.71881334009855 None
pilot 12 236 8.71560168920651 None
pilot 12 512 10.048475404734452 None
pilot 12 512 10.237262399859894 None
wave 12 R 12 ['slab-dev-00', 'slab-dev-01', 'slab-dev-06', 'slab-dev-07']
pilot 13 236 8.435616516240566 None
pilot 13 265 8.426893889656244 None
pilot 13 512 9.576761976015229 None
pilot 13 512 9.767107783124114 None
wave 13 R 13 ['slab-dev-00', 'slab-dev-01', 'slab-dev-06', 'slab-dev-07']
pilot 14 223 8.28163077078418 None
pilot 14 234 8.27649376526549 None
pilot 14 512 9.557274680649812 None
pilot 14 512 9.746219373205287 None
wave 14 R 14 ['slab-dev-00', 'slab-dev-01', 'slab-dev-06', 'slab-dev-07']
pilot 15 223 8.128427895050201 None
pilot 15 236 8.124303766482955 None
pilot 15 512 9.33583828419583 None
pilot 15 512 9.519844168495927 None
wave 15 R 15 ['slab-dev-00', 'slab-dev-01', 'slab-dev-06', 'slab-dev-07']
pilot 16 236 11.169507302632862 None
pilot 16 512 12.089302924973431 None
wave 16 R 16 ['slab-dev-06', 'slab-dev-07']
pilot 17 242 10.890612649596319 None
pilot 17 512 11.86718366702153 None
wave 17 R 17 ['slab-dev-06', 'slab-dev-07']
pilot 18 236 10.666289427268442 None
pilot 18 512 11.445780267806986 None
wave 18 R 18 ['slab-dev-06', 'slab-dev-07']
pilot 19 257 10.375598205296834 None
pilot 19 512 10.991115644302214 None
wave 19 R 19 ['slab-dev-06', 'slab-dev-07']
pilot 20 236 10.16984377082176 None
pilot 20 512 10.924430654194436 None
wave 20 R 20 ['slab-dev-06', 'slab-dev-07']
pilot 21 242 9.97029962214627 None
pilot 21 512 10.780797985645442 None
wave 21 R 21 ['slab-dev-06', 'slab-dev-07']
pilot 22 234 9.704313868395559 None
pilot 22 512 10.407770718845788 None
wave 22 R 22 ['slab-dev-06', 'slab-dev-07']
pilot 23 236 9.622824649910129 None
pilot 23 512 10.237907126015076 None
wave 23 R 23 ['slab-dev-06', 'slab-dev-07']
pilot 24 236 9.437805971082126 None
pilot 24 512 10.012080783184675 None
wave 24 R 24 ['slab-dev-06', 'slab-dev-07']
pilot 25 236 9.251867625794933 None
pilot 25 512 9.827815741965564 None
wave 25 R 25 ['slab-dev-06', 'slab-dev-07']
pilot 26 278 9.066493460532051 None
pilot 26 512 9.590955350872285 None
wave 26 R 26 ['slab-dev-06', 'slab-dev-07']
pilot 27 234 8.89080836464272 None
pilot 27 512 9.393495463058121 None
wave 27 R 27 ['slab-dev-06', 'slab-dev-07']
pilot 28 236 8.772178811342839 None
pilot 28 512 9.334994432591769 None
wave 28 R 28 ['slab-dev-06', 'slab-dev-07']
pilot 29 236 8.621973205732319 None
pilot 29 512 9.135199887042706 None
wave 29 R 29 ['slab-dev-06', 'slab-dev-07']
