wave 0 R 0 ['slab-dev-00', 'slab-dev-01', 'slab-dev-06', 'slab-dev-07']
wave 1 R 1 ['slab-dev-00', 'slab-dev-01', 'slab-dev-06', 'slab-dev-07']
wave 2 R 2 ['slab-dev-00', 'slab-dev-01', 'slab-dev-06', 'slab-dev-07']
wave 3 R 3 ['slab-dev-00', 'slab-dev-01', 'slab-dev-06', 'slab-dev-07']
wave 4 R 4 ['slab-dev-00', 'slab-dev-01', 'slab-dev-06', 'slab-dev-07']
wave 5 R 5 ['slab-dev-00', 'slab-dev-01', 'slab-dev-06', 'slab-dev-07']
wave 6 R 6 ['slab-dev-00', 'slab-dev-01', 'slab-dev-06', 'slab-dev-07']
wave 7 R 7 ['slab-dev-00', 'slab-dev-01', 'slab-dev-06', 'slab-dev-07']
wave 8 R 8 ['slab-dev-00', 'slab-dev-01', 'slab-dev-06', 'slab-dev-07']
wave 9 R 9 ['slab-dev-00', 'slab-dev-01', 'slab-dev-06', 'slab-dev-07']
wave 10 R 10 ['slab-dev-00', 'slab-dev-01', 'slab-dev-06', 'slab-dev-07']
wave 11 R 11 ['slab-dev-00', 'slab-dev-01', 'slab-dev-06', 'slab-dev-07']
wave 12 R 12 ['slab-dev-00', 'slab-dev-01', 'slab-dev-06', 'slab-dev-07']
wave 13 R 13 ['slab-dev-00', 'slab-dev-01', 'slab-dev-06', 'slab-dev-07']
wave 14 R 14 ['slab-dev-00', 'slab-dev-01', 'slab-dev-06', 'slab-dev-07']
wave 15 R 15 ['slab-dev-00', 'slab-dev-01', 'slab-dev-06', 'slab-dev-07']
wave 16 R 16 ['slab-dev-06', 'slab-dev-07']
wave 17 R 17 ['slab-dev-06', 'slab-dev-07']
wave 18 R 18 ['slab-dev-06', 'slab-dev-07']
wave 19 R 19 ['slab-dev-06', 'slab-dev-07']
wave 20 R 20 ['slab-dev-06', 'slab-dev-07']
wave 21 R 21 ['slab-dev-06', 'slab-dev-07']
wave 22 R 22 ['slab-dev-06', 'slab-dev-07']
wave 23 R 23 ['slab-dev-06', 'slab-dev-07']
wave 24 R 24 ['slab-dev-06', 'slab-dev-07']
wave 25 R 25 ['slab-dev-06', 'slab-dev-07']
wave 26 R 26 ['slab-dev-06', 'slab-dev-07']
wave 27 R 27 ['slab-dev-06', 'slab-dev-07']
wave 28 R 28 ['slab-dev-06', 'slab-dev-07']
wave 29 R 29 ['slab-dev-06', 'slab-dev-07']
wave 30 R 30 ['slab-dev-06', 'slab-dev-07']
wave 31 R 31 ['slab-dev-06', 'slab-dev-07']
wave 32 N 0 ['slab-dev-00', 'slab-dev-01', 'slab-dev-06', 'slab-dev-07']
wave 33 N 1 ['slab-dev-00', 'slab-dev-01', 'slab-dev-06', 'slab-dev-07']
wave 34 N 2 ['slab-dev-00', 'slab-dev-01', 'slab-dev-06', 'slab-dev-07']
wave 35 N 3 ['slab-dev-00', 'slab-dev-01', 'slab-dev-06', 'slab-dev-07']
wave 36 N 4 ['slab-dev-00', 'slab-dev-01', 'slab-dev-06', 'slab-dev-07']
wave 37 N 5 ['slab-dev-00', 'slab-dev-01', 'slab-dev-06', 'slab-dev-07']
wave 38 N 6 ['slab-dev-00', 'slab-dev-01', 'slab-dev-06', 'slab-dev-07']
wave 39 N 7 ['slab-dev-00', 'slab-dev-01', 'slab-dev-06', 'slab-dev-07']
wave 40 N 8 ['slab-dev-00', 'slab-dev-01', 'slab-dev-06', 'slab-dev-07']
wave 41 N 9 ['slab-dev-00', 'slab-dev-01', 'slab-dev-06', 'slab-dev-07']
wave 42 N 10 ['slab-dev-00', 'slab-dev-01', 'slab-dev-06', 'slab-dev-07']
wave 43 N 11 ['slab-dev-00', 'slab-dev-01', 'slab-dev-06', 'slab-dev-07']
wave 44 N 12 ['slab-dev-00', 'slab-dev-01', 'slab-dev-06', 'slab-dev-07']
wave 45 N 13 ['slab-dev-00', 'slab-dev-01', 'slab-dev-06', 'slab-dev-07']
wave 46 N 14 ['slab-dev-00', 'slab-dev-01', 'slab-dev-06', 'slab-dev-07']
wave 47 N 15 ['slab-dev-00', 'slab-dev-01', 'slab-dev-06', 'slab-dev-07']
wave 48 N 16 ['slab-dev-06', 'slab-dev-07']
wave 49 N 17 ['slab-dev-06', 'slab-dev-07']
wave 50 N 18 ['slab-dev-06', 'slab-dev-07']
wave 51 N 19 ['slab-dev-06', 'slab-dev-07']
wave 52 N 20 ['slab-dev-06', 'slab-dev-07']
wave 53 N 21 ['slab-dev-06', 'slab-dev-07']
wave 54 N 22 ['slab-dev-06', 'slab-dev-07']
wave 55 N 23 ['slab-dev-06', 'slab-dev-07']
wave 56 N 24 ['slab-dev-06', 'slab-dev-07']
wave 57 N 25 ['slab-dev-06', 'slab-dev-07']
wave 58 N 26 ['slab-dev-06', 'slab-dev-07']
wave 59 N 27 ['slab-dev-06', 'slab-dev-07']
wave 60 N 28 ['slab-dev-06', 'slab-dev-07']
wave 61 N 29 ['slab-dev-06', 'slab-dev-07']
wave 62 N 30 ['slab-dev-06', 'slab-dev-07']
wave 63 N 31 ['slab-dev-06', 'slab-dev-07']
wave 64 T 0 ['slab-dev-00', 'slab-dev-01', 'slab-dev-06', 'slab-dev-07']
wave 65 T 1 ['slab-dev-00', 'slab-dev-01', 'slab-dev-06', 'slab-dev-07']
wave 66 T 2 ['slab-dev-00', 'slab-dev-01', 'slab-dev-06', 'slab-dev-07']
wave 67 T 3 ['slab-dev-00', 'slab-dev-01', 'slab-dev-06', 'slab-dev-07']
wave 68 T 4 ['slab-dev-00', 'slab-dev-01', 'slab-dev-06', 'slab-dev-07']
wave 69 T 5 ['slab-dev-00', 'slab-dev-01', 'slab-dev-06', 'slab-dev-07']
wave 70 T 6 ['slab-dev-00', 'slab-dev-01', 'slab-dev-06', 'slab-dev-07']
wave 71 T 7 ['slab-dev-00', 'slab-dev-01', 'slab-dev-06', 'slab-dev-07']
wave 72 T 8 ['slab-dev-00', 'slab-dev-01', 'slab-dev-06', 'slab-dev-07']
wave 73 T 9 ['slab-dev-00', 'slab-dev-01', 'slab-dev-06', 'slab-dev-07']
wave 74 T 10 ['slab-dev-00', 'slab-dev-01', 'slab-dev-06', 'slab-dev-07']
wave 75 T 11 ['slab-dev-00', 'slab-dev-01', 'slab-dev-06', 'slab-dev-07']
wave 76 T 12 ['slab-dev-00', 'slab-dev-01', 'slab-dev-06', 'slab-dev-07']
wave 77 T 13 ['slab-dev-00', 'slab-dev-01', 'slab-dev-06', 'slab-dev-07']
wave 78 T 14 ['slab-dev-00', 'slab-dev-01', 'slab-dev-06', 'slab-dev-07']
wave 79 T 15 ['slab-dev-00', 'slab-dev-01', 'slab-dev-06', 'slab-dev-07']
wave 80 T 16 ['slab-dev-06', 'slab-dev-07']
wave 81 T 17 ['slab-dev-06', 'slab-dev-07']
wave 82 T 18 ['slab-dev-06', 'slab-dev-07']
wave 83 T 19 ['slab-dev-06', 'slab-dev-07']
wave 84 T 20 ['slab-dev-06', 'slab-dev-07']
wave 85 T 21 ['slab-dev-06', 'slab-dev-07']
wave 86 T 22 ['slab-dev-06', 'slab-dev-07']
wave 87 T 23 ['slab-dev-06', 'slab-dev-07']
wave 88 T 24 ['slab-dev-06', 'slab-dev-07']
wave 89 T 25 ['slab-dev-06', 'slab-dev-07']
wave 90 T 26 ['slab-dev-06', 'slab-dev-07']
wave 91 T 27 ['slab-dev-06', 'slab-dev-07']
wave 92 T 28 ['slab-dev-06', 'slab-dev-07']
wave 93 T 29 ['slab-dev-06', 'slab-dev-07']
wave 94 T 30 ['slab-dev-06', 'slab-dev-07']
wave 95 T 31 ['slab-dev-06', 'slab-dev-07']
wave 96 R 0 ['slab-dev-02', 'slab-dev-03', 'slab-dev-04', 'slab-dev-05']
wave 97 R 1 ['slab-dev-02', 'slab-dev-03', 'slab-dev-04', 'slab-dev-05']
wave 98 R 2 ['slab-dev-02', 'slab-dev-03', 'slab-dev-04', 'slab-dev-05']
wave 99 R 3 ['slab-dev-02', 'slab-dev-03', 'slab-dev-04', 'slab-dev-05']
wave 100 R 4 ['slab-dev-02', 'slab-dev-03', 'slab-dev-04', 'slab-dev-05']
wave 101 R 5 ['slab-dev-02', 'slab-dev-03', 'slab-dev-04', 'slab-dev-05']
wave 102 R 6 ['slab-dev-02', 'slab-dev-03', 'slab-dev-04', 'slab-dev-05']
wave 103 R 7 ['slab-dev-02', 'slab-dev-03', 'slab-dev-04', 'slab-dev-05']
wave 104 R 8 ['slab-dev-02', 'slab-dev-03', 'slab-dev-04', 'slab-dev-05']
wave 105 R 9 ['slab-dev-02', 'slab-dev-03', 'slab-dev-04', 'slab-dev-05']
wave 106 R 10 ['slab-dev-02', 'slab-dev-03', 'slab-dev-04', 'slab-dev-05']
wave 107 R 11 ['slab-dev-02', 'slab-dev-03', 'slab-dev-04', 'slab-dev-05']
wave 108 R 12 ['slab-dev-02', 'slab-dev-03', 'slab-dev-04', 'slab-dev-05']
wave 109 R 13 ['slab-dev-02', 'slab-dev-03', 'slab-dev-04', 'slab-dev-05']
wave 110 R 14 ['slab-dev-02', 'slab-dev-03', 'slab-dev-04', 'slab-dev-05']
wave 111 R 15 ['slab-dev-02', 'slab-dev-03', 'slab-dev-04', 'slab-dev-05']
wave 112 N 0 ['slab-dev-02', 'slab-dev-03', 'slab-dev-04', 'slab-dev-05']
wave 113 N 1 ['slab-dev-02', 'slab-dev-03', 'slab-dev-04', 'slab-dev-05']
wave 114 N 2 ['slab-dev-02', 'slab-dev-03', 'slab-dev-04', 'slab-dev-05']
wave 115 N 3 ['slab-dev-02', 'slab-dev-03', 'slab-dev-04', 'slab-dev-05']
wave 116 N 4 ['slab-dev-02', 'slab-dev-03', 'slab-dev-04', 'slab-dev-05']
wave 117 N 5 ['slab-dev-02', 'slab-dev-03', 'slab-dev-04', 'slab-dev-05']
wave 118 N 6 ['slab-dev-02', 'slab-dev-03', 'slab-dev-04', 'slab-dev-05']
wave 119 N 7 ['slab-dev-02', 'slab-dev-03', 'slab-dev-04', 'slab-dev-05']
wave 120 N 8 ['slab-dev-02', 'slab-dev-03', 'slab-dev-04', 'slab-dev-05']
wave 121 N 9 ['slab-dev-02', 'slab-dev-03', 'slab-dev-04', 'slab-dev-05']
wave 122 N 10 ['slab-dev-02', 'slab-dev-03', 'slab-dev-04', 'slab-dev-05']
wave 123 N 11 ['slab-dev-02', 'slab-dev-03', 'slab-dev-04', 'slab-dev-05']
wave 124 N 12 ['slab-dev-02', 'slab-dev-03', 'slab-dev-04', 'slab-dev-05']
wave 125 N 13 ['slab-dev-02', 'slab-dev-03', 'slab-dev-04', 'slab-dev-05']
wave 126 N 14 ['slab-dev-02', 'slab-dev-03', 'slab-dev-04', 'slab-dev-05']
wave 127 N 15 ['slab-dev-02', 'slab-dev-03', 'slab-dev-04', 'slab-dev-05']
wave 128 T 0 ['slab-dev-02', 'slab-dev-03', 'slab-dev-04', 'slab-dev-05']
wave 129 T 1 ['slab-dev-02', 'slab-dev-03', 'slab-dev-04', 'slab-dev-05']
wave 130 T 2 ['slab-dev-02', 'slab-dev-03', 'slab-dev-04', 'slab-dev-05']
wave 131 T 3 ['slab-dev-02', 'slab-dev-03', 'slab-dev-04', 'slab-dev-05']
wave 132 T 4 ['slab-dev-02', 'slab-dev-03', 'slab-dev-04', 'slab-dev-05']
wave 133 T 5 ['slab-dev-02', 'slab-dev-03', 'slab-dev-04', 'slab-dev-05']
wave 134 T 6 ['slab-dev-02', 'slab-dev-03', 'slab-dev-04', 'slab-dev-05']
wave 135 T 7 ['slab-dev-02', 'slab-dev-03', 'slab-dev-04', 'slab-dev-05']
wave 136 T 8 ['slab-dev-02', 'slab-dev-03', 'slab-dev-04', 'slab-dev-05']
wave 137 T 9 ['slab-dev-02', 'slab-dev-03', 'slab-dev-04', 'slab-dev-05']
wave 138 T 10 ['slab-dev-02', 'slab-dev-03', 'slab-dev-04', 'slab-dev-05']
wave 139 T 11 ['slab-dev-02', 'slab-dev-03', 'slab-dev-04', 'slab-dev-05']
wave 140 T 12 ['slab-dev-02', 'slab-dev-03', 'slab-dev-04', 'slab-dev-05']
wave 141 T 13 ['slab-dev-02', 'slab-dev-03', 'slab-dev-04', 'slab-dev-05']
wave 142 T 14 ['slab-dev-02', 'slab-dev-03', 'slab-dev-04', 'slab-dev-05']
wave 143 T 15 ['slab-dev-02', 'slab-dev-03', 'slab-dev-04', 'slab-dev-05']
wave 144 O 0 ['slab-dev-00', 'slab-dev-01', 'slab-dev-06', 'slab-dev-07']
wave 145 O 1 ['slab-dev-00', 'slab-dev-01', 'slab-dev-06', 'slab-dev-07']
wave 146 O 2 ['slab-dev-00', 'slab-dev-01', 'slab-dev-06', 'slab-dev-07']
wave 147 O 3 ['slab-dev-00', 'slab-dev-01', 'slab-dev-06', 'slab-dev-07']
wave 148 O 4 ['slab-dev-00', 'slab-dev-01', 'slab-dev-06', 'slab-dev-07']
wave 149 O 5 ['slab-dev-00', 'slab-dev-01', 'slab-dev-06', 'slab-dev-07']
wave 150 O 6 ['slab-dev-00', 'slab-dev-01', 'slab-dev-06', 'slab-dev-07']
wave 151 O 7 ['slab-dev-00', 'slab-dev-01', 'slab-dev-06', 'slab-dev-07']
wave 152 O 8 ['slab-dev-00', 'slab-dev-01', 'slab-dev-06', 'slab-dev-07']
wave 153 O 9 ['slab-dev-00', 'slab-dev-01', 'slab-dev-06', 'slab-dev-07']
wave 154 O 10 ['slab-dev-00', 'slab-dev-01', 'slab-dev-06', 'slab-dev-07']
wave 155 O 11 ['slab-dev-00', 'slab-dev-01', 'slab-dev-06', 'slab-dev-07']
wave 156 O 12 ['slab-dev-00', 'slab-dev-01', 'slab-dev-06', 'slab-dev-07']
wave 157 O 13 ['slab-dev-00', 'slab-dev-01', 'slab-dev-06', 'slab-dev-07']
wave 158 O 14 ['slab-dev-00', 'slab-dev-01', 'slab-dev-06', 'slab-dev-07']
wave 159 O 15 ['slab-dev-00', 'slab-dev-01', 'slab-dev-06', 'slab-dev-07']
wave 160 O 16 ['slab-dev-06', 'slab-dev-07']
wave 161 O 17 ['slab-dev-06', 'slab-dev-07']
wave 162 O 18 ['slab-dev-06', 'slab-dev-07']
wave 163 O 19 ['slab-dev-06', 'slab-dev-07']
wave 164 O 20 ['slab-dev-06', 'slab-dev-07']
wave 165 O 21 ['slab-dev-06', 'slab-dev-07']
wave 166 O 22 ['slab-dev-06', 'slab-dev-07']
wave 167 O 23 ['slab-dev-06', 'slab-dev-07']
wave 168 O 24 ['slab-dev-06', 'slab-dev-07']
wave 169 O 25 ['slab-dev-06', 'slab-dev-07']
wave 170 O 26 ['slab-dev-06', 'slab-dev-07']
wave 171 O 27 ['slab-dev-06', 'slab-dev-07']
wave 172 O 28 ['slab-dev-06', 'slab-dev-07']
wave 173 O 29 ['slab-dev-06', 'slab-dev-07']
wave 174 O 30 ['slab-dev-06', 'slab-dev-07']
wave 175 O 31 ['slab-dev-06', 'slab-dev-07']
wave 176 O 0 ['slab-dev-02', 'slab-dev-03', 'slab-dev-04', 'slab-dev-05']
wave 177 O 1 ['slab-dev-02', 'slab-dev-03', 'slab-dev-04', 'slab-dev-05']
wave 178 O 2 ['slab-dev-02', 'slab-dev-03', 'slab-dev-04', 'slab-dev-05']
wave 179 O 3 ['slab-dev-02', 'slab-dev-03', 'slab-dev-04', 'slab-dev-05']
wave 180 O 4 ['slab-dev-02', 'slab-dev-03', 'slab-dev-04', 'slab-dev-05']
wave 181 O 5 ['slab-dev-02', 'slab-dev-03', 'slab-dev-04', 'slab-dev-05']
wave 182 O 6 ['slab-dev-02', 'slab-dev-03', 'slab-dev-04', 'slab-dev-05']
wave 183 O 7 ['slab-dev-02', 'slab-dev-03', 'slab-dev-04', 'slab-dev-05']
wave 184 O 8 ['slab-dev-02', 'slab-dev-03', 'slab-dev-04', 'slab-dev-05']
wave 185 O 9 ['slab-dev-02', 'slab-dev-03', 'slab-dev-04', 'slab-dev-05']
wave 186 O 10 ['slab-dev-02', 'slab-dev-03', 'slab-dev-04', 'slab-dev-05']
wave 187 O 11 ['slab-dev-02', 'slab-dev-03', 'slab-dev-04', 'slab-dev-05']
wave 188 O 12 ['slab-dev-02', 'slab-dev-03', 'slab-dev-04', 'slab-dev-05']
wave 189 O 13 ['slab-dev-02', 'slab-dev-03', 'slab-dev-04', 'slab-dev-05']
wave 190 O 14 ['slab-dev-02', 'slab-dev-03', 'slab-dev-04', 'slab-dev-05']
wave 191 O 15 ['slab-dev-02', 'slab-dev-03', 'slab-dev-04', 'slab-dev-05']
PASS complete 640-round CPU schedule including episode hash writer
