{
  "status": "PASS",
  "records": 256,
  "pairs": {
    "P1": {
      "reading": "NOT",
      "competence": {
        "Python": 16,
        "TypeScript": 16
      },
      "arms": {
        "correct": {
          "n": 32,
          "identity": {
            "Python": 32
          },
          "valid": {
            "Python": 32
          },
          "target": 0,
          "broken": 0,
          "semantic": 32,
          "truncated": 0
        },
        "swapped": {
          "n": 32,
          "identity": {
            "Python": 32
          },
          "valid": {
            "Python": 32
          },
          "target": 0,
          "broken": 0,
          "semantic": 32,
          "truncated": 0
        },
        "shuffled": {
          "n": 32,
          "identity": {
            "Python": 32
          },
          "valid": {
            "Python": 32
          },
          "target": 0,
          "broken": 0,
          "semantic": 32,
          "truncated": 0
        },
        "OFF": {
          "n": 32,
          "identity": {
            "Python": 32
          },
          "valid": {
            "Python": 32
          },
          "target": 0,
          "broken": 0,
          "semantic": 32,
          "truncated": 0
        },
        "text-cue": {
          "n": 32,
          "identity": {
            "TypeScript": 32
          },
          "valid": {
            "TypeScript": 32
          },
          "target": 32,
          "broken": 0,
          "semantic": 32,
          "truncated": 0
        }
      },
      "paired_default_to_target_flips": 0,
      "clear_default": true
    },
    "P2": {
      "reading": "INELIGIBLE",
      "competence": {
        "JSON": 15,
        "SQL": 0
      },
      "arms": {
        "correct": {
          "n": 0,
          "identity": {},
          "valid": {},
          "target": 0,
          "broken": 0,
          "semantic": 0,
          "truncated": 0
        },
        "swapped": {
          "n": 0,
          "identity": {},
          "valid": {},
          "target": 0,
          "broken": 0,
          "semantic": 0,
          "truncated": 0
        },
        "shuffled": {
          "n": 0,
          "identity": {},
          "valid": {},
          "target": 0,
          "broken": 0,
          "semantic": 0,
          "truncated": 0
        },
        "OFF": {
          "n": 32,
          "identity": {
            "JSON": 32
          },
          "valid": {
            "JSON": 25,
            "broken": 7
          },
          "target": 0,
          "broken": 7,
          "semantic": 25,
          "truncated": 0
        },
        "text-cue": {
          "n": 0,
          "identity": {},
          "valid": {},
          "target": 0,
          "broken": 0,
          "semantic": 0,
          "truncated": 0
        }
      }
    }
  },
  "source_freeze": true,
  "profile_reconstruction": true,
  "consumer_scores": true,
  "token_and_prompt_provenance": true,
  "cuda_initialized": false
}
