extracted A: 32 operand-free cues
extracted B: 32 operand-free cues
extracted OFF: 32 operand-free cues
4b: 30/1920 decisions, 1.41 min
4b pilot: {'seconds_per_six_arm_episode': 51.84139814809896, 'projected_64_episode_seconds': 3317.8494814783335, 'peak_bytes': 8422177792}
4b: 60/1920 decisions, 2.14 min
4b: 90/1920 decisions, 2.94 min
4b: 120/1920 decisions, 3.74 min
4b: 150/1920 decisions, 4.50 min
4b: 180/1920 decisions, 5.17 min
4b: 210/1920 decisions, 5.84 min
4b: 240/1920 decisions, 6.61 min
4b: 270/1920 decisions, 7.42 min
4b: 300/1920 decisions, 8.18 min
4b: 330/1920 decisions, 8.86 min
4b: 360/1920 decisions, 9.58 min
4b: 390/1920 decisions, 10.34 min
4b: 420/1920 decisions, 11.04 min
4b: 450/1920 decisions, 11.82 min
4b: 480/1920 decisions, 12.43 min
4b: 510/1920 decisions, 13.20 min
4b: 540/1920 decisions, 14.03 min
4b: 570/1920 decisions, 14.80 min
4b: 600/1920 decisions, 15.59 min
4b: 630/1920 decisions, 16.30 min
4b: 660/1920 decisions, 17.04 min
4b: 690/1920 decisions, 17.76 min
4b: 720/1920 decisions, 18.44 min
4b: 750/1920 decisions, 19.27 min
4b: 780/1920 decisions, 20.07 min
4b: 810/1920 decisions, 20.88 min
4b: 840/1920 decisions, 21.59 min
4b: 870/1920 decisions, 22.26 min
4b: 900/1920 decisions, 23.07 min
4b: 930/1920 decisions, 23.87 min
4b: 960/1920 decisions, 24.70 min
4b: 990/1920 decisions, 25.46 min
4b: 1020/1920 decisions, 26.21 min
4b: 1050/1920 decisions, 26.97 min
4b: 1080/1920 decisions, 27.64 min
4b: 1110/1920 decisions, 28.43 min
4b: 1140/1920 decisions, 29.25 min
4b: 1170/1920 decisions, 29.99 min
4b: 1200/1920 decisions, 30.66 min
4b: 1230/1920 decisions, 31.31 min
4b: 1260/1920 decisions, 31.93 min
4b: 1290/1920 decisions, 32.66 min
4b: 1320/1920 decisions, 33.42 min
4b: 1350/1920 decisions, 34.16 min
4b: 1380/1920 decisions, 34.96 min
4b: 1410/1920 decisions, 35.78 min
4b: 1440/1920 decisions, 36.54 min
4b: 1470/1920 decisions, 37.19 min
4b: 1500/1920 decisions, 37.95 min
4b: 1530/1920 decisions, 38.63 min
4b: 1560/1920 decisions, 39.43 min
4b: 1590/1920 decisions, 40.08 min
4b: 1620/1920 decisions, 40.82 min
4b: 1650/1920 decisions, 41.63 min
4b: 1680/1920 decisions, 42.29 min
4b: 1710/1920 decisions, 42.98 min
4b: 1740/1920 decisions, 43.71 min
4b: 1770/1920 decisions, 44.40 min
4b: 1800/1920 decisions, 45.09 min
4b: 1830/1920 decisions, 45.66 min
4b: 1860/1920 decisions, 46.51 min
4b: 1890/1920 decisions, 47.20 min
4b: 1920/1920 decisions, 47.93 min
extracted A: 32 operand-free cues
extracted B: 32 operand-free cues
extracted OFF: 32 operand-free cues
1.7b: 30/1920 decisions, 0.65 min
1.7b pilot: {'seconds_per_six_arm_episode': 26.075132041005418, 'projected_64_episode_seconds': 1668.8084506243467, 'peak_bytes': 3700619264}
1.7b: 60/1920 decisions, 1.04 min
1.7b: 90/1920 decisions, 1.47 min
1.7b: 120/1920 decisions, 1.91 min
1.7b: 150/1920 decisions, 2.30 min
1.7b: 180/1920 decisions, 2.71 min
1.7b: 210/1920 decisions, 3.08 min
1.7b: 240/1920 decisions, 3.47 min
1.7b: 270/1920 decisions, 3.87 min
1.7b: 300/1920 decisions, 4.26 min
1.7b: 330/1920 decisions, 4.63 min
1.7b: 360/1920 decisions, 5.03 min
1.7b: 390/1920 decisions, 5.41 min
1.7b: 420/1920 decisions, 5.81 min
1.7b: 450/1920 decisions, 6.20 min
1.7b: 480/1920 decisions, 6.59 min
1.7b: 510/1920 decisions, 6.97 min
1.7b: 540/1920 decisions, 7.42 min
1.7b: 570/1920 decisions, 7.82 min
1.7b: 600/1920 decisions, 8.23 min
1.7b: 630/1920 decisions, 8.63 min
1.7b: 660/1920 decisions, 9.02 min
1.7b: 690/1920 decisions, 9.41 min
1.7b: 720/1920 decisions, 9.82 min
1.7b: 750/1920 decisions, 10.24 min
1.7b: 780/1920 decisions, 10.64 min
1.7b: 810/1920 decisions, 11.05 min
1.7b: 840/1920 decisions, 11.42 min
1.7b: 870/1920 decisions, 11.81 min
1.7b: 900/1920 decisions, 12.22 min
1.7b: 930/1920 decisions, 12.65 min
1.7b: 960/1920 decisions, 13.08 min
1.7b: 990/1920 decisions, 13.47 min
1.7b: 1020/1920 decisions, 13.84 min
1.7b: 1050/1920 decisions, 14.24 min
1.7b: 1080/1920 decisions, 14.65 min
1.7b: 1110/1920 decisions, 15.09 min
1.7b: 1140/1920 decisions, 15.51 min
1.7b: 1170/1920 decisions, 15.94 min
1.7b: 1200/1920 decisions, 16.31 min
1.7b: 1230/1920 decisions, 16.66 min
1.7b: 1260/1920 decisions, 17.06 min
1.7b: 1290/1920 decisions, 17.42 min
1.7b: 1320/1920 decisions, 17.81 min
1.7b: 1350/1920 decisions, 18.19 min
1.7b: 1380/1920 decisions, 18.62 min
1.7b: 1410/1920 decisions, 19.02 min
1.7b: 1440/1920 decisions, 19.45 min
1.7b: 1470/1920 decisions, 19.83 min
1.7b: 1500/1920 decisions, 20.27 min
1.7b: 1530/1920 decisions, 20.63 min
1.7b: 1560/1920 decisions, 21.07 min
1.7b: 1590/1920 decisions, 21.44 min
1.7b: 1620/1920 decisions, 21.84 min
1.7b: 1650/1920 decisions, 22.25 min
1.7b: 1680/1920 decisions, 22.63 min
1.7b: 1710/1920 decisions, 23.03 min
1.7b: 1740/1920 decisions, 23.44 min
1.7b: 1770/1920 decisions, 23.83 min
1.7b: 1800/1920 decisions, 24.21 min
1.7b: 1830/1920 decisions, 24.56 min
1.7b: 1860/1920 decisions, 24.99 min
1.7b: 1890/1920 decisions, 25.38 min
1.7b: 1920/1920 decisions, 25.80 min
