{
  "purpose": "Completion/censoring diagnostic, declared after delay failures but before task-score aggregation; does not replace the frozen common-sample reading",
  "scheduled_n": 192,
  "complete_checkpoints_by_arm": {
    "A": 192,
    "B": 124,
    "C": 192
  },
  "twice_capped_episodes": {
    "A": [],
    "B": [
      "final:sort:ascending:512:0",
      "final:sort:ascending:512:12",
      "final:sort:ascending:512:13",
      "final:sort:ascending:512:14",
      "final:sort:ascending:512:15",
      "final:sort:ascending:512:16",
      "final:sort:ascending:512:17",
      "final:sort:ascending:512:18",
      "final:sort:ascending:512:19",
      "final:sort:ascending:512:2",
      "final:sort:ascending:512:20",
      "final:sort:ascending:512:21",
      "final:sort:ascending:512:24",
      "final:sort:ascending:512:25",
      "final:sort:ascending:512:26",
      "final:sort:ascending:512:27",
      "final:sort:ascending:512:28",
      "final:sort:ascending:512:3",
      "final:sort:ascending:512:30",
      "final:sort:ascending:512:32",
      "final:sort:ascending:512:33",
      "final:sort:ascending:512:34",
      "final:sort:ascending:512:36",
      "final:sort:ascending:512:39",
      "final:sort:ascending:512:4",
      "final:sort:ascending:512:40",
      "final:sort:ascending:512:42",
      "final:sort:ascending:512:43",
      "final:sort:ascending:512:44",
      "final:sort:ascending:512:45",
      "final:sort:ascending:512:46",
      "final:sort:ascending:512:47",
      "final:sort:ascending:512:6",
      "final:sort:ascending:512:7",
      "final:sort:ascending:512:8",
      "final:sort:ascending:512:9",
      "final:sort:descending:512:0",
      "final:sort:descending:512:1",
      "final:sort:descending:512:10",
      "final:sort:descending:512:11",
      "final:sort:descending:512:12",
      "final:sort:descending:512:13",
      "final:sort:descending:512:15",
      "final:sort:descending:512:16",
      "final:sort:descending:512:17",
      "final:sort:descending:512:19",
      "final:sort:descending:512:2",
      "final:sort:descending:512:20",
      "final:sort:descending:512:21",
      "final:sort:descending:512:22",
      "final:sort:descending:512:23",
      "final:sort:descending:512:27",
      "final:sort:descending:512:28",
      "final:sort:descending:512:29",
      "final:sort:descending:512:3",
      "final:sort:descending:512:30",
      "final:sort:descending:512:31",
      "final:sort:descending:512:34",
      "final:sort:descending:512:35",
      "final:sort:descending:512:38",
      "final:sort:descending:512:39",
      "final:sort:descending:512:40",
      "final:sort:descending:512:41",
      "final:sort:descending:512:43",
      "final:sort:descending:512:45",
      "final:sort:descending:512:46",
      "final:sort:descending:512:8",
      "final:sort:descending:512:9"
    ],
    "C": []
  },
  "A_C_complete_pair_diagnostic": {
    "n": 192,
    "arms": {
      "A": {
        "n": 192,
        "counts": {
          "all_five": 151,
          "constraint": 0,
          "broken": 0,
          "json_invalid": 0,
          "schema_invalid": 0,
          "empty": 0,
          "placeholder": 0,
          "truncated": 0,
          "repetitive": 0,
          "user_fact": 1,
          "tool_fact": 1,
          "assistant_fact": 39
        },
        "denominators": {
          "all_five": 192,
          "constraint": 192,
          "broken": 192,
          "json_invalid": 192,
          "schema_invalid": 192,
          "empty": 192,
          "placeholder": 192,
          "truncated": 192,
          "repetitive": 192,
          "user_fact": 192,
          "tool_fact": 192,
          "assistant_fact": 64
        },
        "checkpoints": {
          "SWITCH": {
            "n": 192,
            "success": 179,
            "constraint_failures": 0,
            "broken": 0,
            "json_invalid": 0,
            "schema_invalid": 0,
            "empty": 0,
            "placeholder": 0,
            "truncated": 0,
            "repetitive": 0
          },
          "HOLD": {
            "n": 192,
            "success": 181,
            "constraint_failures": 0,
            "broken": 0,
            "json_invalid": 0,
            "schema_invalid": 0,
            "empty": 0,
            "placeholder": 0,
            "truncated": 0,
            "repetitive": 0
          },
          "BACK": {
            "n": 192,
            "success": 186,
            "constraint_failures": 0,
            "broken": 0,
            "json_invalid": 0,
            "schema_invalid": 0,
            "empty": 0,
            "placeholder": 0,
            "truncated": 0,
            "repetitive": 0
          },
          "CLEAR": {
            "n": 192,
            "success": 188,
            "constraint_failures": 0,
            "broken": 0,
            "json_invalid": 0,
            "schema_invalid": 0,
            "empty": 0,
            "placeholder": 0,
            "truncated": 0,
            "repetitive": 0
          },
          "NEUTRAL2": {
            "n": 192,
            "success": 178,
            "constraint_failures": 0,
            "broken": 0,
            "json_invalid": 0,
            "schema_invalid": 0,
            "empty": 0,
            "placeholder": 0,
            "truncated": 0,
            "repetitive": 0
          }
        }
      },
      "C": {
        "n": 192,
        "counts": {
          "all_five": 131,
          "constraint": 0,
          "broken": 0,
          "json_invalid": 0,
          "schema_invalid": 0,
          "empty": 0,
          "placeholder": 0,
          "truncated": 0,
          "repetitive": 0,
          "user_fact": 0,
          "tool_fact": 0,
          "assistant_fact": 42
        },
        "denominators": {
          "all_five": 192,
          "constraint": 192,
          "broken": 192,
          "json_invalid": 192,
          "schema_invalid": 192,
          "empty": 192,
          "placeholder": 192,
          "truncated": 192,
          "repetitive": 192,
          "user_fact": 192,
          "tool_fact": 192,
          "assistant_fact": 64
        },
        "checkpoints": {
          "SWITCH": {
            "n": 192,
            "success": 169,
            "constraint_failures": 0,
            "broken": 0,
            "json_invalid": 0,
            "schema_invalid": 0,
            "empty": 0,
            "placeholder": 0,
            "truncated": 0,
            "repetitive": 0
          },
          "HOLD": {
            "n": 192,
            "success": 184,
            "constraint_failures": 0,
            "broken": 0,
            "json_invalid": 0,
            "schema_invalid": 0,
            "empty": 0,
            "placeholder": 0,
            "truncated": 0,
            "repetitive": 0
          },
          "BACK": {
            "n": 192,
            "success": 171,
            "constraint_failures": 0,
            "broken": 0,
            "json_invalid": 0,
            "schema_invalid": 0,
            "empty": 0,
            "placeholder": 0,
            "truncated": 0,
            "repetitive": 0
          },
          "CLEAR": {
            "n": 192,
            "success": 169,
            "constraint_failures": 0,
            "broken": 0,
            "json_invalid": 0,
            "schema_invalid": 0,
            "empty": 0,
            "placeholder": 0,
            "truncated": 0,
            "repetitive": 0
          },
          "NEUTRAL2": {
            "n": 192,
            "success": 192,
            "constraint_failures": 0,
            "broken": 0,
            "json_invalid": 0,
            "schema_invalid": 0,
            "empty": 0,
            "placeholder": 0,
            "truncated": 0,
            "repetitive": 0
          }
        }
      }
    },
    "A_vs_C": {
      "all_five": {
        "n": 192,
        "candidate": 151,
        "comparator": 131,
        "b": 39,
        "c": 19,
        "delta_count": 20,
        "p_better": 0.005964069857881588,
        "p_worse": 0.9973225701745998
      },
      "constraint": {
        "n": 192,
        "candidate": 0,
        "comparator": 0,
        "b": 0,
        "c": 0,
        "delta_count": 0,
        "p_better": 1.0,
        "p_worse": 1.0
      },
      "broken": {
        "n": 192,
        "candidate": 0,
        "comparator": 0,
        "b": 0,
        "c": 0,
        "delta_count": 0,
        "p_better": 1.0,
        "p_worse": 1.0
      },
      "json_invalid": {
        "n": 192,
        "candidate": 0,
        "comparator": 0,
        "b": 0,
        "c": 0,
        "delta_count": 0,
        "p_better": 1.0,
        "p_worse": 1.0
      },
      "schema_invalid": {
        "n": 192,
        "candidate": 0,
        "comparator": 0,
        "b": 0,
        "c": 0,
        "delta_count": 0,
        "p_better": 1.0,
        "p_worse": 1.0
      },
      "empty": {
        "n": 192,
        "candidate": 0,
        "comparator": 0,
        "b": 0,
        "c": 0,
        "delta_count": 0,
        "p_better": 1.0,
        "p_worse": 1.0
      },
      "placeholder": {
        "n": 192,
        "candidate": 0,
        "comparator": 0,
        "b": 0,
        "c": 0,
        "delta_count": 0,
        "p_better": 1.0,
        "p_worse": 1.0
      },
      "truncated": {
        "n": 192,
        "candidate": 0,
        "comparator": 0,
        "b": 0,
        "c": 0,
        "delta_count": 0,
        "p_better": 1.0,
        "p_worse": 1.0
      },
      "repetitive": {
        "n": 192,
        "candidate": 0,
        "comparator": 0,
        "b": 0,
        "c": 0,
        "delta_count": 0,
        "p_better": 1.0,
        "p_worse": 1.0
      },
      "user_fact": {
        "n": 192,
        "candidate": 1,
        "comparator": 0,
        "b": 1,
        "c": 0,
        "delta_count": 1,
        "p_better": 0.5,
        "p_worse": 1.0
      },
      "tool_fact": {
        "n": 192,
        "candidate": 1,
        "comparator": 0,
        "b": 1,
        "c": 0,
        "delta_count": 1,
        "p_better": 0.5,
        "p_worse": 1.0
      },
      "assistant_fact": {
        "n": 64,
        "candidate": 39,
        "comparator": 42,
        "b": 13,
        "c": 16,
        "delta_count": -3,
        "p_better": 0.77087084017694,
        "p_worse": 0.355535551905632
      }
    }
  }
}
