{
  "status": "PASS",
  "records": 4471,
  "episodes": 124,
  "excluded_ids": [
    "final:sort:ascending:512:0",
    "final:sort:ascending:512:2",
    "final:sort:ascending:512:3",
    "final:sort:ascending:512:4",
    "final:sort:ascending:512:6",
    "final:sort:ascending:512:7",
    "final:sort:ascending:512:8",
    "final:sort:ascending:512:9",
    "final:sort:ascending:512:12",
    "final:sort:ascending:512:13",
    "final:sort:ascending:512:14",
    "final:sort:ascending:512:15",
    "final:sort:ascending:512:16",
    "final:sort:ascending:512:17",
    "final:sort:ascending:512:18",
    "final:sort:ascending:512:19",
    "final:sort:ascending:512:20",
    "final:sort:ascending:512:21",
    "final:sort:ascending:512:24",
    "final:sort:ascending:512:25",
    "final:sort:ascending:512:26",
    "final:sort:ascending:512:27",
    "final:sort:ascending:512:28",
    "final:sort:ascending:512:30",
    "final:sort:ascending:512:32",
    "final:sort:ascending:512:33",
    "final:sort:ascending:512:34",
    "final:sort:ascending:512:36",
    "final:sort:ascending:512:39",
    "final:sort:ascending:512:40",
    "final:sort:ascending:512:42",
    "final:sort:ascending:512:43",
    "final:sort:ascending:512:44",
    "final:sort:ascending:512:45",
    "final:sort:ascending:512:46",
    "final:sort:ascending:512:47",
    "final:sort:descending:512:0",
    "final:sort:descending:512:1",
    "final:sort:descending:512:2",
    "final:sort:descending:512:3",
    "final:sort:descending:512:8",
    "final:sort:descending:512:9",
    "final:sort:descending:512:10",
    "final:sort:descending:512:11",
    "final:sort:descending:512:12",
    "final:sort:descending:512:13",
    "final:sort:descending:512:15",
    "final:sort:descending:512:16",
    "final:sort:descending:512:17",
    "final:sort:descending:512:19",
    "final:sort:descending:512:20",
    "final:sort:descending:512:21",
    "final:sort:descending:512:22",
    "final:sort:descending:512:23",
    "final:sort:descending:512:27",
    "final:sort:descending:512:28",
    "final:sort:descending:512:29",
    "final:sort:descending:512:30",
    "final:sort:descending:512:31",
    "final:sort:descending:512:34",
    "final:sort:descending:512:35",
    "final:sort:descending:512:38",
    "final:sort:descending:512:39",
    "final:sort:descending:512:40",
    "final:sort:descending:512:41",
    "final:sort:descending:512:43",
    "final:sort:descending:512:45",
    "final:sort:descending:512:46"
  ],
  "record_hashes_bindings_caps_verified": true,
  "all_arm_all_five_constraint_collateral_f6_counts_independently_recomputed": true,
  "exact_mcnemar_independently_recomputed": true,
  "source_reading_recovery_binding_verified": true,
  "recorded_reference_files_git_blob_verified": 2560,
  "comparator_versus_original": {
    "records": 1632,
    "identical_counts": {
      "input_ids": 1632,
      "output_ids": 1632,
      "eos": 1632,
      "flags": 1632
    }
  },
  "gpu_cap_pass": true,
  "flag_absent": true
}
