{"utc": "2026-09-06T00:31:35Z", "gpu": "", "blocking_gpu": [], "flags": [], "ready": true}
{"episode": 1, "arm": "A", "valid": true, "elapsed": 346.65384059200005}
{"episode": 1, "arm": "B", "valid": true, "elapsed": 361.9974700370003}
{"episode": 1, "arm": "C", "valid": true, "elapsed": 377.78302933800023}
{"episode": 2, "arm": "A", "valid": true, "elapsed": 391.8692377369998}
{"episode": 2, "arm": "B", "valid": true, "elapsed": 406.142410812}
{"episode": 2, "arm": "C", "valid": true, "elapsed": 420.84775434699986}
{"episode": 3, "arm": "A", "valid": true, "elapsed": 435.008592571}
{"episode": 3, "arm": "B", "valid": true, "elapsed": 449.3338416429997}
{"episode": 3, "arm": "C", "valid": true, "elapsed": 463.84675264900034}
{"episode": 4, "arm": "A", "valid": true, "elapsed": 478.17474019400015}
{"episode": 4, "arm": "B", "valid": true, "elapsed": 492.4993790259996}
{"episode": 4, "arm": "C", "valid": true, "elapsed": 506.97084556499976}
{"episode": 5, "arm": "A", "valid": true, "elapsed": 522.5508749789997}
{"episode": 5, "arm": "B", "valid": true, "elapsed": 538.2881614509997}
{"episode": 5, "arm": "C", "valid": true, "elapsed": 554.0573858600001}
{"episode": 6, "arm": "A", "valid": true, "elapsed": 567.627410999}
{"episode": 6, "arm": "B", "valid": true, "elapsed": 581.356676288}
{"episode": 6, "arm": "C", "valid": true, "elapsed": 595.0520738759997}
{"episode": 7, "arm": "A", "valid": true, "elapsed": 609.1207087209996}
{"episode": 7, "arm": "B", "valid": true, "elapsed": 623.3587245549998}
{"episode": 7, "arm": "C", "valid": true, "elapsed": 637.8927061819995}
{"episode": 8, "arm": "A", "valid": true, "elapsed": 652.670565157}
{"episode": 8, "arm": "B", "valid": true, "elapsed": 667.6215963280001}
{"episode": 8, "arm": "C", "valid": true, "elapsed": 682.855015866}
{"episode": 9, "arm": "A", "valid": true, "elapsed": 697.1388118479999}
{"episode": 9, "arm": "B", "valid": true, "elapsed": 711.592868361}
{"episode": 9, "arm": "C", "valid": true, "elapsed": 726.0161900470002}
{"episode": 10, "arm": "A", "valid": true, "elapsed": 740.9527484259997}
{"episode": 10, "arm": "B", "valid": true, "elapsed": 756.0720459470003}
{"episode": 10, "arm": "C", "valid": true, "elapsed": 771.174258385}
{"episode": 11, "arm": "A", "valid": true, "elapsed": 786.2302808149998}
{"episode": 11, "arm": "B", "valid": true, "elapsed": 801.466078466}
{"episode": 11, "arm": "C", "valid": true, "elapsed": 816.8858733859997}
{"episode": 12, "arm": "A", "valid": true, "elapsed": 832.0645681360002}
{"episode": 12, "arm": "B", "valid": true, "elapsed": 847.4079789259995}
{"episode": 12, "arm": "C", "valid": true, "elapsed": 862.6969646970001}
{"episode": 13, "arm": "A", "valid": true, "elapsed": 877.2633549519996}
{"episode": 13, "arm": "B", "valid": true, "elapsed": 891.9977610010001}
{"episode": 13, "arm": "C", "valid": true, "elapsed": 906.8103228059999}
{"episode": 14, "arm": "A", "valid": true, "elapsed": 921.0471621979996}
{"episode": 14, "arm": "B", "valid": true, "elapsed": 935.4348379009998}
{"episode": 14, "arm": "C", "valid": true, "elapsed": 950.0065056679996}
{"episode": 15, "arm": "A", "valid": true, "elapsed": 964.5494749789996}
{"episode": 15, "arm": "B", "valid": true, "elapsed": 979.2735423100003}
{"episode": 15, "arm": "C", "valid": true, "elapsed": 994.0743562730004}
{"episode": 16, "arm": "A", "valid": true, "elapsed": 1008.9691996629999}
{"episode": 16, "arm": "B", "valid": true, "elapsed": 1024.0872668450002}
{"episode": 16, "arm": "C", "valid": true, "elapsed": 1039.1846125029997}
{"episode": 17, "arm": "A", "valid": true, "elapsed": 1052.70356585}
{"episode": 17, "arm": "B", "valid": true, "elapsed": 1066.3781134390001}
{"episode": 17, "arm": "C", "valid": true, "elapsed": 1080.1160642059995}
{"episode": 18, "arm": "A", "valid": true, "elapsed": 1094.954275436}
{"episode": 18, "arm": "B", "valid": true, "elapsed": 1109.9724749700008}
{"episode": 18, "arm": "C", "valid": true, "elapsed": 1125.0364298859995}
{"episode": 19, "arm": "A", "valid": true, "elapsed": 1138.4394395900008}
{"episode": 19, "arm": "B", "valid": true, "elapsed": 1151.9865012380005}
{"episode": 19, "arm": "C", "valid": true, "elapsed": 1165.442037205}
{"episode": 20, "arm": "A", "valid": true, "elapsed": 1179.2911179899993}
{"episode": 20, "arm": "B", "valid": true, "elapsed": 1193.3055255360005}
{"episode": 20, "arm": "C", "valid": true, "elapsed": 1207.371709524}
{"episode": 21, "arm": "A", "valid": true, "elapsed": 1221.1199376239992}
{"episode": 21, "arm": "B", "valid": true, "elapsed": 1235.0238730680003}
{"episode": 21, "arm": "C", "valid": true, "elapsed": 1248.9681245260008}
{"episode": 22, "arm": "A", "valid": true, "elapsed": 1262.4380257229996}
{"episode": 22, "arm": "B", "valid": true, "elapsed": 1276.067937932}
{"episode": 22, "arm": "C", "valid": true, "elapsed": 1289.727223072}
{"episode": 23, "arm": "A", "valid": true, "elapsed": 1303.8502749749996}
{"episode": 23, "arm": "B", "valid": true, "elapsed": 1318.1360398089992}
{"episode": 23, "arm": "C", "valid": true, "elapsed": 1332.470055019}
{"episode": 24, "arm": "A", "valid": true, "elapsed": 1347.2571616750001}
{"episode": 24, "arm": "B", "valid": true, "elapsed": 1362.2510469880008}
{"episode": 24, "arm": "C", "valid": true, "elapsed": 1377.3175545900003}
{"episode": 25, "arm": "A", "valid": true, "elapsed": 1390.7400922019997}
{"episode": 25, "arm": "B", "valid": true, "elapsed": 1404.3109022300005}
{"episode": 25, "arm": "C", "valid": true, "elapsed": 1417.9281097760004}
{"episode": 26, "arm": "A", "valid": true, "elapsed": 1432.0020673499994}
{"episode": 26, "arm": "B", "valid": true, "elapsed": 1446.2397743659994}
{"episode": 26, "arm": "C", "valid": true, "elapsed": 1460.5210872029993}
{"episode": 27, "arm": "A", "valid": true, "elapsed": 1474.3104008290002}
{"episode": 27, "arm": "B", "valid": true, "elapsed": 1488.260800121}
{"episode": 27, "arm": "C", "valid": true, "elapsed": 1502.2756657420005}
{"episode": 28, "arm": "A", "valid": true, "elapsed": 1516.1416137309998}
{"episode": 28, "arm": "B", "valid": true, "elapsed": 1530.1716127730006}
{"episode": 28, "arm": "C", "valid": true, "elapsed": 1544.2350791630006}
{"episode": 29, "arm": "A", "valid": true, "elapsed": 1557.050738470999}
{"episode": 29, "arm": "B", "valid": true, "elapsed": 1570.0227760280004}
{"episode": 29, "arm": "C", "valid": true, "elapsed": 1583.0412500419998}
{"episode": 30, "arm": "A", "valid": true, "elapsed": 1597.2895082959994}
{"episode": 30, "arm": "B", "valid": true, "elapsed": 1611.7046767319998}
{"episode": 30, "arm": "C", "valid": true, "elapsed": 1626.1617740829997}
{"episode": 31, "arm": "A", "valid": true, "elapsed": 1638.8046650229999}
{"episode": 31, "arm": "B", "valid": true, "elapsed": 1651.5998472229994}
{"episode": 31, "arm": "C", "valid": true, "elapsed": 1664.4468224340008}
{"episode": 32, "arm": "A", "valid": true, "elapsed": 1678.0922042499997}
{"episode": 32, "arm": "B", "valid": true, "elapsed": 1691.9035298219997}
{"episode": 32, "arm": "C", "valid": true, "elapsed": 1705.7001669819992}
{"episode": 33, "arm": "A", "valid": true, "elapsed": 1718.967664236}
{"episode": 33, "arm": "B", "valid": true, "elapsed": 1732.3872006779993}
{"episode": 33, "arm": "C", "valid": true, "elapsed": 1745.6980641630007}
{"episode": 34, "arm": "A", "valid": true, "elapsed": 1759.5743411680005}
{"episode": 34, "arm": "B", "valid": true, "elapsed": 1773.5996682920004}
{"episode": 34, "arm": "C", "valid": true, "elapsed": 1787.6732101749994}
{"episode": 35, "arm": "A", "valid": true, "elapsed": 1801.095208275}
{"episode": 35, "arm": "B", "valid": true, "elapsed": 1814.669823927}
{"episode": 35, "arm": "C", "valid": true, "elapsed": 1828.3105836309996}
{"episode": 36, "arm": "A", "valid": true, "elapsed": 1841.797923997}
{"episode": 36, "arm": "B", "valid": true, "elapsed": 1855.448204588999}
{"episode": 36, "arm": "C", "valid": true, "elapsed": 1869.1250946530008}
{"episode": 37, "arm": "A", "valid": true, "elapsed": 1882.7083192340006}
{"episode": 37, "arm": "B", "valid": true, "elapsed": 1896.3037090709995}
{"episode": 37, "arm": "C", "valid": true, "elapsed": 1910.1002054600003}
{"episode": 38, "arm": "A", "valid": true, "elapsed": 1923.7946737789998}
{"episode": 38, "arm": "B", "valid": true, "elapsed": 1937.6543374040002}
{"episode": 38, "arm": "C", "valid": true, "elapsed": 1951.563456723}
{"episode": 39, "arm": "A", "valid": true, "elapsed": 1965.4330190160008}
{"episode": 39, "arm": "B", "valid": true, "elapsed": 1979.4653274399998}
{"episode": 39, "arm": "C", "valid": true, "elapsed": 1993.5538239539992}
{"episode": 40, "arm": "A", "valid": true, "elapsed": 2006.874342140999}
{"episode": 40, "arm": "B", "valid": true, "elapsed": 2020.3507570129996}
{"episode": 40, "arm": "C", "valid": true, "elapsed": 2033.7086626980008}
{"episode": 41, "arm": "A", "valid": true, "elapsed": 2047.173442319}
{"episode": 41, "arm": "B", "valid": true, "elapsed": 2060.8135590310003}
{"episode": 41, "arm": "C", "valid": true, "elapsed": 2074.5076884990003}
{"episode": 42, "arm": "A", "valid": true, "elapsed": 2088.382594317999}
{"episode": 42, "arm": "B", "valid": true, "elapsed": 2102.4211468839994}
{"episode": 42, "arm": "C", "valid": true, "elapsed": 2116.4995824370008}
{"episode": 43, "arm": "A", "valid": true, "elapsed": 2130.6948952150005}
{"episode": 43, "arm": "B", "valid": true, "elapsed": 2145.057009944}
{"episode": 43, "arm": "C", "valid": true, "elapsed": 2159.468865641001}
{"episode": 44, "arm": "A", "valid": true, "elapsed": 2173.2918165620003}
{"episode": 44, "arm": "B", "valid": true, "elapsed": 2187.279723629}
{"episode": 44, "arm": "C", "valid": true, "elapsed": 2201.3082232360002}
{"episode": 45, "arm": "A", "valid": true, "elapsed": 2215.3831278360003}
{"episode": 45, "arm": "B", "valid": true, "elapsed": 2229.6341500690005}
{"episode": 45, "arm": "C", "valid": true, "elapsed": 2243.9255600490005}
{"episode": 46, "arm": "A", "valid": true, "elapsed": 2257.03673748}
{"episode": 46, "arm": "B", "valid": true, "elapsed": 2270.288965966999}
{"episode": 46, "arm": "C", "valid": true, "elapsed": 2283.743901663999}
{"episode": 47, "arm": "A", "valid": true, "elapsed": 2297.4339325299998}
{"episode": 47, "arm": "B", "valid": true, "elapsed": 2311.2790565179994}
{"episode": 47, "arm": "C", "valid": true, "elapsed": 2325.193380918}
{"episode": 48, "arm": "A", "valid": true, "elapsed": 2338.6186927280005}
{"episode": 48, "arm": "B", "valid": true, "elapsed": 2352.201265831999}
{"episode": 48, "arm": "C", "valid": true, "elapsed": 2365.8439406179996}
{"episode": 49, "arm": "A", "valid": true, "elapsed": 2392.4441954959993}
{"episode": 49, "arm": "B", "valid": false, "elapsed": 2420.6454154659996}
{"episode": 49, "arm": "C", "valid": true, "elapsed": 2438.6364757700003}
{"episode": 50, "arm": "A", "valid": true, "elapsed": 2465.1990210760005}
{"episode": 50, "arm": "B", "valid": true, "elapsed": 2504.9862431320007}
{"episode": 50, "arm": "C", "valid": true, "elapsed": 2522.572765337999}
{"episode": 51, "arm": "A", "valid": true, "elapsed": 2551.1830921930004}
{"episode": 51, "arm": "B", "valid": false, "elapsed": 2579.385745621}
{"episode": 51, "arm": "C", "valid": true, "elapsed": 2598.9706674729996}
{"episode": 52, "arm": "A", "valid": true, "elapsed": 2625.8289110739997}
{"episode": 52, "arm": "B", "valid": false, "elapsed": 2654.0413223999994}
{"episode": 52, "arm": "C", "valid": true, "elapsed": 2671.921785527001}
{"episode": 53, "arm": "A", "valid": true, "elapsed": 2698.981557042999}
{"episode": 53, "arm": "B", "valid": false, "elapsed": 2729.4726976829998}
{"episode": 53, "arm": "C", "valid": true, "elapsed": 2747.3947369829993}
{"episode": 54, "arm": "A", "valid": true, "elapsed": 2775.2229090440005}
{"episode": 54, "arm": "B", "valid": true, "elapsed": 2798.2865938120003}
{"episode": 54, "arm": "C", "valid": true, "elapsed": 2817.062708327}
{"episode": 55, "arm": "A", "valid": true, "elapsed": 2844.02158265}
{"episode": 55, "arm": "B", "valid": false, "elapsed": 2872.2291029729995}
{"episode": 55, "arm": "C", "valid": true, "elapsed": 2890.53683308}
{"episode": 56, "arm": "A", "valid": true, "elapsed": 2917.788145836}
{"episode": 56, "arm": "B", "valid": false, "elapsed": 2945.9955402940004}
{"episode": 56, "arm": "C", "valid": true, "elapsed": 2964.3512456569997}
{"episode": 57, "arm": "A", "valid": true, "elapsed": 2991.1506606489993}
{"episode": 57, "arm": "B", "valid": false, "elapsed": 3038.3172699319994}
{"episode": 57, "arm": "C", "valid": true, "elapsed": 3056.107353033999}
{"episode": 58, "arm": "A", "valid": true, "elapsed": 3083.7795886579997}
{"episode": 58, "arm": "B", "valid": false, "elapsed": 3111.9822486509993}
{"episode": 58, "arm": "C", "valid": true, "elapsed": 3130.6631110829994}
{"episode": 59, "arm": "A", "valid": true, "elapsed": 3159.0249753479993}
{"episode": 59, "arm": "B", "valid": true, "elapsed": 3182.9681741779996}
{"episode": 59, "arm": "C", "valid": true, "elapsed": 3202.6672177419996}
{"episode": 60, "arm": "A", "valid": true, "elapsed": 3231.1714582960003}
{"episode": 60, "arm": "B", "valid": true, "elapsed": 3255.2606052670008}
{"episode": 60, "arm": "C", "valid": true, "elapsed": 3274.8559512990005}
{"episode": 61, "arm": "A", "valid": true, "elapsed": 3303.4367724859994}
{"episode": 61, "arm": "B", "valid": false, "elapsed": 3351.1009042140004}
{"episode": 61, "arm": "C", "valid": true, "elapsed": 3370.5223930679995}
{"episode": 62, "arm": "A", "valid": true, "elapsed": 3397.497959150999}
{"episode": 62, "arm": "B", "valid": false, "elapsed": 3427.9869572279995}
{"episode": 62, "arm": "C", "valid": true, "elapsed": 3445.9803154440006}
{"episode": 63, "arm": "A", "valid": true, "elapsed": 3472.7435302900003}
{"episode": 63, "arm": "B", "valid": false, "elapsed": 3503.234235421999}
{"episode": 63, "arm": "C", "valid": true, "elapsed": 3521.0020518089996}
{"episode": 64, "arm": "A", "valid": true, "elapsed": 3549.1626601569997}
{"episode": 64, "arm": "B", "valid": false, "elapsed": 3577.3663958669995}
{"episode": 64, "arm": "C", "valid": true, "elapsed": 3596.7391300930003}
{"episode": 65, "arm": "A", "valid": true, "elapsed": 3623.8383232839997}
{"episode": 65, "arm": "B", "valid": false, "elapsed": 3654.330933192}
{"episode": 65, "arm": "C", "valid": true, "elapsed": 3672.506222290999}
{"episode": 66, "arm": "A", "valid": true, "elapsed": 3698.7355252909992}
{"episode": 66, "arm": "B", "valid": false, "elapsed": 3729.2318741579993}
{"episode": 66, "arm": "C", "valid": true, "elapsed": 3746.531395715}
{"episode": 67, "arm": "A", "valid": true, "elapsed": 3773.0649476949993}
{"episode": 67, "arm": "B", "valid": false, "elapsed": 3801.2687791889994}
{"episode": 67, "arm": "C", "valid": true, "elapsed": 3818.87896198}
{"episode": 68, "arm": "A", "valid": true, "elapsed": 3845.902940989}
{"episode": 68, "arm": "B", "valid": false, "elapsed": 3891.993945055}
{"episode": 68, "arm": "C", "valid": true, "elapsed": 3910.113004927999}
{"episode": 69, "arm": "A", "valid": true, "elapsed": 3937.1298693849994}
{"episode": 69, "arm": "B", "valid": false, "elapsed": 3965.3324647090003}
{"episode": 69, "arm": "C", "valid": true, "elapsed": 3983.4284018989993}
{"episode": 70, "arm": "A", "valid": true, "elapsed": 4009.4895817589995}
{"episode": 70, "arm": "B", "valid": false, "elapsed": 4039.9763735919996}
{"episode": 70, "arm": "C", "valid": true, "elapsed": 4057.088162526}
{"episode": 71, "arm": "A", "valid": true, "elapsed": 4083.7847622420004}
{"episode": 71, "arm": "B", "valid": true, "elapsed": 4105.995046884999}
{"episode": 71, "arm": "C", "valid": true, "elapsed": 4123.767162568999}
{"episode": 72, "arm": "A", "valid": true, "elapsed": 4149.363890206}
{"episode": 72, "arm": "B", "valid": true, "elapsed": 4170.544085926999}
{"episode": 72, "arm": "C", "valid": true, "elapsed": 4187.251215395}
{"episode": 73, "arm": "A", "valid": true, "elapsed": 4212.627284540001}
{"episode": 73, "arm": "B", "valid": false, "elapsed": 4240.836402059001}
{"episode": 73, "arm": "C", "valid": true, "elapsed": 4257.293656209999}
{"episode": 74, "arm": "A", "valid": true, "elapsed": 4283.775896851}
{"episode": 74, "arm": "B", "valid": false, "elapsed": 4311.971162094999}
{"episode": 74, "arm": "C", "valid": true, "elapsed": 4329.792135928}
{"episode": 75, "arm": "A", "valid": true, "elapsed": 4356.020114124}
{"episode": 75, "arm": "B", "valid": false, "elapsed": 4386.518214684001}
{"episode": 75, "arm": "C", "valid": true, "elapsed": 4403.8341718950005}
{"episode": 76, "arm": "A", "valid": true, "elapsed": 4430.5872980819995}
{"episode": 76, "arm": "B", "valid": false, "elapsed": 4461.083555368}
{"episode": 76, "arm": "C", "valid": true, "elapsed": 4478.934844048}
{"episode": 77, "arm": "A", "valid": true, "elapsed": 4505.4481052910005}
{"episode": 77, "arm": "B", "valid": false, "elapsed": 4533.654280762}
{"episode": 77, "arm": "C", "valid": true, "elapsed": 4551.256777887001}
{"episode": 78, "arm": "A", "valid": true, "elapsed": 4577.804369138}
{"episode": 78, "arm": "B", "valid": true, "elapsed": 4624.2714730630005}
{"episode": 78, "arm": "C", "valid": true, "elapsed": 4641.91914433}
{"episode": 79, "arm": "A", "valid": true, "elapsed": 4668.275028379}
{"episode": 79, "arm": "B", "valid": false, "elapsed": 4698.779342813}
{"episode": 79, "arm": "C", "valid": true, "elapsed": 4716.232192045}
{"episode": 80, "arm": "A", "valid": true, "elapsed": 4743.526941204999}
{"episode": 80, "arm": "B", "valid": true, "elapsed": 4766.403721869}
{"episode": 80, "arm": "C", "valid": true, "elapsed": 4784.877691430001}
{"episode": 81, "arm": "A", "valid": true, "elapsed": 4810.089560514}
{"episode": 81, "arm": "B", "valid": false, "elapsed": 4862.057982285}
{"episode": 81, "arm": "C", "valid": true, "elapsed": 4878.382485249001}
{"episode": 82, "arm": "A", "valid": true, "elapsed": 4905.658089682999}
{"episode": 82, "arm": "B", "valid": false, "elapsed": 4936.151132284001}
{"episode": 82, "arm": "C", "valid": true, "elapsed": 4954.570940586999}
{"episode": 83, "arm": "A", "valid": true, "elapsed": 4980.706908626999}
{"episode": 83, "arm": "B", "valid": false, "elapsed": 5011.199977903}
{"episode": 83, "arm": "C", "valid": true, "elapsed": 5028.438120100001}
{"episode": 84, "arm": "A", "valid": true, "elapsed": 5055.472422759}
{"episode": 84, "arm": "B", "valid": true, "elapsed": 5078.055410671}
{"episode": 84, "arm": "C", "valid": true, "elapsed": 5096.176063516}
{"episode": 85, "arm": "A", "valid": true, "elapsed": 5123.982791191999}
{"episode": 85, "arm": "B", "valid": false, "elapsed": 5154.424502090999}
{"episode": 85, "arm": "C", "valid": true, "elapsed": 5173.324400783001}
{"episode": 86, "arm": "A", "valid": true, "elapsed": 5198.662878341001}
{"episode": 86, "arm": "B", "valid": true, "elapsed": 5221.8477514609995}
{"episode": 86, "arm": "C", "valid": true, "elapsed": 5238.305045640999}
{"episode": 87, "arm": "A", "valid": true, "elapsed": 5264.977183123}
{"episode": 87, "arm": "B", "valid": true, "elapsed": 5287.2144853479995}
{"episode": 87, "arm": "C", "valid": true, "elapsed": 5304.983829759}
{"episode": 88, "arm": "A", "valid": true, "elapsed": 5332.107194731}
{"episode": 88, "arm": "B", "valid": false, "elapsed": 5379.767746707}
{"episode": 88, "arm": "C", "valid": true, "elapsed": 5397.971579116001}
{"episode": 89, "arm": "A", "valid": true, "elapsed": 5424.082147725}
{"episode": 89, "arm": "B", "valid": false, "elapsed": 5454.579889588001}
{"episode": 89, "arm": "C", "valid": true, "elapsed": 5471.787231990999}
{"episode": 90, "arm": "A", "valid": true, "elapsed": 5498.443012348001}
{"episode": 90, "arm": "B", "valid": true, "elapsed": 5524.681576172}
{"episode": 90, "arm": "C", "valid": true, "elapsed": 5542.419198307999}
{"episode": 91, "arm": "A", "valid": true, "elapsed": 5568.688861248999}
{"episode": 91, "arm": "B", "valid": false, "elapsed": 5596.8983287910005}
{"episode": 91, "arm": "C", "valid": true, "elapsed": 5614.251007198999}
{"episode": 92, "arm": "A", "valid": true, "elapsed": 5640.663929857}
{"episode": 92, "arm": "B", "valid": false, "elapsed": 5671.164650583}
{"episode": 92, "arm": "C", "valid": true, "elapsed": 5688.662844456}
{"episode": 93, "arm": "A", "valid": true, "elapsed": 5715.342780710001}
{"episode": 93, "arm": "B", "valid": false, "elapsed": 5745.839759242}
{"episode": 93, "arm": "C", "valid": true, "elapsed": 5763.606817646}
{"episode": 94, "arm": "A", "valid": true, "elapsed": 5789.873986199999}
{"episode": 94, "arm": "B", "valid": false, "elapsed": 5820.375933050999}
{"episode": 94, "arm": "C", "valid": true, "elapsed": 5837.733879721999}
{"episode": 95, "arm": "A", "valid": true, "elapsed": 5864.056427147}
{"episode": 95, "arm": "B", "valid": false, "elapsed": 5898.815364532001}
{"episode": 95, "arm": "C", "valid": true, "elapsed": 5916.216161431}
{"episode": 96, "arm": "A", "valid": true, "elapsed": 5942.704554198}
{"episode": 96, "arm": "B", "valid": false, "elapsed": 6005.531453797}
{"episode": 96, "arm": "C", "valid": true, "elapsed": 6023.116882134999}
{"episode": 97, "arm": "A", "valid": true, "elapsed": 6037.410863914999}
{"episode": 97, "arm": "B", "valid": true, "elapsed": 6051.878079404}
{"episode": 97, "arm": "C", "valid": true, "elapsed": 6066.524795183}
{"episode": 98, "arm": "A", "valid": true, "elapsed": 6080.610135292999}
{"episode": 98, "arm": "B", "valid": true, "elapsed": 6094.851869386}
{"episode": 98, "arm": "C", "valid": true, "elapsed": 6109.064349525}
{"episode": 99, "arm": "A", "valid": true, "elapsed": 6123.681930074}
{"episode": 99, "arm": "B", "valid": true, "elapsed": 6138.370093815999}
{"episode": 99, "arm": "C", "valid": true, "elapsed": 6153.073892889}
{"episode": 100, "arm": "A", "valid": true, "elapsed": 6167.930626525001}
{"episode": 100, "arm": "B", "valid": true, "elapsed": 6182.951905753001}
{"episode": 100, "arm": "C", "valid": true, "elapsed": 6198.386726502001}
{"episode": 101, "arm": "A", "valid": true, "elapsed": 6213.6314780719995}
{"episode": 101, "arm": "B", "valid": true, "elapsed": 6229.043199285}
{"episode": 101, "arm": "C", "valid": true, "elapsed": 6244.650672309}
{"episode": 102, "arm": "A", "valid": true, "elapsed": 6259.489050339999}
{"episode": 102, "arm": "B", "valid": true, "elapsed": 6274.486489914}
{"episode": 102, "arm": "C", "valid": true, "elapsed": 6289.580706529}
{"episode": 103, "arm": "A", "valid": true, "elapsed": 6303.992515277}
{"episode": 103, "arm": "B", "valid": true, "elapsed": 6318.577192297001}
{"episode": 103, "arm": "C", "valid": true, "elapsed": 6333.073191738999}
{"episode": 104, "arm": "A", "valid": true, "elapsed": 6346.871650984999}
{"episode": 104, "arm": "B", "valid": true, "elapsed": 6360.7207297039995}
{"episode": 104, "arm": "C", "valid": true, "elapsed": 6374.857584266}
{"episode": 105, "arm": "A", "valid": true, "elapsed": 6389.937515449}
{"episode": 105, "arm": "B", "valid": true, "elapsed": 6405.204007108}
{"episode": 105, "arm": "C", "valid": true, "elapsed": 6420.850481987999}
{"episode": 106, "arm": "A", "valid": true, "elapsed": 6434.699325903}
{"episode": 106, "arm": "B", "valid": true, "elapsed": 6448.7244814079995}
{"episode": 106, "arm": "C", "valid": true, "elapsed": 6462.717363631001}
{"episode": 107, "arm": "A", "valid": true, "elapsed": 6477.833454671}
{"episode": 107, "arm": "B", "valid": true, "elapsed": 6493.13318442}
{"episode": 107, "arm": "C", "valid": true, "elapsed": 6508.628397465999}
{"episode": 108, "arm": "A", "valid": true, "elapsed": 6523.57181006}
{"episode": 108, "arm": "B", "valid": true, "elapsed": 6538.4774895479995}
{"episode": 108, "arm": "C", "valid": true, "elapsed": 6553.577426305}
{"episode": 109, "arm": "A", "valid": true, "elapsed": 6569.260044935}
{"episode": 109, "arm": "B", "valid": true, "elapsed": 6585.129776143999}
{"episode": 109, "arm": "C", "valid": true, "elapsed": 6601.228103036}
{"episode": 110, "arm": "A", "valid": true, "elapsed": 6615.249397962}
{"episode": 110, "arm": "B", "valid": true, "elapsed": 6629.446050018}
{"episode": 110, "arm": "C", "valid": true, "elapsed": 6643.806610877001}
{"episode": 111, "arm": "A", "valid": true, "elapsed": 6658.046716549}
{"episode": 111, "arm": "B", "valid": true, "elapsed": 6672.437732133}
{"episode": 111, "arm": "C", "valid": true, "elapsed": 6687.2529776}
{"episode": 112, "arm": "A", "valid": true, "elapsed": 6701.732295194}
{"episode": 112, "arm": "B", "valid": true, "elapsed": 6716.371444695999}
{"episode": 112, "arm": "C", "valid": true, "elapsed": 6731.414427864999}
{"episode": 113, "arm": "A", "valid": true, "elapsed": 6744.627951025}
{"episode": 113, "arm": "B", "valid": true, "elapsed": 6757.994826495999}
{"episode": 113, "arm": "C", "valid": true, "elapsed": 6771.42575517}
{"episode": 114, "arm": "A", "valid": true, "elapsed": 6785.110891555}
{"episode": 114, "arm": "B", "valid": true, "elapsed": 6798.9321510029995}
{"episode": 114, "arm": "C", "valid": true, "elapsed": 6812.867648193001}
{"episode": 115, "arm": "A", "valid": true, "elapsed": 6827.291228043}
{"episode": 115, "arm": "B", "valid": true, "elapsed": 6841.759770240001}
{"episode": 115, "arm": "C", "valid": true, "elapsed": 6856.278625233}
{"episode": 116, "arm": "A", "valid": true, "elapsed": 6869.9646981}
{"episode": 116, "arm": "B", "valid": true, "elapsed": 6883.818738958999}
{"episode": 116, "arm": "C", "valid": true, "elapsed": 6897.839075098999}
{"episode": 117, "arm": "A", "valid": true, "elapsed": 6911.433822815}
{"episode": 117, "arm": "B", "valid": true, "elapsed": 6925.105272005}
{"episode": 117, "arm": "C", "valid": true, "elapsed": 6938.752666199999}
{"episode": 118, "arm": "A", "valid": true, "elapsed": 6951.541688378999}
{"episode": 118, "arm": "B", "valid": true, "elapsed": 6965.3556267409995}
{"episode": 118, "arm": "C", "valid": true, "elapsed": 6979.164275168}
{"episode": 119, "arm": "A", "valid": true, "elapsed": 6992.638096731999}
{"episode": 119, "arm": "B", "valid": true, "elapsed": 7006.271447988999}
{"episode": 119, "arm": "C", "valid": true, "elapsed": 7019.962945503}
{"episode": 120, "arm": "A", "valid": true, "elapsed": 7034.338949738}
{"episode": 120, "arm": "B", "valid": true, "elapsed": 7048.8803211879995}
{"episode": 120, "arm": "C", "valid": true, "elapsed": 7063.468905880999}
{"episode": 121, "arm": "A", "valid": true, "elapsed": 7078.73864124}
{"episode": 121, "arm": "B", "valid": true, "elapsed": 7094.161965419999}
{"episode": 121, "arm": "C", "valid": true, "elapsed": 7109.851394889999}
{"episode": 122, "arm": "A", "valid": true, "elapsed": 7123.393003300001}
{"episode": 122, "arm": "B", "valid": true, "elapsed": 7137.090097113999}
{"episode": 122, "arm": "C", "valid": true, "elapsed": 7150.830779068}
{"episode": 123, "arm": "A", "valid": true, "elapsed": 7165.083014331999}
{"episode": 123, "arm": "B", "valid": true, "elapsed": 7179.503558357}
{"episode": 123, "arm": "C", "valid": true, "elapsed": 7193.9749400440005}
{"episode": 124, "arm": "A", "valid": true, "elapsed": 7208.009745582999}
{"episode": 124, "arm": "B", "valid": true, "elapsed": 7222.203361815001}
{"episode": 124, "arm": "C", "valid": true, "elapsed": 7236.440897452}
{"episode": 125, "arm": "A", "valid": true, "elapsed": 7249.4926397419995}
{"episode": 125, "arm": "B", "valid": true, "elapsed": 7262.673529994}
{"episode": 125, "arm": "C", "valid": true, "elapsed": 7274.882851797999}
{"episode": 126, "arm": "A", "valid": true, "elapsed": 7287.488785909}
{"episode": 126, "arm": "B", "valid": true, "elapsed": 7300.237685186}
{"episode": 126, "arm": "C", "valid": true, "elapsed": 7313.041277144}
{"episode": 127, "arm": "A", "valid": true, "elapsed": 7327.025578416999}
{"episode": 127, "arm": "B", "valid": true, "elapsed": 7341.180790691999}
{"episode": 127, "arm": "C", "valid": true, "elapsed": 7355.378784406}
{"episode": 128, "arm": "A", "valid": true, "elapsed": 7369.461747413}
{"episode": 128, "arm": "B", "valid": true, "elapsed": 7383.7170866490005}
{"episode": 128, "arm": "C", "valid": true, "elapsed": 7398.020229224}
{"episode": 129, "arm": "A", "valid": true, "elapsed": 7411.651814100999}
{"episode": 129, "arm": "B", "valid": true, "elapsed": 7425.449528968999}
{"episode": 129, "arm": "C", "valid": true, "elapsed": 7439.257988439001}
{"episode": 130, "arm": "A", "valid": true, "elapsed": 7452.623238982999}
{"episode": 130, "arm": "B", "valid": true, "elapsed": 7466.16142161}
{"episode": 130, "arm": "C", "valid": true, "elapsed": 7479.739467685999}
{"episode": 131, "arm": "A", "valid": true, "elapsed": 7492.199016056999}
{"episode": 131, "arm": "B", "valid": true, "elapsed": 7504.823397544001}
{"episode": 131, "arm": "C", "valid": true, "elapsed": 7517.6760491430005}
{"episode": 132, "arm": "A", "valid": true, "elapsed": 7530.548751316}
{"episode": 132, "arm": "B", "valid": true, "elapsed": 7543.568312611999}
{"episode": 132, "arm": "C", "valid": true, "elapsed": 7556.649771011001}
{"episode": 133, "arm": "A", "valid": true, "elapsed": 7570.784592544999}
{"episode": 133, "arm": "B", "valid": true, "elapsed": 7585.084690311999}
{"episode": 133, "arm": "C", "valid": true, "elapsed": 7599.453023953}
{"episode": 134, "arm": "A", "valid": true, "elapsed": 7613.099457432}
{"episode": 134, "arm": "B", "valid": true, "elapsed": 7626.9186182210005}
{"episode": 134, "arm": "C", "valid": true, "elapsed": 7640.776294515}
{"episode": 135, "arm": "A", "valid": true, "elapsed": 7654.185697185}
{"episode": 135, "arm": "B", "valid": true, "elapsed": 7667.775811398001}
{"episode": 135, "arm": "C", "valid": true, "elapsed": 7681.405131877999}
{"episode": 136, "arm": "A", "valid": true, "elapsed": 7694.936875335}
{"episode": 136, "arm": "B", "valid": true, "elapsed": 7708.646120356}
{"episode": 136, "arm": "C", "valid": true, "elapsed": 7722.394650646999}
{"episode": 137, "arm": "A", "valid": true, "elapsed": 7735.423417823001}
{"episode": 137, "arm": "B", "valid": true, "elapsed": 7748.610725152}
{"episode": 137, "arm": "C", "valid": true, "elapsed": 7761.8628423}
{"episode": 138, "arm": "A", "valid": true, "elapsed": 7774.522771626999}
{"episode": 138, "arm": "B", "valid": true, "elapsed": 7787.335431697999}
{"episode": 138, "arm": "C", "valid": true, "elapsed": 7800.194212672}
{"episode": 139, "arm": "A", "valid": true, "elapsed": 7813.3084750339995}
{"episode": 139, "arm": "B", "valid": true, "elapsed": 7826.565682952}
{"episode": 139, "arm": "C", "valid": true, "elapsed": 7839.924336724001}
{"episode": 140, "arm": "A", "valid": true, "elapsed": 7853.218776463001}
{"episode": 140, "arm": "B", "valid": true, "elapsed": 7866.667860569}
{"episode": 140, "arm": "C", "valid": true, "elapsed": 7880.1391245059995}
{"episode": 141, "arm": "A", "valid": true, "elapsed": 7893.6885953579995}
{"episode": 141, "arm": "B", "valid": true, "elapsed": 7907.379880121999}
{"episode": 141, "arm": "C", "valid": true, "elapsed": 7921.115792779}
{"episode": 142, "arm": "A", "valid": true, "elapsed": 7934.655001609}
{"episode": 142, "arm": "B", "valid": true, "elapsed": 7948.359941477999}
{"episode": 142, "arm": "C", "valid": true, "elapsed": 7962.099865764}
{"episode": 143, "arm": "A", "valid": true, "elapsed": 7974.875244783}
{"episode": 143, "arm": "B", "valid": true, "elapsed": 7987.810132558}
{"episode": 143, "arm": "C", "valid": true, "elapsed": 8000.778901414999}
{"episode": 144, "arm": "A", "valid": true, "elapsed": 8014.4748326769995}
{"episode": 144, "arm": "B", "valid": true, "elapsed": 8028.338866383}
{"episode": 144, "arm": "C", "valid": true, "elapsed": 8042.255550093}
{"episode": 145, "arm": "A", "valid": true, "elapsed": 8069.373250943}
{"episode": 145, "arm": "B", "valid": false, "elapsed": 8099.865484796}
{"episode": 145, "arm": "C", "valid": true, "elapsed": 8118.311259466999}
{"episode": 146, "arm": "A", "valid": true, "elapsed": 8145.364438988}
{"episode": 146, "arm": "B", "valid": false, "elapsed": 8171.272653052}
{"episode": 146, "arm": "C", "valid": true, "elapsed": 8189.777409818001}
{"episode": 147, "arm": "A", "valid": true, "elapsed": 8217.591351133}
{"episode": 147, "arm": "B", "valid": false, "elapsed": 8248.086706562}
{"episode": 147, "arm": "C", "valid": true, "elapsed": 8267.355815334999}
{"episode": 148, "arm": "A", "valid": true, "elapsed": 8293.686886964999}
{"episode": 148, "arm": "B", "valid": false, "elapsed": 8324.128660676}
{"episode": 148, "arm": "C", "valid": true, "elapsed": 8341.939837079}
{"episode": 149, "arm": "A", "valid": true, "elapsed": 8368.696411185}
{"episode": 149, "arm": "B", "valid": true, "elapsed": 8391.119903414}
{"episode": 149, "arm": "C", "valid": true, "elapsed": 8409.081968186001}
{"episode": 150, "arm": "A", "valid": true, "elapsed": 8436.898006103998}
{"episode": 150, "arm": "B", "valid": true, "elapsed": 8463.324800416001}
{"episode": 150, "arm": "C", "valid": true, "elapsed": 8482.487855620999}
{"episode": 151, "arm": "A", "valid": true, "elapsed": 8511.093883818}
{"episode": 151, "arm": "B", "valid": true, "elapsed": 8540.918066490001}
{"episode": 151, "arm": "C", "valid": true, "elapsed": 8560.714995859998}
{"episode": 152, "arm": "A", "valid": true, "elapsed": 8588.723617696}
{"episode": 152, "arm": "B", "valid": true, "elapsed": 8629.946968363998}
{"episode": 152, "arm": "C", "valid": true, "elapsed": 8649.311844202999}
{"episode": 153, "arm": "A", "valid": true, "elapsed": 8675.214394506002}
{"episode": 153, "arm": "B", "valid": false, "elapsed": 8705.700766483998}
{"episode": 153, "arm": "C", "valid": true, "elapsed": 8722.934912543002}
{"episode": 154, "arm": "A", "valid": true, "elapsed": 8750.435270409998}
{"episode": 154, "arm": "B", "valid": false, "elapsed": 8780.880968719}
{"episode": 154, "arm": "C", "valid": true, "elapsed": 8799.952401349}
{"episode": 155, "arm": "A", "valid": true, "elapsed": 8827.340554964001}
{"episode": 155, "arm": "B", "valid": false, "elapsed": 8879.30328168}
{"episode": 155, "arm": "C", "valid": true, "elapsed": 8897.794732629001}
{"episode": 156, "arm": "A", "valid": true, "elapsed": 8925.143903892}
{"episode": 156, "arm": "B", "valid": false, "elapsed": 8955.420934041002}
{"episode": 156, "arm": "C", "valid": true, "elapsed": 8974.350501066001}
{"episode": 157, "arm": "A", "valid": true, "elapsed": 9001.777053673999}
{"episode": 157, "arm": "B", "valid": false, "elapsed": 9027.690079272}
{"episode": 157, "arm": "C", "valid": true, "elapsed": 9046.218261766}
{"episode": 158, "arm": "A", "valid": true, "elapsed": 9073.608069543}
{"episode": 158, "arm": "B", "valid": false, "elapsed": 9104.103010586}
{"episode": 158, "arm": "C", "valid": true, "elapsed": 9122.712893436}
{"episode": 159, "arm": "A", "valid": true, "elapsed": 9148.815112803}
{"episode": 159, "arm": "B", "valid": true, "elapsed": 9171.919253257001}
{"episode": 159, "arm": "C", "valid": true, "elapsed": 9189.484186900001}
{"episode": 160, "arm": "A", "valid": true, "elapsed": 9216.198393016002}
{"episode": 160, "arm": "B", "valid": false, "elapsed": 9242.112279463}
{"episode": 160, "arm": "C", "valid": true, "elapsed": 9260.387043495}
{"episode": 161, "arm": "A", "valid": true, "elapsed": 9288.114354075002}
{"episode": 161, "arm": "B", "valid": false, "elapsed": 9318.554971780999}
{"episode": 161, "arm": "C", "valid": true, "elapsed": 9337.254488267}
{"episode": 162, "arm": "A", "valid": true, "elapsed": 9361.944340772}
{"episode": 162, "arm": "B", "valid": false, "elapsed": 9392.44125339}
{"episode": 162, "arm": "C", "valid": true, "elapsed": 9408.342928376002}
{"episode": 163, "arm": "A", "valid": true, "elapsed": 9434.375919433001}
{"episode": 163, "arm": "B", "valid": true, "elapsed": 9456.062937914001}
{"episode": 163, "arm": "C", "valid": true, "elapsed": 9473.280563955002}
{"episode": 164, "arm": "A", "valid": true, "elapsed": 9500.400609132}
{"episode": 164, "arm": "B", "valid": false, "elapsed": 9530.847926552}
{"episode": 164, "arm": "C", "valid": true, "elapsed": 9549.149171013}
{"episode": 165, "arm": "A", "valid": true, "elapsed": 9576.085569394}
{"episode": 165, "arm": "B", "valid": false, "elapsed": 9606.583051439}
{"episode": 165, "arm": "C", "valid": true, "elapsed": 9624.713186167002}
{"episode": 166, "arm": "A", "valid": true, "elapsed": 9650.788791310002}
{"episode": 166, "arm": "B", "valid": false, "elapsed": 9676.696000445001}
{"episode": 166, "arm": "C", "valid": true, "elapsed": 9693.959989129002}
{"episode": 167, "arm": "A", "valid": true, "elapsed": 9720.922307301}
{"episode": 167, "arm": "B", "valid": false, "elapsed": 9751.416072945001}
{"episode": 167, "arm": "C", "valid": true, "elapsed": 9769.569705457001}
{"episode": 168, "arm": "A", "valid": true, "elapsed": 9797.075904839}
{"episode": 168, "arm": "B", "valid": false, "elapsed": 9822.98534997}
{"episode": 168, "arm": "C", "valid": true, "elapsed": 9841.704037554002}
{"episode": 169, "arm": "A", "valid": true, "elapsed": 9868.91201508}
{"episode": 169, "arm": "B", "valid": true, "elapsed": 9891.818545369002}
{"episode": 169, "arm": "C", "valid": true, "elapsed": 9909.786348094}
{"episode": 170, "arm": "A", "valid": true, "elapsed": 9936.243546016001}
{"episode": 170, "arm": "B", "valid": true, "elapsed": 9958.384477224}
{"episode": 170, "arm": "C", "valid": true, "elapsed": 9976.036269043001}
{"episode": 171, "arm": "A", "valid": true, "elapsed": 10004.304642994}
{"episode": 171, "arm": "B", "valid": true, "elapsed": 10032.270440964}
{"episode": 171, "arm": "C", "valid": true, "elapsed": 10051.698871574}
{"episode": 172, "arm": "A", "valid": true, "elapsed": 10077.757079976}
{"episode": 172, "arm": "B", "valid": false, "elapsed": 10103.675152596003}
{"episode": 172, "arm": "C", "valid": true, "elapsed": 10120.898765452002}
{"episode": 173, "arm": "A", "valid": true, "elapsed": 10147.863015635001}
{"episode": 173, "arm": "B", "valid": false, "elapsed": 10195.049020822}
{"episode": 173, "arm": "C", "valid": true, "elapsed": 10213.197586077}
{"episode": 174, "arm": "A", "valid": true, "elapsed": 10239.611883436002}
{"episode": 174, "arm": "B", "valid": false, "elapsed": 10269.898770440002}
{"episode": 174, "arm": "C", "valid": true, "elapsed": 10287.365306059}
{"episode": 175, "arm": "A", "valid": true, "elapsed": 10312.955532065}
{"episode": 175, "arm": "B", "valid": false, "elapsed": 10343.449389378002}
{"episode": 175, "arm": "C", "valid": true, "elapsed": 10360.233559269}
{"episode": 176, "arm": "A", "valid": true, "elapsed": 10386.676890425002}
{"episode": 176, "arm": "B", "valid": false, "elapsed": 10434.336709543}
{"episode": 176, "arm": "C", "valid": true, "elapsed": 10451.978012214}
{"episode": 177, "arm": "A", "valid": true, "elapsed": 10477.612846678}
{"episode": 177, "arm": "B", "valid": true, "elapsed": 10498.903530185002}
{"episode": 177, "arm": "C", "valid": true, "elapsed": 10515.719365882}
{"episode": 178, "arm": "A", "valid": true, "elapsed": 10541.577139017001}
{"episode": 178, "arm": "B", "valid": true, "elapsed": 10567.107483931002}
{"episode": 178, "arm": "C", "valid": true, "elapsed": 10584.163999788001}
{"episode": 179, "arm": "A", "valid": true, "elapsed": 10610.828324796003}
{"episode": 179, "arm": "B", "valid": false, "elapsed": 10636.742082529}
{"episode": 179, "arm": "C", "valid": true, "elapsed": 10654.765789103}
{"episode": 180, "arm": "A", "valid": true, "elapsed": 10681.831983838001}
{"episode": 180, "arm": "B", "valid": false, "elapsed": 10729.493814955}
{"episode": 180, "arm": "C", "valid": true, "elapsed": 10747.75337304}
{"episode": 181, "arm": "A", "valid": true, "elapsed": 10772.891756591001}
{"episode": 181, "arm": "B", "valid": true, "elapsed": 10793.476320449001}
{"episode": 181, "arm": "C", "valid": true, "elapsed": 10809.59212912}
{"episode": 182, "arm": "A", "valid": true, "elapsed": 10835.963878795003}
{"episode": 182, "arm": "B", "valid": true, "elapsed": 10857.451028473999}
{"episode": 182, "arm": "C", "valid": true, "elapsed": 10874.857669706002}
{"episode": 183, "arm": "A", "valid": true, "elapsed": 10901.375904561999}
{"episode": 183, "arm": "B", "valid": false, "elapsed": 10947.466007858002}
{"episode": 183, "arm": "C", "valid": true, "elapsed": 10965.175105835002}
{"episode": 184, "arm": "A", "valid": true, "elapsed": 10991.690932344001}
{"episode": 184, "arm": "B", "valid": false, "elapsed": 11017.597411824001}
{"episode": 184, "arm": "C", "valid": true, "elapsed": 11035.299246815}
{"episode": 185, "arm": "A", "valid": true, "elapsed": 11062.120204691}
{"episode": 185, "arm": "B", "valid": false, "elapsed": 11092.609317151}
{"episode": 185, "arm": "C", "valid": true, "elapsed": 11110.635981914002}
{"episode": 186, "arm": "A", "valid": true, "elapsed": 11136.388535746002}
{"episode": 186, "arm": "B", "valid": false, "elapsed": 11162.306592783}
{"episode": 186, "arm": "C", "valid": true, "elapsed": 11179.252599143001}
{"episode": 187, "arm": "A", "valid": true, "elapsed": 11205.489154037}
{"episode": 187, "arm": "B", "valid": true, "elapsed": 11229.617758046003}
{"episode": 187, "arm": "C", "valid": true, "elapsed": 11247.033230711}
{"episode": 188, "arm": "A", "valid": true, "elapsed": 11274.566410626001}
{"episode": 188, "arm": "B", "valid": false, "elapsed": 11322.246241682002}
{"episode": 188, "arm": "C", "valid": true, "elapsed": 11340.958532079}
{"episode": 189, "arm": "A", "valid": true, "elapsed": 11367.832274599}
{"episode": 189, "arm": "B", "valid": true, "elapsed": 11392.631136103002}
{"episode": 189, "arm": "C", "valid": true, "elapsed": 11410.872708839}
{"episode": 190, "arm": "A", "valid": true, "elapsed": 11436.701455825001}
{"episode": 190, "arm": "B", "valid": false, "elapsed": 11471.465253062}
{"episode": 190, "arm": "C", "valid": true, "elapsed": 11488.489246631001}
{"episode": 191, "arm": "A", "valid": true, "elapsed": 11514.786473252}
{"episode": 191, "arm": "B", "valid": false, "elapsed": 11540.698799563}
{"episode": 191, "arm": "C", "valid": true, "elapsed": 11558.194346526001}
{"episode": 192, "arm": "A", "valid": true, "elapsed": 11585.025062675002}
{"episode": 192, "arm": "B", "valid": true, "elapsed": 11613.093391696002}
{"episode": 192, "arm": "C", "valid": true, "elapsed": 11631.122697222}
