{
  "N": {
    "calls": 160,
    "original_executed": 49,
    "amended_executed": 77,
    "caps": 82,
    "violation_language": 7,
    "violation_style": 49,
    "violation_format": 160,
    "violation_process": 57,
    "violation_wrong_family": 8,
    "violation_breakage": 117,
    "violation_semantic": 0
  },
  "R": {
    "calls": 160,
    "original_executed": 53,
    "amended_executed": 101,
    "caps": 59,
    "violation_language": 7,
    "violation_style": 70,
    "violation_format": 160,
    "violation_process": 91,
    "violation_wrong_family": 2,
    "violation_breakage": 91,
    "violation_semantic": 16
  },
  "T": {
    "calls": 140,
    "original_executed": 65,
    "amended_executed": 84,
    "caps": 52,
    "violation_language": 0,
    "violation_style": 40,
    "violation_format": 140,
    "violation_process": 64,
    "violation_wrong_family": 3,
    "violation_breakage": 63,
    "violation_semantic": 3
  }
}
