cold_reverse_c4 63 199 8.776709753592183 None
cold_reverse_c4 60 199 9.327096912618437 None
cold_reverse_c4 61 205 9.399497238817915 None
cold_reverse_c4 62 512 11.526053020508039 None
cold_reverse_c4 59 199 9.407076271384504 None
cold_reverse_c4 56 199 9.417224120146955 None
cold_reverse_c4 57 205 9.491259626000799 None
cold_reverse_c4 58 512 13.259410418754278 None
b1_cold 0 266 26.0186216237065 None
b1_cold 1 282 26.334218518882697 None
b1_cold 2 277 26.40659625177808 None
b1_cold 3 266 25.98543802959709 None
b1_cold 4 198 25.132407441407945 None
b1_cold 5 203 25.99435219369754 None
b1_cold 6 334 25.829187671410327 None
b1_cold 7 198 25.037743922379622 None
b1_warm 0 266 26.013272126925827 None
b1_warm 1 282 26.3623652479041 None
b1_warm 2 277 26.358415600708174 None
b1_warm 3 266 25.996888449262755 None
b1_warm 4 198 25.05817310854365 None
b1_warm 5 203 25.941543775513942 None
b1_warm 6 334 25.800723173533022 None
b1_warm 7 198 25.06229641833625 None
b4_mixed 3 266 11.688999815865873 None
b4_mixed 0 266 11.689088887156583 None
b4_mixed 2 277 11.842619265528002 None
b4_mixed 1 282 11.951148300603753 None
b4_mixed 4 198 11.340901791100826 None
b4_mixed 7 198 11.340568196993598 None
b4_mixed 5 203 11.422633146377631 None
b4_mixed 6 334 14.610894592700546 None
pilot 0 161 11.768451163368978 None
pilot 0 174 11.741013240217825 None
pilot 0 179 11.628327761474695 None
pilot 0 185 12.042889819544587 None
wave 0 R 0 ['slab-dev-00', 'slab-dev-01', 'slab-dev-06', 'slab-dev-07']
pilot 1 174 11.39869468136146 None
pilot 1 179 11.089414668547901 None
pilot 1 185 11.519756043950895 None
pilot 1 281 14.015190702208745 None
wave 1 R 1 ['slab-dev-00', 'slab-dev-01', 'slab-dev-06', 'slab-dev-07']
pilot 2 174 11.165008382025174 None
pilot 2 179 10.832026150785142 None
pilot 2 185 11.283078229534746 None
pilot 2 401 15.671158905159533 None
wave 2 R 2 ['slab-dev-00', 'slab-dev-01', 'slab-dev-06', 'slab-dev-07']
pilot 3 174 10.845074258946651 None
pilot 3 179 10.494050987573752 None
pilot 3 185 10.953372496646248 None
pilot 3 512 16.208197631567934 None
wave 3 R 3 ['slab-dev-00', 'slab-dev-01', 'slab-dev-06', 'slab-dev-07']
pilot 4 174 10.60054039665266 None
pilot 4 179 10.238973479259917 None
pilot 4 185 10.707829071268453 None
pilot 4 512 15.680101595854376 None
wave 4 R 4 ['slab-dev-00', 'slab-dev-01', 'slab-dev-06', 'slab-dev-07']
pilot 5 174 10.381175041258324 None
pilot 5 179 10.004658682242447 None
pilot 5 185 10.485531065085386 None
pilot 5 512 15.166737156916817 None
wave 5 R 5 ['slab-dev-00', 'slab-dev-01', 'slab-dev-06', 'slab-dev-07']
pilot 6 174 10.098731834308252 None
pilot 6 179 9.832171765712417 None
pilot 6 185 9.920837857805392 None
pilot 6 512 14.59511432759399 None
wave 6 R 6 ['slab-dev-00', 'slab-dev-01', 'slab-dev-06', 'slab-dev-07']
pilot 7 174 9.896066641888249 None
pilot 7 179 9.542268566006902 None
pilot 7 185 9.989545930416085 None
pilot 7 512 14.20680258250101 None
wave 7 R 7 ['slab-dev-00', 'slab-dev-01', 'slab-dev-06', 'slab-dev-07']
pilot 8 174 9.705609541701158 None
pilot 8 179 9.33278731486647 None
pilot 8 185 9.793958515608391 None
pilot 8 512 13.813345731859549 None
wave 8 R 8 ['slab-dev-00', 'slab-dev-01', 'slab-dev-06', 'slab-dev-07']
pilot 9 174 9.500939866115244 None
pilot 9 179 9.226262788306935 None
pilot 9 185 9.306113799213374 None
pilot 9 512 13.381000442405073 None
wave 9 R 9 ['slab-dev-00', 'slab-dev-01', 'slab-dev-06', 'slab-dev-07']
pilot 10 175 9.253952801821608 None
pilot 10 180 8.860172670420374 None
pilot 10 187 9.351287748295922 None
pilot 10 512 12.893621347340611 None
wave 10 R 10 ['slab-dev-00', 'slab-dev-01', 'slab-dev-06', 'slab-dev-07']
pilot 11 175 9.05021300659195 None
pilot 11 180 8.77340349838122 None
pilot 11 187 8.861502136398077 None
pilot 11 512 12.58890833302632 None
wave 11 R 11 ['slab-dev-00', 'slab-dev-01', 'slab-dev-06', 'slab-dev-07']
pilot 12 175 8.892373122829413 None
pilot 12 180 8.471902019173449 None
pilot 12 187 8.978828049744761 None
pilot 12 512 12.233890094648013 None
wave 12 R 12 ['slab-dev-00', 'slab-dev-01', 'slab-dev-06', 'slab-dev-07']
pilot 13 175 8.615213444937257 None
pilot 13 180 8.142622209018052 None
pilot 13 187 8.650944309285638 None
pilot 13 512 11.79332890523188 None
wave 13 R 13 ['slab-dev-00', 'slab-dev-01', 'slab-dev-06', 'slab-dev-07']
pilot 14 175 8.498104968863355 None
pilot 14 180 8.074832634303416 None
pilot 14 187 8.58566106014922 None
pilot 14 512 11.557401317468468 None
wave 14 R 14 ['slab-dev-00', 'slab-dev-01', 'slab-dev-06', 'slab-dev-07']
pilot 15 175 8.35046066926827 None
pilot 15 180 7.924775732948647 None
pilot 15 187 8.431422647002472 None
pilot 15 512 11.233791536217913 None
wave 15 R 15 ['slab-dev-00', 'slab-dev-01', 'slab-dev-06', 'slab-dev-07']
pilot 16 175 11.32964623218725 None
pilot 16 512 12.682742349658819 None
wave 16 R 16 ['slab-dev-06', 'slab-dev-07']
pilot 17 175 11.018507267146612 None
pilot 17 512 12.143827190280993 None
wave 17 R 17 ['slab-dev-06', 'slab-dev-07']
pilot 18 175 10.763557417460355 None
pilot 18 512 11.979680497863418 None
wave 18 R 18 ['slab-dev-06', 'slab-dev-07']
pilot 19 175 10.48226964943267 None
pilot 19 512 11.448490111202121 None
wave 19 R 19 ['slab-dev-06', 'slab-dev-07']
pilot 20 175 10.317080739712727 None
pilot 20 512 11.386301207906408 None
wave 20 R 20 ['slab-dev-06', 'slab-dev-07']
pilot 21 175 9.779633529158668 None
pilot 21 512 11.133785528218143 None
wave 21 R 21 ['slab-dev-06', 'slab-dev-07']
pilot 22 175 9.545597456586743 None
pilot 22 512 10.844710015390023 None
wave 22 R 22 ['slab-dev-06', 'slab-dev-07']
pilot 23 175 9.672080676153884 None
pilot 23 512 10.607133056562205 None
wave 23 R 23 ['slab-dev-06', 'slab-dev-07']
pilot 24 175 9.526351433335643 None
pilot 24 512 10.395656017648932 None
wave 24 R 24 ['slab-dev-06', 'slab-dev-07']
pilot 25 175 9.284181726668312 None
pilot 25 512 10.022740141042625 None
wave 25 R 25 ['slab-dev-06', 'slab-dev-07']
pilot 26 175 9.137342101708663 None
pilot 26 512 9.959607643142746 None
wave 26 R 26 ['slab-dev-06', 'slab-dev-07']
pilot 27 175 8.940752267618642 None
pilot 27 512 9.737184420374735 None
wave 27 R 27 ['slab-dev-06', 'slab-dev-07']
pilot 28 175 8.799505228380324 None
pilot 28 512 9.545016430151014 None
wave 28 R 28 ['slab-dev-06', 'slab-dev-07']
pilot 29 175 8.635416464208532 None
pilot 29 512 9.268240263005765 None
wave 29 R 29 ['slab-dev-06', 'slab-dev-07']
