Loading weights:   0%|          | 0/199 [00:00<?, ?it/s]Loading weights: 100%|██████████| 199/199 [00:00<00:00, 12724.74it/s]
Loading weights:   0%|          | 0/199 [00:00<?, ?it/s]Loading weights: 100%|██████████| 199/199 [00:00<00:00, 12715.05it/s]
{"stage": "setup", "episode": "setup_0_00", "final": {"success": true, "stale": false, "broken": false, "task": true, "constraint": true}, "elapsed": 219.13344003799648}
{"stage": "setup", "episode": "setup_0_01", "final": {"success": true, "stale": false, "broken": false, "task": true, "constraint": true}, "elapsed": 228.52825278099772}
{"stage": "setup", "episode": "setup_0_02", "final": {"success": true, "stale": false, "broken": false, "task": true, "constraint": true}, "elapsed": 237.94429385499825}
{"stage": "setup", "episode": "setup_0_03", "final": {"success": true, "stale": false, "broken": false, "task": true, "constraint": true}, "elapsed": 247.35563246799575}
{"stage": "setup", "episode": "setup_1_00", "final": {"success": true, "stale": false, "broken": false, "task": true, "constraint": true}, "elapsed": 256.7921813219982}
{"stage": "setup", "episode": "setup_1_01", "final": {"success": true, "stale": false, "broken": false, "task": true, "constraint": true}, "elapsed": 266.24842563799757}
{"stage": "setup", "episode": "setup_1_02", "final": {"success": true, "stale": false, "broken": false, "task": true, "constraint": true}, "elapsed": 275.68778462099726}
{"stage": "setup", "episode": "setup_1_03", "final": {"success": true, "stale": false, "broken": false, "task": true, "constraint": true}, "elapsed": 285.1229088029977}
{"stage": "setup", "episode": "setup_2_00", "final": {"success": true, "stale": false, "broken": false, "task": true, "constraint": true}, "elapsed": 293.3670821159976}
{"stage": "setup", "episode": "setup_2_01", "final": {"success": true, "stale": false, "broken": false, "task": true, "constraint": true}, "elapsed": 301.5854849619973}
{"stage": "setup", "episode": "setup_2_02", "final": {"success": true, "stale": false, "broken": false, "task": true, "constraint": true}, "elapsed": 309.8440500639954}
{"stage": "setup", "episode": "setup_2_03", "final": {"success": true, "stale": false, "broken": false, "task": true, "constraint": true}, "elapsed": 318.0650017609951}
{"stage": "setup", "episode": "setup_3_00", "final": {"success": true, "stale": false, "broken": false, "task": true, "constraint": true}, "elapsed": 327.5592230319962}
{"stage": "setup", "episode": "setup_3_01", "final": {"success": true, "stale": false, "broken": false, "task": true, "constraint": true}, "elapsed": 337.0682409669971}
{"stage": "setup", "episode": "setup_3_02", "final": {"success": true, "stale": false, "broken": false, "task": true, "constraint": true}, "elapsed": 346.5565979329949}
{"stage": "setup", "episode": "setup_3_03", "final": {"success": true, "stale": false, "broken": false, "task": true, "constraint": true}, "elapsed": 356.05884101899574}
{"stage": "gate", "episode": "gate_0_00", "arm": "T", "elapsed": 365.20198735399754}
{"stage": "gate", "episode": "gate_0_00", "arm": "O", "elapsed": 375.816782762995}
{"stage": "gate", "episode": "gate_0_00", "arm": "N", "elapsed": 385.62139759699494}
{"stage": "gate", "episode": "gate_0_00", "arm": "C", "elapsed": 395.54141360099675}
{"stage": "gate", "episode": "gate_0_01", "arm": "C", "elapsed": 407.0505049719977}
{"stage": "gate", "episode": "gate_0_01", "arm": "T", "elapsed": 417.79844298499665}
{"stage": "gate", "episode": "gate_0_01", "arm": "O", "elapsed": 428.40581366399783}
{"stage": "gate", "episode": "gate_0_01", "arm": "N", "elapsed": 438.198436482995}
{"stage": "gate", "episode": "gate_0_02", "arm": "C", "elapsed": 449.70702372699816}
{"stage": "gate", "episode": "gate_0_02", "arm": "N", "elapsed": 458.53290618799656}
{"stage": "gate", "episode": "gate_0_02", "arm": "O", "elapsed": 469.14688791599474}
{"stage": "gate", "episode": "gate_0_02", "arm": "T", "elapsed": 479.8737711629947}
{"stage": "gate", "episode": "gate_0_03", "arm": "N", "elapsed": 488.1534964259954}
{"stage": "gate", "episode": "gate_0_03", "arm": "T", "elapsed": 497.5726841329961}
{"stage": "gate", "episode": "gate_0_03", "arm": "C", "elapsed": 507.7972276149958}
{"stage": "gate", "episode": "gate_0_03", "arm": "O", "elapsed": 517.0285328509963}
{"stage": "gate", "episode": "gate_0_04", "arm": "O", "elapsed": 526.0161560779961}
{"stage": "gate", "episode": "gate_0_04", "arm": "N", "elapsed": 535.7989611329976}
{"stage": "gate", "episode": "gate_0_04", "arm": "C", "elapsed": 545.7294824389974}
{"stage": "gate", "episode": "gate_0_04", "arm": "T", "elapsed": 554.868548151997}
{"stage": "gate", "episode": "gate_0_05", "arm": "N", "elapsed": 564.6507428909972}
{"stage": "gate", "episode": "gate_0_05", "arm": "T", "elapsed": 575.4009966719968}
{"stage": "gate", "episode": "gate_0_05", "arm": "C", "elapsed": 586.9195717839975}
{"stage": "gate", "episode": "gate_0_05", "arm": "O", "elapsed": 597.5263421819982}
{"stage": "gate", "episode": "gate_0_06", "arm": "T", "elapsed": 608.2736875069968}
{"stage": "gate", "episode": "gate_0_06", "arm": "N", "elapsed": 617.0955950679963}
{"stage": "gate", "episode": "gate_0_06", "arm": "C", "elapsed": 628.7255913229965}
{"stage": "gate", "episode": "gate_0_06", "arm": "O", "elapsed": 639.3712596309961}
{"stage": "gate", "episode": "gate_0_07", "arm": "T", "elapsed": 648.5670048419961}
{"stage": "gate", "episode": "gate_0_07", "arm": "N", "elapsed": 656.8516319229966}
{"stage": "gate", "episode": "gate_0_07", "arm": "C", "elapsed": 666.7929491199975}
{"stage": "gate", "episode": "gate_0_07", "arm": "O", "elapsed": 675.8479014459954}
{"stage": "gate", "episode": "gate_0_08", "arm": "C", "elapsed": 685.7623909359972}
{"stage": "gate", "episode": "gate_0_08", "arm": "N", "elapsed": 695.5434333989979}
{"stage": "gate", "episode": "gate_0_08", "arm": "O", "elapsed": 704.5544191329973}
{"stage": "gate", "episode": "gate_0_08", "arm": "T", "elapsed": 713.7066361249963}
{"stage": "gate", "episode": "gate_0_09", "arm": "T", "elapsed": 724.472022392998}
{"stage": "gate", "episode": "gate_0_09", "arm": "O", "elapsed": 735.0866961239954}
{"stage": "gate", "episode": "gate_0_09", "arm": "C", "elapsed": 746.6543161469963}
{"stage": "gate", "episode": "gate_0_09", "arm": "N", "elapsed": 756.4443820629967}
{"stage": "gate", "episode": "gate_0_10", "arm": "T", "elapsed": 767.2547174739957}
{"stage": "gate", "episode": "gate_0_10", "arm": "C", "elapsed": 778.8308985949952}
{"stage": "gate", "episode": "gate_0_10", "arm": "N", "elapsed": 787.6768516759948}
{"stage": "gate", "episode": "gate_0_10", "arm": "O", "elapsed": 798.3291678799978}
{"stage": "gate", "episode": "gate_0_11", "arm": "N", "elapsed": 807.1330278719979}
{"stage": "gate", "episode": "gate_0_11", "arm": "T", "elapsed": 817.9337986249957}
{"stage": "gate", "episode": "gate_0_11", "arm": "C", "elapsed": 827.9229445949968}
{"stage": "gate", "episode": "gate_0_11", "arm": "O", "elapsed": 837.0081430549981}
{"stage": "gate", "episode": "gate_0_12", "arm": "N", "elapsed": 846.8161821889953}
{"stage": "gate", "episode": "gate_0_12", "arm": "O", "elapsed": 855.8632664799952}
{"stage": "gate", "episode": "gate_0_12", "arm": "T", "elapsed": 866.679861190998}
{"stage": "gate", "episode": "gate_0_12", "arm": "C", "elapsed": 876.6801516139967}
{"stage": "gate", "episode": "gate_0_13", "arm": "T", "elapsed": 887.4951451929956}
{"stage": "gate", "episode": "gate_0_13", "arm": "N", "elapsed": 897.3022151589976}
{"stage": "gate", "episode": "gate_0_13", "arm": "C", "elapsed": 908.8721492919976}
{"stage": "gate", "episode": "gate_0_13", "arm": "O", "elapsed": 919.5282535039951}
{"stage": "gate", "episode": "gate_0_14", "arm": "N", "elapsed": 928.3611029659951}
{"stage": "gate", "episode": "gate_0_14", "arm": "T", "elapsed": 939.3930885819973}
{"stage": "gate", "episode": "gate_0_14", "arm": "C", "elapsed": 951.2156999399958}
{"stage": "gate", "episode": "gate_0_14", "arm": "O", "elapsed": 961.8543046889972}
{"stage": "gate", "episode": "gate_0_15", "arm": "N", "elapsed": 970.6869035799973}
{"stage": "gate", "episode": "gate_0_15", "arm": "C", "elapsed": 980.6025928049967}
{"stage": "gate", "episode": "gate_0_15", "arm": "O", "elapsed": 989.6981452249966}
{"stage": "gate", "episode": "gate_0_15", "arm": "T", "elapsed": 998.9251451939963}
{"stage": "gate", "episode": "gate_1_00", "arm": "O", "elapsed": 1009.5220592899968}
{"stage": "gate", "episode": "gate_1_00", "arm": "N", "elapsed": 1019.2970551209946}
{"stage": "gate", "episode": "gate_1_00", "arm": "T", "elapsed": 1029.8976291559957}
{"stage": "gate", "episode": "gate_1_00", "arm": "C", "elapsed": 1041.4248679709963}
{"stage": "gate", "episode": "gate_1_01", "arm": "T", "elapsed": 1052.0259618959972}
{"stage": "gate", "episode": "gate_1_01", "arm": "N", "elapsed": 1061.8157968029955}
{"stage": "gate", "episode": "gate_1_01", "arm": "C", "elapsed": 1073.3044300289948}
{"stage": "gate", "episode": "gate_1_01", "arm": "O", "elapsed": 1083.911140723998}
{"stage": "gate", "episode": "gate_1_02", "arm": "O", "elapsed": 1094.5152583239978}
{"stage": "gate", "episode": "gate_1_02", "arm": "N", "elapsed": 1104.3739125649954}
{"stage": "gate", "episode": "gate_1_02", "arm": "T", "elapsed": 1114.9553630159971}
{"stage": "gate", "episode": "gate_1_02", "arm": "C", "elapsed": 1126.488852028997}
{"stage": "gate", "episode": "gate_1_03", "arm": "T", "elapsed": 1136.0885548849947}
{"stage": "gate", "episode": "gate_1_03", "arm": "O", "elapsed": 1145.6860153729976}
{"stage": "gate", "episode": "gate_1_03", "arm": "C", "elapsed": 1155.8333315379969}
{"stage": "gate", "episode": "gate_1_03", "arm": "N", "elapsed": 1164.6610902649954}
{"stage": "gate", "episode": "gate_1_04", "arm": "T", "elapsed": 1175.257381808995}
{"stage": "gate", "episode": "gate_1_04", "arm": "O", "elapsed": 1185.9390379329961}
{"stage": "gate", "episode": "gate_1_04", "arm": "N", "elapsed": 1195.7179161989952}
{"stage": "gate", "episode": "gate_1_04", "arm": "C", "elapsed": 1207.2491085379952}
{"stage": "gate", "episode": "gate_1_05", "arm": "T", "elapsed": 1217.8819105749972}
{"stage": "gate", "episode": "gate_1_05", "arm": "C", "elapsed": 1229.4020487659982}
{"stage": "gate", "episode": "gate_1_05", "arm": "O", "elapsed": 1240.0323307469953}
{"stage": "gate", "episode": "gate_1_05", "arm": "N", "elapsed": 1249.8396870259967}
{"stage": "gate", "episode": "gate_1_06", "arm": "C", "elapsed": 1261.3922274109973}
{"stage": "gate", "episode": "gate_1_06", "arm": "O", "elapsed": 1271.9976104009947}
{"stage": "gate", "episode": "gate_1_06", "arm": "N", "elapsed": 1281.7806730099946}
{"stage": "gate", "episode": "gate_1_06", "arm": "T", "elapsed": 1292.381230899995}
{"stage": "gate", "episode": "gate_1_07", "arm": "N", "elapsed": 1301.2067648609955}
{"stage": "gate", "episode": "gate_1_07", "arm": "O", "elapsed": 1310.7968897509963}
{"stage": "gate", "episode": "gate_1_07", "arm": "T", "elapsed": 1321.419248299997}
{"stage": "gate", "episode": "gate_1_07", "arm": "C", "elapsed": 1331.6137869769955}
{"stage": "gate", "episode": "gate_1_08", "arm": "T", "elapsed": 1342.2106101109966}
{"stage": "gate", "episode": "gate_1_08", "arm": "C", "elapsed": 1353.7262936239968}
{"stage": "gate", "episode": "gate_1_08", "arm": "O", "elapsed": 1364.343144687995}
{"stage": "gate", "episode": "gate_1_08", "arm": "N", "elapsed": 1374.1347476739975}
{"stage": "gate", "episode": "gate_1_09", "arm": "N", "elapsed": 1383.9200321219978}
{"stage": "gate", "episode": "gate_1_09", "arm": "C", "elapsed": 1395.4789802129962}
{"stage": "gate", "episode": "gate_1_09", "arm": "O", "elapsed": 1406.101627912998}
{"stage": "gate", "episode": "gate_1_09", "arm": "T", "elapsed": 1416.716439785996}
{"stage": "gate", "episode": "gate_1_10", "arm": "N", "elapsed": 1426.5223517279956}
{"stage": "gate", "episode": "gate_1_10", "arm": "T", "elapsed": 1437.1711150569972}
{"stage": "gate", "episode": "gate_1_10", "arm": "C", "elapsed": 1448.720866507996}
{"stage": "gate", "episode": "gate_1_10", "arm": "O", "elapsed": 1459.374336490997}
{"stage": "gate", "episode": "gate_1_11", "arm": "N", "elapsed": 1468.2233499529975}
{"stage": "gate", "episode": "gate_1_11", "arm": "T", "elapsed": 1477.8514967089977}
{"stage": "gate", "episode": "gate_1_11", "arm": "C", "elapsed": 1488.0526008199959}
{"stage": "gate", "episode": "gate_1_11", "arm": "O", "elapsed": 1498.7147427999953}
{"stage": "gate", "episode": "gate_1_12", "arm": "N", "elapsed": 1508.5134058839976}
{"stage": "gate", "episode": "gate_1_12", "arm": "O", "elapsed": 1519.1920185759955}
{"stage": "gate", "episode": "gate_1_12", "arm": "T", "elapsed": 1529.8889439409977}
{"stage": "gate", "episode": "gate_1_12", "arm": "C", "elapsed": 1541.8521326799964}
{"stage": "gate", "episode": "gate_1_13", "arm": "O", "elapsed": 1552.6553910319963}
{"stage": "gate", "episode": "gate_1_13", "arm": "N", "elapsed": 1562.559032471996}
{"stage": "gate", "episode": "gate_1_13", "arm": "C", "elapsed": 1574.2533323929965}
{"stage": "gate", "episode": "gate_1_13", "arm": "T", "elapsed": 1584.907217617998}
{"stage": "gate", "episode": "gate_1_14", "arm": "C", "elapsed": 1596.461862252996}
{"stage": "gate", "episode": "gate_1_14", "arm": "N", "elapsed": 1606.2713982009955}
{"stage": "gate", "episode": "gate_1_14", "arm": "T", "elapsed": 1616.9251579699958}
{"stage": "gate", "episode": "gate_1_14", "arm": "O", "elapsed": 1627.5874635559958}
{"stage": "gate", "episode": "gate_1_15", "arm": "N", "elapsed": 1636.4363055749964}
{"stage": "gate", "episode": "gate_1_15", "arm": "C", "elapsed": 1646.6291625709964}
{"stage": "gate", "episode": "gate_1_15", "arm": "T", "elapsed": 1657.2672737619978}
{"stage": "gate", "episode": "gate_1_15", "arm": "O", "elapsed": 1666.884856974997}
{"stage": "gate", "episode": "gate_2_00", "arm": "T", "elapsed": 1675.873607573998}
{"stage": "gate", "episode": "gate_2_00", "arm": "C", "elapsed": 1685.8423106009977}
{"stage": "gate", "episode": "gate_2_00", "arm": "O", "elapsed": 1694.864239081995}
{"stage": "gate", "episode": "gate_2_00", "arm": "N", "elapsed": 1703.1620433399949}
{"stage": "gate", "episode": "gate_2_01", "arm": "N", "elapsed": 1712.9602941389967}
{"stage": "gate", "episode": "gate_2_01", "arm": "C", "elapsed": 1724.5261763989947}
{"stage": "gate", "episode": "gate_2_01", "arm": "T", "elapsed": 1735.144642393996}
{"stage": "gate", "episode": "gate_2_01", "arm": "O", "elapsed": 1745.756918465995}
{"stage": "gate", "episode": "gate_2_02", "arm": "T", "elapsed": 1756.373674941995}
{"stage": "gate", "episode": "gate_2_02", "arm": "C", "elapsed": 1767.941769547997}
{"stage": "gate", "episode": "gate_2_02", "arm": "N", "elapsed": 1777.7321235129966}
{"stage": "gate", "episode": "gate_2_02", "arm": "O", "elapsed": 1788.3404717609956}
{"stage": "gate", "episode": "gate_2_03", "arm": "T", "elapsed": 1798.9547376949959}
{"stage": "gate", "episode": "gate_2_03", "arm": "C", "elapsed": 1810.5416535349977}
{"stage": "gate", "episode": "gate_2_03", "arm": "N", "elapsed": 1820.3347544579956}
{"stage": "gate", "episode": "gate_2_03", "arm": "O", "elapsed": 1830.9516814619965}
{"stage": "gate", "episode": "gate_2_04", "arm": "T", "elapsed": 1839.9703920339962}
{"stage": "gate", "episode": "gate_2_04", "arm": "N", "elapsed": 1848.2695971369976}
{"stage": "gate", "episode": "gate_2_04", "arm": "C", "elapsed": 1858.254709531997}
{"stage": "gate", "episode": "gate_2_04", "arm": "O", "elapsed": 1867.274075391997}
{"stage": "gate", "episode": "gate_2_05", "arm": "T", "elapsed": 1877.8885350749952}
{"stage": "gate", "episode": "gate_2_05", "arm": "N", "elapsed": 1887.6873630339978}
{"stage": "gate", "episode": "gate_2_05", "arm": "O", "elapsed": 1898.3086134479963}
{"stage": "gate", "episode": "gate_2_05", "arm": "C", "elapsed": 1909.9079261979969}
{"stage": "gate", "episode": "gate_2_06", "arm": "T", "elapsed": 1920.5244796289953}
{"stage": "gate", "episode": "gate_2_06", "arm": "C", "elapsed": 1932.105412084995}
{"stage": "gate", "episode": "gate_2_06", "arm": "N", "elapsed": 1941.8978262139972}
{"stage": "gate", "episode": "gate_2_06", "arm": "O", "elapsed": 1952.5145934549982}
{"stage": "gate", "episode": "gate_2_07", "arm": "T", "elapsed": 1963.1310180909968}
{"stage": "gate", "episode": "gate_2_07", "arm": "O", "elapsed": 1973.751890720996}
{"stage": "gate", "episode": "gate_2_07", "arm": "N", "elapsed": 1983.5503896159971}
{"stage": "gate", "episode": "gate_2_07", "arm": "C", "elapsed": 1995.1701521119976}
{"stage": "gate", "episode": "gate_2_08", "arm": "O", "elapsed": 2004.192396921997}
{"stage": "gate", "episode": "gate_2_08", "arm": "C", "elapsed": 2014.1849439659964}
{"stage": "gate", "episode": "gate_2_08", "arm": "N", "elapsed": 2022.479309446997}
{"stage": "gate", "episode": "gate_2_08", "arm": "T", "elapsed": 2031.5014581239957}
{"stage": "gate", "episode": "gate_2_09", "arm": "N", "elapsed": 2040.3385755879972}
{"stage": "gate", "episode": "gate_2_09", "arm": "O", "elapsed": 2050.946676777996}
{"stage": "gate", "episode": "gate_2_09", "arm": "T", "elapsed": 2061.5646198729955}
{"stage": "gate", "episode": "gate_2_09", "arm": "C", "elapsed": 2071.7927596659974}
{"stage": "gate", "episode": "gate_2_10", "arm": "N", "elapsed": 2081.607829136996}
{"stage": "gate", "episode": "gate_2_10", "arm": "T", "elapsed": 2092.2710313359967}
{"stage": "gate", "episode": "gate_2_10", "arm": "O", "elapsed": 2102.934989208996}
{"stage": "gate", "episode": "gate_2_10", "arm": "C", "elapsed": 2114.566598648995}
{"stage": "gate", "episode": "gate_2_11", "arm": "N", "elapsed": 2124.3824690139954}
{"stage": "gate", "episode": "gate_2_11", "arm": "C", "elapsed": 2136.0055215399952}
{"stage": "gate", "episode": "gate_2_11", "arm": "O", "elapsed": 2146.660517573997}
{"stage": "gate", "episode": "gate_2_11", "arm": "T", "elapsed": 2157.3189098269977}
{"stage": "gate", "episode": "gate_2_12", "arm": "C", "elapsed": 2167.3806684569972}
{"stage": "gate", "episode": "gate_2_12", "arm": "T", "elapsed": 2176.429293893998}
{"stage": "gate", "episode": "gate_2_12", "arm": "N", "elapsed": 2184.739100637995}
{"stage": "gate", "episode": "gate_2_12", "arm": "O", "elapsed": 2193.796910596997}
{"stage": "gate", "episode": "gate_2_13", "arm": "O", "elapsed": 2204.4647467569957}
{"stage": "gate", "episode": "gate_2_13", "arm": "C", "elapsed": 2216.075136089996}
{"stage": "gate", "episode": "gate_2_13", "arm": "T", "elapsed": 2226.718734739996}
{"stage": "gate", "episode": "gate_2_13", "arm": "N", "elapsed": 2236.5163935119963}
{"stage": "gate", "episode": "gate_2_14", "arm": "C", "elapsed": 2248.133084551995}
{"stage": "gate", "episode": "gate_2_14", "arm": "T", "elapsed": 2258.777487649997}
{"stage": "gate", "episode": "gate_2_14", "arm": "N", "elapsed": 2268.5707751609953}
{"stage": "gate", "episode": "gate_2_14", "arm": "O", "elapsed": 2279.218430641995}
{"stage": "gate", "episode": "gate_2_15", "arm": "T", "elapsed": 2289.8577779949956}
{"stage": "gate", "episode": "gate_2_15", "arm": "N", "elapsed": 2299.657157091995}
{"stage": "gate", "episode": "gate_2_15", "arm": "C", "elapsed": 2311.2640930539965}
{"stage": "gate", "episode": "gate_2_15", "arm": "O", "elapsed": 2321.907327428995}
{"stage": "gate", "episode": "gate_3_00", "arm": "T", "elapsed": 2332.6818209079975}
{"stage": "gate", "episode": "gate_3_00", "arm": "N", "elapsed": 2342.4651773729965}
{"stage": "gate", "episode": "gate_3_00", "arm": "O", "elapsed": 2353.080432850995}
{"stage": "gate", "episode": "gate_3_00", "arm": "C", "elapsed": 2364.7002363859974}
{"stage": "gate", "episode": "gate_3_01", "arm": "T", "elapsed": 2375.4922437749956}
{"stage": "gate", "episode": "gate_3_01", "arm": "O", "elapsed": 2386.123585991998}
{"stage": "gate", "episode": "gate_3_01", "arm": "C", "elapsed": 2396.1572296549966}
{"stage": "gate", "episode": "gate_3_01", "arm": "N", "elapsed": 2404.464505488995}
{"stage": "gate", "episode": "gate_3_02", "arm": "C", "elapsed": 2416.0887227919957}
{"stage": "gate", "episode": "gate_3_02", "arm": "T", "elapsed": 2426.8679349219965}
{"stage": "gate", "episode": "gate_3_02", "arm": "N", "elapsed": 2435.1816572769967}
{"stage": "gate", "episode": "gate_3_02", "arm": "O", "elapsed": 2445.8127978299963}
{"stage": "gate", "episode": "gate_3_03", "arm": "O", "elapsed": 2454.848753376995}
{"stage": "gate", "episode": "gate_3_03", "arm": "T", "elapsed": 2464.0842248939953}
{"stage": "gate", "episode": "gate_3_03", "arm": "N", "elapsed": 2472.442411508997}
{"stage": "gate", "episode": "gate_3_03", "arm": "C", "elapsed": 2482.4893067509947}
{"stage": "gate", "episode": "gate_3_04", "arm": "O", "elapsed": 2493.1266488249967}
{"stage": "gate", "episode": "gate_3_04", "arm": "T", "elapsed": 2503.925093574995}
{"stage": "gate", "episode": "gate_3_04", "arm": "C", "elapsed": 2515.526706384997}
{"stage": "gate", "episode": "gate_3_04", "arm": "N", "elapsed": 2525.337577813996}
{"stage": "gate", "episode": "gate_3_05", "arm": "N", "elapsed": 2534.126714834998}
{"stage": "gate", "episode": "gate_3_05", "arm": "O", "elapsed": 2544.7493448439964}
{"stage": "gate", "episode": "gate_3_05", "arm": "C", "elapsed": 2554.730566122995}
{"stage": "gate", "episode": "gate_3_05", "arm": "T", "elapsed": 2565.523764781996}
{"stage": "gate", "episode": "gate_3_06", "arm": "O", "elapsed": 2576.1672239079962}
{"stage": "gate", "episode": "gate_3_06", "arm": "T", "elapsed": 2586.957579513997}
{"stage": "gate", "episode": "gate_3_06", "arm": "C", "elapsed": 2598.550483440995}
{"stage": "gate", "episode": "gate_3_06", "arm": "N", "elapsed": 2606.862994524996}
{"stage": "gate", "episode": "gate_3_07", "arm": "T", "elapsed": 2616.0503159899963}
{"stage": "gate", "episode": "gate_3_07", "arm": "N", "elapsed": 2624.627858795997}
{"stage": "gate", "episode": "gate_3_07", "arm": "O", "elapsed": 2633.671011804996}
{"stage": "gate", "episode": "gate_3_07", "arm": "C", "elapsed": 2643.6747032259955}
{"stage": "gate", "episode": "gate_3_08", "arm": "O", "elapsed": 2654.308915448997}
{"stage": "gate", "episode": "gate_3_08", "arm": "C", "elapsed": 2665.893569643995}
{"stage": "gate", "episode": "gate_3_08", "arm": "N", "elapsed": 2675.703941873995}
{"stage": "gate", "episode": "gate_3_08", "arm": "T", "elapsed": 2686.488292283997}
{"stage": "gate", "episode": "gate_3_09", "arm": "N", "elapsed": 2695.281059809997}
{"stage": "gate", "episode": "gate_3_09", "arm": "O", "elapsed": 2705.911894422996}
{"stage": "gate", "episode": "gate_3_09", "arm": "C", "elapsed": 2715.9246295919947}
{"stage": "gate", "episode": "gate_3_09", "arm": "T", "elapsed": 2726.704981914998}
{"stage": "gate", "episode": "gate_3_10", "arm": "N", "elapsed": 2735.024702981995}
{"stage": "gate", "episode": "gate_3_10", "arm": "C", "elapsed": 2746.677929704998}
{"stage": "gate", "episode": "gate_3_10", "arm": "T", "elapsed": 2757.5171927219963}
{"stage": "gate", "episode": "gate_3_10", "arm": "O", "elapsed": 2768.208234511996}
{"stage": "gate", "episode": "gate_3_11", "arm": "N", "elapsed": 2776.5868013269974}
{"stage": "gate", "episode": "gate_3_11", "arm": "O", "elapsed": 2785.6712755809967}
{"stage": "gate", "episode": "gate_3_11", "arm": "T", "elapsed": 2794.8829104229953}
{"stage": "gate", "episode": "gate_3_11", "arm": "C", "elapsed": 2804.950559084995}
{"stage": "gate", "episode": "gate_3_12", "arm": "C", "elapsed": 2816.6224696899953}
{"stage": "gate", "episode": "gate_3_12", "arm": "O", "elapsed": 2827.310457718995}
{"stage": "gate", "episode": "gate_3_12", "arm": "T", "elapsed": 2838.1377724199956}
{"stage": "gate", "episode": "gate_3_12", "arm": "N", "elapsed": 2847.9721111659965}
{"stage": "gate", "episode": "gate_3_13", "arm": "T", "elapsed": 2858.7919189729982}
{"stage": "gate", "episode": "gate_3_13", "arm": "O", "elapsed": 2869.4793329629974}
{"stage": "gate", "episode": "gate_3_13", "arm": "C", "elapsed": 2879.5087543309965}
{"stage": "gate", "episode": "gate_3_13", "arm": "N", "elapsed": 2888.322541393998}
{"stage": "gate", "episode": "gate_3_14", "arm": "O", "elapsed": 2899.0077944259974}
{"stage": "gate", "episode": "gate_3_14", "arm": "T", "elapsed": 2908.2118673969962}
{"stage": "gate", "episode": "gate_3_14", "arm": "C", "elapsed": 2919.905444877997}
{"stage": "gate", "episode": "gate_3_14", "arm": "N", "elapsed": 2928.234755280995}
{"stage": "gate", "episode": "gate_3_15", "arm": "N", "elapsed": 2936.6124067349956}
{"stage": "gate", "episode": "gate_3_15", "arm": "T", "elapsed": 2945.806886921997}
{"stage": "gate", "episode": "gate_3_15", "arm": "C", "elapsed": 2955.8495663859976}
{"stage": "gate", "episode": "gate_3_15", "arm": "O", "elapsed": 2964.930979097997}
{"classifier_seconds": 60.34340147007242, "counts": {"cancel": {"C": {"broken": 0, "contradictory": 0, "exact": 0, "false_retirement": 16, "final_success": 7, "stale": 7}, "N": {"broken": 0, "contradictory": null, "exact": null, "false_retirement": null, "final_success": 0, "stale": 16}, "O": {"broken": 0, "contradictory": 0, "exact": 16, "false_retirement": 0, "final_success": 14, "stale": 2}, "T": {"broken": 0, "contradictory": null, "exact": null, "false_retirement": null, "final_success": 0, "stale": 16}}, "complete-and-move-on": {"C": {"broken": 0, "contradictory": 0, "exact": 0, "false_retirement": 16, "final_success": 3, "stale": 14}, "N": {"broken": 0, "contradictory": null, "exact": null, "false_retirement": null, "final_success": 0, "stale": 16}, "O": {"broken": 0, "contradictory": 0, "exact": 16, "false_retirement": 0, "final_success": 16, "stale": 0}, "T": {"broken": 0, "contradictory": null, "exact": null, "false_retirement": null, "final_success": 0, "stale": 16}}, "override": {"C": {"broken": 0, "contradictory": 0, "exact": 0, "false_retirement": 16, "final_success": 11, "stale": 4}, "N": {"broken": 0, "contradictory": null, "exact": null, "false_retirement": null, "final_success": 9, "stale": 6}, "O": {"broken": 0, "contradictory": 0, "exact": 16, "false_retirement": 0, "final_success": 15, "stale": 0}, "T": {"broken": 0, "contradictory": null, "exact": null, "false_retirement": null, "final_success": 15, "stale": 0}}, "pooled": {"C": {"broken": 0, "contradictory": 0, "exact": 0, "false_retirement": 64, "final_success": 27, "stale": 27}, "N": {"broken": 0, "contradictory": null, "exact": null, "false_retirement": null, "final_success": 25, "stale": 38}, "O": {"broken": 0, "contradictory": 0, "exact": 64, "false_retirement": 0, "final_success": 61, "stale": 2}, "T": {"broken": 0, "contradictory": null, "exact": null, "false_retirement": null, "final_success": 31, "stale": 32}}, "switch-and-return": {"C": {"broken": 0, "contradictory": 0, "exact": 0, "false_retirement": 16, "final_success": 6, "stale": 2}, "N": {"broken": 0, "contradictory": null, "exact": null, "false_retirement": null, "final_success": 16, "stale": 0}, "O": {"broken": 0, "contradictory": 0, "exact": 16, "false_retirement": 0, "final_success": 16, "stale": 0}, "T": {"broken": 0, "contradictory": null, "exact": null, "false_retirement": null, "final_success": 16, "stale": 0}}}, "diagnostics": {"cancel": {"admitted_beside_live": 0, "overflow_turns": 0, "pair_confusion": {"none->none": 112}, "pairs": 112}, "complete-and-move-on": {"admitted_beside_live": 0, "overflow_turns": 0, "pair_confusion": {"none->none": 128}, "pairs": 128}, "override": {"admitted_beside_live": 0, "overflow_turns": 0, "pair_confusion": {"none->none": 112}, "pairs": 112}, "switch-and-return": {"admitted_beside_live": 0, "overflow_turns": 0, "pair_confusion": {"none->none": 128}, "pairs": 128}}, "episodes": {"gate_0_00": {"C": {"broken": false, "contradictory": false, "exact": false, "false_retirement": true, "final_success": false, "stale": true}, "N": {"broken": false, "contradictory": null, "exact": null, "false_retirement": null, "final_success": false, "stale": true}, "O": {"broken": false, "contradictory": false, "exact": true, "false_retirement": false, "final_success": true, "stale": false}, "T": {"broken": false, "contradictory": null, "exact": null, "false_retirement": null, "final_success": true, "stale": false}}, "gate_0_01": {"C": {"broken": false, "contradictory": false, "exact": false, "false_retirement": true, "final_success": true, "stale": false}, "N": {"broken": false, "contradictory": null, "exact": null, "false_retirement": null, "final_success": true, "stale": false}, "O": {"broken": false, "contradictory": false, "exact": true, "false_retirement": false, "final_success": true, "stale": false}, "T": {"broken": false, "contradictory": null, "exact": null, "false_retirement": null, "final_success": true, "stale": false}}, "gate_0_02": {"C": {"broken": false, "contradictory": false, "exact": false, "false_retirement": true, "final_success": true, "stale": false}, "N": {"broken": false, "contradictory": null, "exact": null, "false_retirement": null, "final_success": true, "stale": false}, "O": {"broken": false, "contradictory": false, "exact": true, "false_retirement": false, "final_success": true, "stale": false}, "T": {"broken": false, "contradictory": null, "exact": null, "false_retirement": null, "final_success": true, "stale": false}}, "gate_0_03": {"C": {"broken": false, "contradictory": false, "exact": false, "false_retirement": true, "final_success": true, "stale": false}, "N": {"broken": false, "contradictory": null, "exact": null, "false_retirement": null, "final_success": true, "stale": false}, "O": {"broken": false, "contradictory": false, "exact": true, "false_retirement": false, "final_success": true, "stale": false}, "T": {"broken": false, "contradictory": null, "exact": null, "false_retirement": null, "final_success": true, "stale": false}}, "gate_0_04": {"C": {"broken": false, "contradictory": false, "exact": false, "false_retirement": true, "final_success": false, "stale": true}, "N": {"broken": false, "contradictory": null, "exact": null, "false_retirement": null, "final_success": false, "stale": true}, "O": {"broken": false, "contradictory": false, "exact": true, "false_retirement": false, "final_success": true, "stale": false}, "T": {"broken": false, "contradictory": null, "exact": null, "false_retirement": null, "final_success": true, "stale": false}}, "gate_0_05": {"C": {"broken": false, "contradictory": false, "exact": false, "false_retirement": true, "final_success": true, "stale": false}, "N": {"broken": false, "contradictory": null, "exact": null, "false_retirement": null, "final_success": true, "stale": false}, "O": {"broken": false, "contradictory": false, "exact": true, "false_retirement": false, "final_success": true, "stale": false}, "T": {"broken": false, "contradictory": null, "exact": null, "false_retirement": null, "final_success": true, "stale": false}}, "gate_0_06": {"C": {"broken": false, "contradictory": false, "exact": false, "false_retirement": true, "final_success": true, "stale": false}, "N": {"broken": false, "contradictory": null, "exact": null, "false_retirement": null, "final_success": true, "stale": false}, "O": {"broken": false, "contradictory": false, "exact": true, "false_retirement": false, "final_success": true, "stale": false}, "T": {"broken": false, "contradictory": null, "exact": null, "false_retirement": null, "final_success": true, "stale": false}}, "gate_0_07": {"C": {"broken": false, "contradictory": false, "exact": false, "false_retirement": true, "final_success": true, "stale": false}, "N": {"broken": false, "contradictory": null, "exact": null, "false_retirement": null, "final_success": false, "stale": true}, "O": {"broken": false, "contradictory": false, "exact": true, "false_retirement": false, "final_success": true, "stale": false}, "T": {"broken": false, "contradictory": null, "exact": null, "false_retirement": null, "final_success": true, "stale": false}}, "gate_0_08": {"C": {"broken": false, "contradictory": false, "exact": false, "false_retirement": true, "final_success": false, "stale": true}, "N": {"broken": false, "contradictory": null, "exact": null, "false_retirement": null, "final_success": false, "stale": true}, "O": {"broken": false, "contradictory": false, "exact": true, "false_retirement": false, "final_success": true, "stale": false}, "T": {"broken": false, "contradictory": null, "exact": null, "false_retirement": null, "final_success": true, "stale": false}}, "gate_0_09": {"C": {"broken": false, "contradictory": false, "exact": false, "false_retirement": true, "final_success": true, "stale": false}, "N": {"broken": false, "contradictory": null, "exact": null, "false_retirement": null, "final_success": true, "stale": false}, "O": {"broken": false, "contradictory": false, "exact": true, "false_retirement": false, "final_success": true, "stale": false}, "T": {"broken": false, "contradictory": null, "exact": null, "false_retirement": null, "final_success": true, "stale": false}}, "gate_0_10": {"C": {"broken": false, "contradictory": false, "exact": false, "false_retirement": true, "final_success": true, "stale": false}, "N": {"broken": false, "contradictory": null, "exact": null, "false_retirement": null, "final_success": true, "stale": false}, "O": {"broken": false, "contradictory": false, "exact": true, "false_retirement": false, "final_success": true, "stale": false}, "T": {"broken": false, "contradictory": null, "exact": null, "false_retirement": null, "final_success": true, "stale": false}}, "gate_0_11": {"C": {"broken": false, "contradictory": false, "exact": false, "false_retirement": true, "final_success": true, "stale": false}, "N": {"broken": false, "contradictory": null, "exact": null, "false_retirement": null, "final_success": false, "stale": true}, "O": {"broken": false, "contradictory": false, "exact": true, "false_retirement": false, "final_success": true, "stale": false}, "T": {"broken": false, "contradictory": null, "exact": null, "false_retirement": null, "final_success": true, "stale": false}}, "gate_0_12": {"C": {"broken": false, "contradictory": false, "exact": false, "false_retirement": true, "final_success": false, "stale": true}, "N": {"broken": false, "contradictory": null, "exact": null, "false_retirement": null, "final_success": false, "stale": true}, "O": {"broken": false, "contradictory": false, "exact": true, "false_retirement": false, "final_success": true, "stale": false}, "T": {"broken": false, "contradictory": null, "exact": null, "false_retirement": null, "final_success": true, "stale": false}}, "gate_0_13": {"C": {"broken": false, "contradictory": false, "exact": false, "false_retirement": true, "final_success": true, "stale": false}, "N": {"broken": false, "contradictory": null, "exact": null, "false_retirement": null, "final_success": true, "stale": false}, "O": {"broken": false, "contradictory": false, "exact": true, "false_retirement": false, "final_success": true, "stale": false}, "T": {"broken": false, "contradictory": null, "exact": null, "false_retirement": null, "final_success": true, "stale": false}}, "gate_0_14": {"C": {"broken": false, "contradictory": false, "exact": false, "false_retirement": true, "final_success": false, "stale": false}, "N": {"broken": false, "contradictory": null, "exact": null, "false_retirement": null, "final_success": false, "stale": false}, "O": {"broken": false, "contradictory": false, "exact": true, "false_retirement": false, "final_success": false, "stale": false}, "T": {"broken": false, "contradictory": null, "exact": null, "false_retirement": null, "final_success": false, "stale": false}}, "gate_0_15": {"C": {"broken": false, "contradictory": false, "exact": false, "false_retirement": true, "final_success": true, "stale": false}, "N": {"broken": false, "contradictory": null, "exact": null, "false_retirement": null, "final_success": true, "stale": false}, "O": {"broken": false, "contradictory": false, "exact": true, "false_retirement": false, "final_success": true, "stale": false}, "T": {"broken": false, "contradictory": null, "exact": null, "false_retirement": null, "final_success": true, "stale": false}}, "gate_1_00": {"C": {"broken": false, "contradictory": false, "exact": false, "false_retirement": true, "final_success": false, "stale": true}, "N": {"broken": false, "contradictory": null, "exact": null, "false_retirement": null, "final_success": false, "stale": true}, "O": {"broken": false, "contradictory": false, "exact": true, "false_retirement": false, "final_success": true, "stale": false}, "T": {"broken": false, "contradictory": null, "exact": null, "false_retirement": null, "final_success": false, "stale": true}}, "gate_1_01": {"C": {"broken": false, "contradictory": false, "exact": false, "false_retirement": true, "final_success": false, "stale": false}, "N": {"broken": false, "contradictory": null, "exact": null, "false_retirement": null, "final_success": false, "stale": true}, "O": {"broken": false, "contradictory": false, "exact": true, "false_retirement": false, "final_success": true, "stale": false}, "T": {"broken": false, "contradictory": null, "exact": null, "false_retirement": null, "final_success": false, "stale": true}}, "gate_1_02": {"C": {"broken": false, "contradictory": false, "exact": false, "false_retirement": true, "final_success": false, "stale": true}, "N": {"broken": false, "contradictory": null, "exact": null, "false_retirement": null, "final_success": false, "stale": true}, "O": {"broken": false, "contradictory": false, "exact": true, "false_retirement": false, "final_success": true, "stale": false}, "T": {"broken": false, "contradictory": null, "exact": null, "false_retirement": null, "final_success": false, "stale": true}}, "gate_1_03": {"C": {"broken": false, "contradictory": false, "exact": false, "false_retirement": true, "final_success": true, "stale": false}, "N": {"broken": false, "contradictory": null, "exact": null, "false_retirement": null, "final_success": false, "stale": true}, "O": {"broken": false, "contradictory": false, "exact": true, "false_retirement": false, "final_success": true, "stale": false}, "T": {"broken": false, "contradictory": null, "exact": null, "false_retirement": null, "final_success": false, "stale": true}}, "gate_1_04": {"C": {"broken": false, "contradictory": false, "exact": false, "false_retirement": true, "final_success": true, "stale": true}, "N": {"broken": false, "contradictory": null, "exact": null, "false_retirement": null, "final_success": false, "stale": true}, "O": {"broken": false, "contradictory": false, "exact": true, "false_retirement": false, "final_success": true, "stale": false}, "T": {"broken": false, "contradictory": null, "exact": null, "false_retirement": null, "final_success": false, "stale": true}}, "gate_1_05": {"C": {"broken": false, "contradictory": false, "exact": false, "false_retirement": true, "final_success": false, "stale": false}, "N": {"broken": false, "contradictory": null, "exact": null, "false_retirement": null, "final_success": false, "stale": true}, "O": {"broken": false, "contradictory": false, "exact": true, "false_retirement": false, "final_success": true, "stale": false}, "T": {"broken": false, "contradictory": null, "exact": null, "false_retirement": null, "final_success": false, "stale": true}}, "gate_1_06": {"C": {"broken": false, "contradictory": false, "exact": false, "false_retirement": true, "final_success": false, "stale": true}, "N": {"broken": false, "contradictory": null, "exact": null, "false_retirement": null, "final_success": false, "stale": true}, "O": {"broken": false, "contradictory": false, "exact": true, "false_retirement": false, "final_success": false, "stale": true}, "T": {"broken": false, "contradictory": null, "exact": null, "false_retirement": null, "final_success": false, "stale": true}}, "gate_1_07": {"C": {"broken": false, "contradictory": false, "exact": false, "false_retirement": true, "final_success": false, "stale": false}, "N": {"broken": false, "contradictory": null, "exact": null, "false_retirement": null, "final_success": false, "stale": true}, "O": {"broken": false, "contradictory": false, "exact": true, "false_retirement": false, "final_success": true, "stale": false}, "T": {"broken": false, "contradictory": null, "exact": null, "false_retirement": null, "final_success": false, "stale": true}}, "gate_1_08": {"C": {"broken": false, "contradictory": false, "exact": false, "false_retirement": true, "final_success": false, "stale": true}, "N": {"broken": false, "contradictory": null, "exact": null, "false_retirement": null, "final_success": false, "stale": true}, "O": {"broken": false, "contradictory": false, "exact": true, "false_retirement": false, "final_success": true, "stale": false}, "T": {"broken": false, "contradictory": null, "exact": null, "false_retirement": null, "final_success": false, "stale": true}}, "gate_1_09": {"C": {"broken": false, "contradictory": false, "exact": false, "false_retirement": true, "final_success": true, "stale": false}, "N": {"broken": false, "contradictory": null, "exact": null, "false_retirement": null, "final_success": false, "stale": true}, "O": {"broken": false, "contradictory": false, "exact": true, "false_retirement": false, "final_success": true, "stale": false}, "T": {"broken": false, "contradictory": null, "exact": null, "false_retirement": null, "final_success": false, "stale": true}}, "gate_1_10": {"C": {"broken": false, "contradictory": false, "exact": false, "false_retirement": true, "final_success": false, "stale": true}, "N": {"broken": false, "contradictory": null, "exact": null, "false_retirement": null, "final_success": false, "stale": true}, "O": {"broken": false, "contradictory": false, "exact": true, "false_retirement": false, "final_success": false, "stale": true}, "T": {"broken": false, "contradictory": null, "exact": null, "false_retirement": null, "final_success": false, "stale": true}}, "gate_1_11": {"C": {"broken": false, "contradictory": false, "exact": false, "false_retirement": true, "final_success": true, "stale": false}, "N": {"broken": false, "contradictory": null, "exact": null, "false_retirement": null, "final_success": false, "stale": true}, "O": {"broken": false, "contradictory": false, "exact": true, "false_retirement": false, "final_success": true, "stale": false}, "T": {"broken": false, "contradictory": null, "exact": null, "false_retirement": null, "final_success": false, "stale": true}}, "gate_1_12": {"C": {"broken": false, "contradictory": false, "exact": false, "false_retirement": true, "final_success": true, "stale": false}, "N": {"broken": false, "contradictory": null, "exact": null, "false_retirement": null, "final_success": false, "stale": true}, "O": {"broken": false, "contradictory": false, "exact": true, "false_retirement": false, "final_success": true, "stale": false}, "T": {"broken": false, "contradictory": null, "exact": null, "false_retirement": null, "final_success": false, "stale": true}}, "gate_1_13": {"C": {"broken": false, "contradictory": false, "exact": false, "false_retirement": true, "final_success": true, "stale": false}, "N": {"broken": false, "contradictory": null, "exact": null, "false_retirement": null, "final_success": false, "stale": true}, "O": {"broken": false, "contradictory": false, "exact": true, "false_retirement": false, "final_success": true, "stale": false}, "T": {"broken": false, "contradictory": null, "exact": null, "false_retirement": null, "final_success": false, "stale": true}}, "gate_1_14": {"C": {"broken": false, "contradictory": false, "exact": false, "false_retirement": true, "final_success": false, "stale": true}, "N": {"broken": false, "contradictory": null, "exact": null, "false_retirement": null, "final_success": false, "stale": true}, "O": {"broken": false, "contradictory": false, "exact": true, "false_retirement": false, "final_success": true, "stale": false}, "T": {"broken": false, "contradictory": null, "exact": null, "false_retirement": null, "final_success": false, "stale": true}}, "gate_1_15": {"C": {"broken": false, "contradictory": false, "exact": false, "false_retirement": true, "final_success": true, "stale": false}, "N": {"broken": false, "contradictory": null, "exact": null, "false_retirement": null, "final_success": false, "stale": true}, "O": {"broken": false, "contradictory": false, "exact": true, "false_retirement": false, "final_success": true, "stale": false}, "T": {"broken": false, "contradictory": null, "exact": null, "false_retirement": null, "final_success": false, "stale": true}}, "gate_2_00": {"C": {"broken": false, "contradictory": false, "exact": false, "false_retirement": true, "final_success": false, "stale": true}, "N": {"broken": false, "contradictory": null, "exact": null, "false_retirement": null, "final_success": false, "stale": true}, "O": {"broken": false, "contradictory": false, "exact": true, "false_retirement": false, "final_success": true, "stale": false}, "T": {"broken": false, "contradictory": null, "exact": null, "false_retirement": null, "final_success": false, "stale": true}}, "gate_2_01": {"C": {"broken": false, "contradictory": false, "exact": false, "false_retirement": true, "final_success": true, "stale": false}, "N": {"broken": false, "contradictory": null, "exact": null, "false_retirement": null, "final_success": false, "stale": true}, "O": {"broken": false, "contradictory": false, "exact": true, "false_retirement": false, "final_success": true, "stale": false}, "T": {"broken": false, "contradictory": null, "exact": null, "false_retirement": null, "final_success": false, "stale": true}}, "gate_2_02": {"C": {"broken": false, "contradictory": false, "exact": false, "false_retirement": true, "final_success": false, "stale": true}, "N": {"broken": false, "contradictory": null, "exact": null, "false_retirement": null, "final_success": false, "stale": true}, "O": {"broken": false, "contradictory": false, "exact": true, "false_retirement": false, "final_success": true, "stale": false}, "T": {"broken": false, "contradictory": null, "exact": null, "false_retirement": null, "final_success": false, "stale": true}}, "gate_2_03": {"C": {"broken": false, "contradictory": false, "exact": false, "false_retirement": true, "final_success": true, "stale": false}, "N": {"broken": false, "contradictory": null, "exact": null, "false_retirement": null, "final_success": false, "stale": true}, "O": {"broken": false, "contradictory": false, "exact": true, "false_retirement": false, "final_success": true, "stale": false}, "T": {"broken": false, "contradictory": null, "exact": null, "false_retirement": null, "final_success": false, "stale": true}}, "gate_2_04": {"C": {"broken": false, "contradictory": false, "exact": false, "false_retirement": true, "final_success": false, "stale": true}, "N": {"broken": false, "contradictory": null, "exact": null, "false_retirement": null, "final_success": false, "stale": true}, "O": {"broken": false, "contradictory": false, "exact": true, "false_retirement": false, "final_success": true, "stale": false}, "T": {"broken": false, "contradictory": null, "exact": null, "false_retirement": null, "final_success": false, "stale": true}}, "gate_2_05": {"C": {"broken": false, "contradictory": false, "exact": false, "false_retirement": true, "final_success": true, "stale": true}, "N": {"broken": false, "contradictory": null, "exact": null, "false_retirement": null, "final_success": false, "stale": true}, "O": {"broken": false, "contradictory": false, "exact": true, "false_retirement": false, "final_success": true, "stale": false}, "T": {"broken": false, "contradictory": null, "exact": null, "false_retirement": null, "final_success": false, "stale": true}}, "gate_2_06": {"C": {"broken": false, "contradictory": false, "exact": false, "false_retirement": true, "final_success": false, "stale": true}, "N": {"broken": false, "contradictory": null, "exact": null, "false_retirement": null, "final_success": false, "stale": true}, "O": {"broken": false, "contradictory": false, "exact": true, "false_retirement": false, "final_success": true, "stale": false}, "T": {"broken": false, "contradictory": null, "exact": null, "false_retirement": null, "final_success": false, "stale": true}}, "gate_2_07": {"C": {"broken": false, "contradictory": false, "exact": false, "false_retirement": true, "final_success": false, "stale": true}, "N": {"broken": false, "contradictory": null, "exact": null, "false_retirement": null, "final_success": false, "stale": true}, "O": {"broken": false, "contradictory": false, "exact": true, "false_retirement": false, "final_success": true, "stale": false}, "T": {"broken": false, "contradictory": null, "exact": null, "false_retirement": null, "final_success": false, "stale": true}}, "gate_2_08": {"C": {"broken": false, "contradictory": false, "exact": false, "false_retirement": true, "final_success": false, "stale": true}, "N": {"broken": false, "contradictory": null, "exact": null, "false_retirement": null, "final_success": false, "stale": true}, "O": {"broken": false, "contradictory": false, "exact": true, "false_retirement": false, "final_success": true, "stale": false}, "T": {"broken": false, "contradictory": null, "exact": null, "false_retirement": null, "final_success": false, "stale": true}}, "gate_2_09": {"C": {"broken": false, "contradictory": false, "exact": false, "false_retirement": true, "final_success": false, "stale": true}, "N": {"broken": false, "contradictory": null, "exact": null, "false_retirement": null, "final_success": false, "stale": true}, "O": {"broken": false, "contradictory": false, "exact": true, "false_retirement": false, "final_success": true, "stale": false}, "T": {"broken": false, "contradictory": null, "exact": null, "false_retirement": null, "final_success": false, "stale": true}}, "gate_2_10": {"C": {"broken": false, "contradictory": false, "exact": false, "false_retirement": true, "final_success": false, "stale": true}, "N": {"broken": false, "contradictory": null, "exact": null, "false_retirement": null, "final_success": false, "stale": true}, "O": {"broken": false, "contradictory": false, "exact": true, "false_retirement": false, "final_success": true, "stale": false}, "T": {"broken": false, "contradictory": null, "exact": null, "false_retirement": null, "final_success": false, "stale": true}}, "gate_2_11": {"C": {"broken": false, "contradictory": false, "exact": false, "false_retirement": true, "final_success": false, "stale": true}, "N": {"broken": false, "contradictory": null, "exact": null, "false_retirement": null, "final_success": false, "stale": true}, "O": {"broken": false, "contradictory": false, "exact": true, "false_retirement": false, "final_success": true, "stale": false}, "T": {"broken": false, "contradictory": null, "exact": null, "false_retirement": null, "final_success": false, "stale": true}}, "gate_2_12": {"C": {"broken": false, "contradictory": false, "exact": false, "false_retirement": true, "final_success": false, "stale": true}, "N": {"broken": false, "contradictory": null, "exact": null, "false_retirement": null, "final_success": false, "stale": true}, "O": {"broken": false, "contradictory": false, "exact": true, "false_retirement": false, "final_success": true, "stale": false}, "T": {"broken": false, "contradictory": null, "exact": null, "false_retirement": null, "final_success": false, "stale": true}}, "gate_2_13": {"C": {"broken": false, "contradictory": false, "exact": false, "false_retirement": true, "final_success": false, "stale": true}, "N": {"broken": false, "contradictory": null, "exact": null, "false_retirement": null, "final_success": false, "stale": true}, "O": {"broken": false, "contradictory": false, "exact": true, "false_retirement": false, "final_success": true, "stale": false}, "T": {"broken": false, "contradictory": null, "exact": null, "false_retirement": null, "final_success": false, "stale": true}}, "gate_2_14": {"C": {"broken": false, "contradictory": false, "exact": false, "false_retirement": true, "final_success": false, "stale": true}, "N": {"broken": false, "contradictory": null, "exact": null, "false_retirement": null, "final_success": false, "stale": true}, "O": {"broken": false, "contradictory": false, "exact": true, "false_retirement": false, "final_success": true, "stale": false}, "T": {"broken": false, "contradictory": null, "exact": null, "false_retirement": null, "final_success": false, "stale": true}}, "gate_2_15": {"C": {"broken": false, "contradictory": false, "exact": false, "false_retirement": true, "final_success": false, "stale": true}, "N": {"broken": false, "contradictory": null, "exact": null, "false_retirement": null, "final_success": false, "stale": true}, "O": {"broken": false, "contradictory": false, "exact": true, "false_retirement": false, "final_success": true, "stale": false}, "T": {"broken": false, "contradictory": null, "exact": null, "false_retirement": null, "final_success": false, "stale": true}}, "gate_3_00": {"C": {"broken": false, "contradictory": false, "exact": false, "false_retirement": true, "final_success": false, "stale": false}, "N": {"broken": false, "contradictory": null, "exact": null, "false_retirement": null, "final_success": true, "stale": false}, "O": {"broken": false, "contradictory": false, "exact": true, "false_retirement": false, "final_success": true, "stale": false}, "T": {"broken": false, "contradictory": null, "exact": null, "false_retirement": null, "final_success": true, "stale": false}}, "gate_3_01": {"C": {"broken": false, "contradictory": false, "exact": false, "false_retirement": true, "final_success": false, "stale": false}, "N": {"broken": false, "contradictory": null, "exact": null, "false_retirement": null, "final_success": true, "stale": false}, "O": {"broken": false, "contradictory": false, "exact": true, "false_retirement": false, "final_success": true, "stale": false}, "T": {"broken": false, "contradictory": null, "exact": null, "false_retirement": null, "final_success": true, "stale": false}}, "gate_3_02": {"C": {"broken": false, "contradictory": false, "exact": false, "false_retirement": true, "final_success": true, "stale": false}, "N": {"broken": false, "contradictory": null, "exact": null, "false_retirement": null, "final_success": true, "stale": false}, "O": {"broken": false, "contradictory": false, "exact": true, "false_retirement": false, "final_success": true, "stale": false}, "T": {"broken": false, "contradictory": null, "exact": null, "false_retirement": null, "final_success": true, "stale": false}}, "gate_3_03": {"C": {"broken": false, "contradictory": false, "exact": false, "false_retirement": true, "final_success": false, "stale": false}, "N": {"broken": false, "contradictory": null, "exact": null, "false_retirement": null, "final_success": true, "stale": false}, "O": {"broken": false, "contradictory": false, "exact": true, "false_retirement": false, "final_success": true, "stale": false}, "T": {"broken": false, "contradictory": null, "exact": null, "false_retirement": null, "final_success": true, "stale": false}}, "gate_3_04": {"C": {"broken": false, "contradictory": false, "exact": false, "false_retirement": true, "final_success": true, "stale": false}, "N": {"broken": false, "contradictory": null, "exact": null, "false_retirement": null, "final_success": true, "stale": false}, "O": {"broken": false, "contradictory": false, "exact": true, "false_retirement": false, "final_success": true, "stale": false}, "T": {"broken": false, "contradictory": null, "exact": null, "false_retirement": null, "final_success": true, "stale": false}}, "gate_3_05": {"C": {"broken": false, "contradictory": false, "exact": false, "false_retirement": true, "final_success": false, "stale": false}, "N": {"broken": false, "contradictory": null, "exact": null, "false_retirement": null, "final_success": true, "stale": false}, "O": {"broken": false, "contradictory": false, "exact": true, "false_retirement": false, "final_success": true, "stale": false}, "T": {"broken": false, "contradictory": null, "exact": null, "false_retirement": null, "final_success": true, "stale": false}}, "gate_3_06": {"C": {"broken": false, "contradictory": false, "exact": false, "false_retirement": true, "final_success": true, "stale": false}, "N": {"broken": false, "contradictory": null, "exact": null, "false_retirement": null, "final_success": true, "stale": false}, "O": {"broken": false, "contradictory": false, "exact": true, "false_retirement": false, "final_success": true, "stale": false}, "T": {"broken": false, "contradictory": null, "exact": null, "false_retirement": null, "final_success": true, "stale": false}}, "gate_3_07": {"C": {"broken": false, "contradictory": false, "exact": false, "false_retirement": true, "final_success": false, "stale": false}, "N": {"broken": false, "contradictory": null, "exact": null, "false_retirement": null, "final_success": true, "stale": false}, "O": {"broken": false, "contradictory": false, "exact": true, "false_retirement": false, "final_success": true, "stale": false}, "T": {"broken": false, "contradictory": null, "exact": null, "false_retirement": null, "final_success": true, "stale": false}}, "gate_3_08": {"C": {"broken": false, "contradictory": false, "exact": false, "false_retirement": true, "final_success": true, "stale": false}, "N": {"broken": false, "contradictory": null, "exact": null, "false_retirement": null, "final_success": true, "stale": false}, "O": {"broken": false, "contradictory": false, "exact": true, "false_retirement": false, "final_success": true, "stale": false}, "T": {"broken": false, "contradictory": null, "exact": null, "false_retirement": null, "final_success": true, "stale": false}}, "gate_3_09": {"C": {"broken": false, "contradictory": false, "exact": false, "false_retirement": true, "final_success": false, "stale": false}, "N": {"broken": false, "contradictory": null, "exact": null, "false_retirement": null, "final_success": true, "stale": false}, "O": {"broken": false, "contradictory": false, "exact": true, "false_retirement": false, "final_success": true, "stale": false}, "T": {"broken": false, "contradictory": null, "exact": null, "false_retirement": null, "final_success": true, "stale": false}}, "gate_3_10": {"C": {"broken": false, "contradictory": false, "exact": false, "false_retirement": true, "final_success": true, "stale": true}, "N": {"broken": false, "contradictory": null, "exact": null, "false_retirement": null, "final_success": true, "stale": false}, "O": {"broken": false, "contradictory": false, "exact": true, "false_retirement": false, "final_success": true, "stale": false}, "T": {"broken": false, "contradictory": null, "exact": null, "false_retirement": null, "final_success": true, "stale": false}}, "gate_3_11": {"C": {"broken": false, "contradictory": false, "exact": false, "false_retirement": true, "final_success": false, "stale": false}, "N": {"broken": false, "contradictory": null, "exact": null, "false_retirement": null, "final_success": true, "stale": false}, "O": {"broken": false, "contradictory": false, "exact": true, "false_retirement": false, "final_success": true, "stale": false}, "T": {"broken": false, "contradictory": null, "exact": null, "false_retirement": null, "final_success": true, "stale": false}}, "gate_3_12": {"C": {"broken": false, "contradictory": false, "exact": false, "false_retirement": true, "final_success": false, "stale": false}, "N": {"broken": false, "contradictory": null, "exact": null, "false_retirement": null, "final_success": true, "stale": false}, "O": {"broken": false, "contradictory": false, "exact": true, "false_retirement": false, "final_success": true, "stale": false}, "T": {"broken": false, "contradictory": null, "exact": null, "false_retirement": null, "final_success": true, "stale": false}}, "gate_3_13": {"C": {"broken": false, "contradictory": false, "exact": false, "false_retirement": true, "final_success": false, "stale": false}, "N": {"broken": false, "contradictory": null, "exact": null, "false_retirement": null, "final_success": true, "stale": false}, "O": {"broken": false, "contradictory": false, "exact": true, "false_retirement": false, "final_success": true, "stale": false}, "T": {"broken": false, "contradictory": null, "exact": null, "false_retirement": null, "final_success": true, "stale": false}}, "gate_3_14": {"C": {"broken": false, "contradictory": false, "exact": false, "false_retirement": true, "final_success": true, "stale": false}, "N": {"broken": false, "contradictory": null, "exact": null, "false_retirement": null, "final_success": true, "stale": false}, "O": {"broken": false, "contradictory": false, "exact": true, "false_retirement": false, "final_success": true, "stale": false}, "T": {"broken": false, "contradictory": null, "exact": null, "false_retirement": null, "final_success": true, "stale": false}}, "gate_3_15": {"C": {"broken": false, "contradictory": false, "exact": false, "false_retirement": true, "final_success": false, "stale": true}, "N": {"broken": false, "contradictory": null, "exact": null, "false_retirement": null, "final_success": true, "stale": false}, "O": {"broken": false, "contradictory": false, "exact": true, "false_retirement": false, "final_success": true, "stale": false}, "T": {"broken": false, "contradictory": null, "exact": null, "false_retirement": null, "final_success": true, "stale": false}}}, "freeze_sha256": "9ad00417840b39e900bc2b4e33c18410eedc14d63fa1145f2684af1e155c75cc", "gpu_held_seconds": 2965.0793616489973, "masking": false, "no_masking": true, "paired_discordances": {"N": {"broken": {"c_only": 0, "reference_only": 0}, "final_success": {"c_only": 12, "reference_only": 10}, "stale": {"c_only": 2, "reference_only": 13}}, "O": {"broken": {"c_only": 0, "reference_only": 0}, "final_success": {"c_only": 0, "reference_only": 34}, "stale": {"c_only": 25, "reference_only": 0}}, "T": {"broken": {"c_only": 0, "reference_only": 0}, "final_success": {"c_only": 10, "reference_only": 14}, "stale": {"c_only": 6, "reference_only": 11}}}, "peak_gpu_bytes": 8795689472, "record_count": 1536, "selection": {"competence": 16, "durations": [9.838961662000656, 9.394791399001406, 9.416022161, 9.411318836999271, 9.436529493999842, 9.45621766000113, 9.439340054999775, 9.43508517400187, 8.244151889000932, 8.218383965999237, 8.258547085999453, 8.220930321000196, 9.494201606998104, 9.508997966997413, 9.48833623000246, 9.502222893999715], "elapsed": 356.05901516399535, "n": 64, "projections": {"48": 2717.409814044153, "64": 3504.5267470042054}, "required": 15, "time": 1788670750.1096997, "written_before_gate": true}, "terms": {"agreement": false, "beats_naive": true, "breakage": true, "false_retirements": false, "no_contradiction": true, "per_family": false, "stale_distance": false, "success_distance": false}, "un_release": {"C": {"broken": 0, "contradictory": 0, "exact": 0, "false_retirement": 16, "final_success": 6, "stale": 2}, "N": {"broken": 0, "contradictory": null, "exact": null, "false_retirement": null, "final_success": 16, "stale": 0}, "O": {"broken": 0, "contradictory": 0, "exact": 16, "false_retirement": 0, "final_success": 16, "stale": 0}, "T": {"broken": 0, "contradictory": null, "exact": null, "false_retirement": null, "final_success": 16, "stale": 0}}, "verdict": "FAIL"}
