pilot 0 136 7.655501256244316 None
pilot 0 158 7.6340220859161585 None
DEV round 0 complete
pilot 1 136 7.602312053723348 None
pilot 1 158 7.632042201047183 None
DEV round 1 complete
pilot 2 136 7.5094984366595146 None
pilot 2 158 7.531914795468175 None
DEV round 2 complete
pilot 3 141 7.520319628604944 None
pilot 3 164 7.536732571364393 None
DEV round 3 complete
pilot 4 141 7.4787770391545045 None
pilot 4 164 7.496621125107877 None
DEV round 4 complete
pilot 5 141 7.418248791008161 None
pilot 5 164 7.435931860658759 None
DEV round 5 complete
pilot 6 141 7.408492203128737 None
pilot 6 160 7.418329498079697 None
DEV round 6 complete
pilot 7 136 7.3604889188752125 None
pilot 7 160 7.377864755810133 None
DEV round 7 complete
pilot 8 141 7.315317154847449 None
pilot 8 160 7.326738204563068 None
DEV round 8 complete
pilot 9 141 7.256172011712736 None
pilot 9 164 7.294348153512113 None
DEV round 9 complete
pilot 10 141 7.233427971758323 None
pilot 10 165 7.250430773413594 None
DEV round 10 complete
pilot 11 141 7.187464188459258 None
pilot 11 165 7.2067429276412 None
DEV round 11 complete
pilot 12 133 7.137561504028318 None
pilot 12 165 7.163457641807769 None
DEV round 12 complete
pilot 13 133 7.083775203644207 None
pilot 13 165 7.108931605922469 None
DEV round 13 complete
pilot 14 133 7.016216310209462 None
pilot 14 165 7.041571881669789 None
DEV round 14 complete
pilot 15 133 6.989463819552544 None
pilot 15 165 7.014188823364554 None
DEV round 15 complete
check40k 0 80 7.535558652517992 None
check40k 1 136 7.513882302050194 None
check40k 2 189 7.501456997220112 None
check40k 3 202 7.487536795524215 None
check40k 7 117 7.46124826995209 None
check40k 4 241 7.441627741303277 None
check40k 6 163 7.409377264719443 None
check40k 8 106 7.37341698297669 None
check40k 9 197 7.390471639450504 None
check40k 10 175 7.38261239578857 None
check40k 11 168 7.364974043626204 None
check40k 13 148 7.370638550063701 None
check40k 14 136 7.389839976918021 None
check40k 15 122 7.373801959745503 None
check40k 12 322 7.35396785800073 None
check40k 5 768 7.37680945411601 None
check40k 16 236 7.370618286438525 None
check40k 17 185 7.373322220342202 None
check40k 18 167 7.382454022336902 None
check40k 21 128 7.491347050572306 None
check40k 20 165 7.462179195686419 None
check40k 22 152 7.480398226271038 None
check40k 23 91 7.459311635634983 None
check40k 19 315 7.432173878696601 None
check40k 24 90 7.427488992246405 None
check40k 25 102 7.44276502440091 None
check40k 26 160 7.475833007931085 None
check40k 29 136 7.507197970229751 None
check40k 27 279 7.486775138149513 None
check40k 30 146 7.521411922002328 None
check40k 28 595 7.596828120229585 None
check40k 31 768 7.707387385570907 None
