s00 aged=4 budget=79 pinned=79 spans=26 cov(per_col)=0.43 cov(mass)=0.37 | finder=2 finder_ctrl=0 | ATTN=0 (trunc=False, degen=False) ATTN_ctrl=1
s01 aged=2 budget=42 pinned=42 spans=35 cov(per_col)=0.00 cov(mass)=0.00 | finder=2 finder_ctrl=1 | ATTN=1 (trunc=False, degen=False) ATTN_ctrl=2
s02 aged=2 budget=43 pinned=43 spans=20 cov(per_col)=0.00 cov(mass)=0.00 | finder=2 finder_ctrl=0 | ATTN=0 (trunc=False, degen=False) ATTN_ctrl=0
s03 aged=2 budget=27 pinned=27 spans=30 cov(per_col)=0.00 cov(mass)=0.41 | finder=2 finder_ctrl=2 | ATTN=2 (trunc=False, degen=False) ATTN_ctrl=2
s04 aged=2 budget=20 pinned=20 spans=24 cov(per_col)=0.05 cov(mass)=0.05 | finder=0 finder_ctrl=1 | ATTN=0 (trunc=False, degen=False) ATTN_ctrl=0
s05 aged=3 budget=36 pinned=36 spans=27 cov(per_col)=0.11 cov(mass)=0.00 | finder=3 finder_ctrl=1 | ATTN=1 (trunc=False, degen=False) ATTN_ctrl=2
s06 aged=3 budget=59 pinned=59 spans=28 cov(per_col)=0.00 cov(mass)=0.00 | finder=2 finder_ctrl=1 | ATTN=0 (trunc=False, degen=False) ATTN_ctrl=2
s07 aged=3 budget=60 pinned=60 spans=24 cov(per_col)=0.22 cov(mass)=0.22 | finder=0 finder_ctrl=0 | ATTN=0 (trunc=False, degen=False) ATTN_ctrl=1
s08 aged=3 budget=53 pinned=53 spans=28 cov(per_col)=0.00 cov(mass)=0.00 | finder=2 finder_ctrl=1 | ATTN=1 (trunc=False, degen=False) ATTN_ctrl=1
s09 aged=3 budget=40 pinned=40 spans=30 cov(per_col)=0.00 cov(mass)=0.00 | finder=2 finder_ctrl=1 | ATTN=1 (trunc=False, degen=False) ATTN_ctrl=1
s10 aged=3 budget=64 pinned=64 spans=25 cov(per_col)=0.27 cov(mass)=0.25 | finder=1 finder_ctrl=1 | ATTN=0 (trunc=False, degen=False) ATTN_ctrl=1
s11 aged=3 budget=40 pinned=40 spans=48 cov(per_col)=0.17 cov(mass)=0.78 | finder=3 finder_ctrl=1 | ATTN=0 (trunc=False, degen=False) ATTN_ctrl=1
s12 aged=3 budget=48 pinned=48 spans=34 cov(per_col)=0.52 cov(mass)=0.52 | finder=2 finder_ctrl=2 | ATTN=2 (trunc=False, degen=False) ATTN_ctrl=2
s13 aged=3 budget=50 pinned=50 spans=28 cov(per_col)=0.00 cov(mass)=0.00 | finder=1 finder_ctrl=1 | ATTN=1 (trunc=False, degen=False) ATTN_ctrl=1
s14 aged=2 budget=25 pinned=25 spans=48 cov(per_col)=0.16 cov(mass)=0.56 | finder=2 finder_ctrl=0 | ATTN=0 (trunc=False, degen=False) ATTN_ctrl=1
s15 aged=3 budget=49 pinned=49 spans=29 cov(per_col)=0.51 cov(mass)=0.37 | finder=2 finder_ctrl=2 | ATTN=1 (trunc=False, degen=False) ATTN_ctrl=2
s16 aged=3 budget=46 pinned=46 spans=26 cov(per_col)=0.35 cov(mass)=0.28 | finder=2 finder_ctrl=2 | ATTN=3 (trunc=False, degen=False) ATTN_ctrl=1
s17 aged=3 budget=51 pinned=51 spans=21 cov(per_col)=0.25 cov(mass)=0.59 | finder=2 finder_ctrl=0 | ATTN=1 (trunc=False, degen=False) ATTN_ctrl=1
s18 aged=3 budget=70 pinned=70 spans=31 cov(per_col)=0.33 cov(mass)=0.33 | finder=3 finder_ctrl=1 | ATTN=1 (trunc=False, degen=False) ATTN_ctrl=2
s19 aged=3 budget=30 pinned=30 spans=34 cov(per_col)=0.50 cov(mass)=0.53 | finder=2 finder_ctrl=0 | ATTN=1 (trunc=False, degen=False) ATTN_ctrl=0
elapsed 312s
COVERAGE at finder budget: attn_per_col=0.194 attn_mass=0.262  (BM25 0.369, random 0.133, recency 0.022)
TOTALS: {"finder": 37, "finder_control": 18, "ATTN": 16, "ATTN_control": 24, "n": 56}
CHAIN_DONE
