s00 aged=4 cands=7 sel=1 cols=0/0(finder 79) cov=0.00 | finder=2/4 | CLF 0/0 ctrl 0 | CLFB 0/0 ctrl 0
s01 aged=2 cands=5 sel=2 cols=18/18(finder 42) cov=0.43 | finder=2/2 | CLF 1/1 ctrl 1 | CLFB 1/1 ctrl 1
s02 aged=2 cands=5 sel=1 cols=0/0(finder 43) cov=0.00 | finder=2/2 | CLF 0/0 ctrl 0 | CLFB 0/0 ctrl 0
s03 aged=2 cands=5 sel=2 cols=18/18(finder 27) cov=0.67 | finder=2/2 | CLF 2/2 ctrl 1 | CLFB 2/2 ctrl 1
s04 aged=2 cands=5 sel=1 cols=0/0(finder 20) cov=0.00 | finder=0/2 | CLF 0/0 ctrl 0 | CLFB 0/0 ctrl 0
s05 aged=3 cands=6 sel=1 cols=0/0(finder 36) cov=0.00 | finder=3/3 | CLF 1/1 ctrl 1 | CLFB 1/1 ctrl 1
s06 aged=3 cands=6 sel=1 cols=0/0(finder 59) cov=0.00 | finder=2/3 | CLF 0/0 ctrl 0 | CLFB 0/0 ctrl 0
s07 aged=3 cands=6 sel=2 cols=14/14(finder 60) cov=0.23 | finder=0/2 | CLF 0/2 ctrl 0 | CLFB 0/2 ctrl 0
s08 aged=3 cands=6 sel=2 cols=18/18(finder 53) cov=0.34 | finder=2/3 | CLF 1/1 ctrl 1 | CLFB 1/1 ctrl 1
s09 aged=3 cands=6 sel=3 cols=32/26(finder 40) cov=0.80 | finder=2/3 | CLF 2/2 ctrl 1 | CLFB 1/2 ctrl 1
s10 aged=3 cands=6 sel=1 cols=0/0(finder 64) cov=0.00 | finder=1/2 | CLF 0/0 ctrl 0 | CLFB 0/0 ctrl 0
s11 aged=3 cands=6 sel=1 cols=0/0(finder 40) cov=0.00 | finder=3/2 | CLF 1/1 ctrl 1 | CLFB 1/1 ctrl 1
s12 aged=3 cands=6 sel=1 cols=0/0(finder 48) cov=0.00 | finder=2/2 | CLF 2/2 ctrl 2 | CLFB 2/2 ctrl 2
s13 aged=3 cands=6 sel=2 cols=17/17(finder 50) cov=0.34 | finder=1/2 | CLF 1/2 ctrl 1 | CLFB 1/2 ctrl 1
s14 aged=2 cands=5 sel=1 cols=0/0(finder 25) cov=0.00 | finder=2/2 | CLF 0/0 ctrl 0 | CLFB 0/0 ctrl 0
s15 aged=3 cands=6 sel=1 cols=0/0(finder 49) cov=0.00 | finder=2/2 | CLF 2/2 ctrl 2 | CLFB 2/2 ctrl 2
s16 aged=3 cands=6 sel=2 cols=17/17(finder 46) cov=0.37 | finder=2/2 | CLF 1/2 ctrl 2 | CLFB 1/2 ctrl 2
s17 aged=3 cands=6 sel=1 cols=0/0(finder 51) cov=0.00 | finder=2/3 | CLF 0/0 ctrl 0 | CLFB 0/0 ctrl 0
s18 aged=3 cands=6 sel=2 cols=17/17(finder 70) cov=0.24 | finder=3/3 | CLF 1/1 ctrl 1 | CLFB 1/1 ctrl 1
s19 aged=3 cands=6 sel=1 cols=0/0(finder 30) cov=0.00 | finder=2/2 | CLF 0/0 ctrl 0 | CLFB 0/0 ctrl 0
elapsed 783s thr=0.5
COVERAGE mean 0.171 sessions>=0.8: 1/20
TOTALS: {"full": 44, "evicted": 14, "finder": 37, "finder_echo": 48, "n": 56, "CLF_pinned": 15, "CLF_pinned_echo": 19, "CLF_control": 14, "CLFB_pinned": 14, "CLFB_pinned_echo": 19, "CLFB_control": 14}
CHAIN_DONE
