s00 aged=4 cands=7 sel=5 cols=67/65(finder 79) cov=0.85 | finder=2/4 | CLF 2/3 ctrl 0 | CLFB 3/3 ctrl 0
s01 aged=2 cands=5 sel=3 cols=42/28(finder 42) cov=1.00 | finder=2/2 | CLF 2/2 ctrl 1 | CLFB 1/2 ctrl 2
s02 aged=2 cands=5 sel=2 cols=24/24(finder 43) cov=0.56 | finder=2/2 | CLF 1/1 ctrl 0 | CLFB 1/1 ctrl 0
s03 aged=2 cands=5 sel=2 cols=18/18(finder 27) cov=0.67 | finder=2/2 | CLF 2/2 ctrl 1 | CLFB 2/2 ctrl 1
s04 aged=2 cands=5 sel=2 cols=7/6(finder 20) cov=0.35 | finder=0/2 | CLF 0/1 ctrl 0 | CLFB 0/1 ctrl 0
s05 aged=3 cands=6 sel=3 cols=33/22(finder 36) cov=0.78 | finder=3/3 | CLF 2/2 ctrl 1 | CLFB 1/2 ctrl 1
s06 aged=3 cands=6 sel=4 cols=59/45(finder 59) cov=1.00 | finder=2/3 | CLF 2/3 ctrl 1 | CLFB 1/2 ctrl 1
s07 aged=3 cands=6 sel=3 cols=35/35(finder 60) cov=0.58 | finder=0/2 | CLF 1/2 ctrl 0 | CLFB 1/2 ctrl 0
s08 aged=3 cands=6 sel=2 cols=18/18(finder 53) cov=0.34 | finder=2/3 | CLF 1/1 ctrl 1 | CLFB 1/1 ctrl 1
s09 aged=3 cands=6 sel=3 cols=32/26(finder 40) cov=0.80 | finder=2/3 | CLF 2/2 ctrl 1 | CLFB 1/2 ctrl 1
s10 aged=3 cands=6 sel=4 cols=52/50(finder 64) cov=0.81 | finder=1/2 | CLF 1/2 ctrl 0 | CLFB 1/2 ctrl 1
s11 aged=3 cands=6 sel=3 cols=31/26(finder 40) cov=0.78 | finder=3/2 | CLF 2/2 ctrl 1 | CLFB 1/1 ctrl 1
s12 aged=3 cands=6 sel=3 cols=18/18(finder 48) cov=0.38 | finder=2/2 | CLF 2/2 ctrl 2 | CLFB 2/2 ctrl 2
s13 aged=3 cands=6 sel=4 cols=50/36(finder 50) cov=1.00 | finder=1/2 | CLF 1/2 ctrl 1 | CLFB 1/2 ctrl 2
s14 aged=2 cands=5 sel=1 cols=0/0(finder 25) cov=0.00 | finder=2/2 | CLF 0/0 ctrl 0 | CLFB 0/0 ctrl 0
s15 aged=3 cands=6 sel=3 cols=19/19(finder 49) cov=0.39 | finder=2/2 | CLF 3/2 ctrl 1 | CLFB 3/2 ctrl 1
s16 aged=3 cands=6 sel=3 cols=26/26(finder 46) cov=0.46 | finder=2/2 | CLF 2/2 ctrl 2 | CLFB 2/2 ctrl 2
s17 aged=3 cands=6 sel=3 cols=38/37(finder 51) cov=0.75 | finder=2/3 | CLF 2/2 ctrl 0 | CLFB 2/3 ctrl 0
s18 aged=3 cands=6 sel=4 cols=58/56(finder 70) cov=0.83 | finder=3/3 | CLF 2/3 ctrl 1 | CLFB 3/3 ctrl 1
s19 aged=3 cands=6 sel=3 cols=22/16(finder 30) cov=0.73 | finder=2/2 | CLF 1/1 ctrl 1 | CLFB 1/0 ctrl 1
elapsed 1004s thr=0.65
COVERAGE mean 0.652 sessions>=0.8: 7/20
TOTALS: {"full": 44, "evicted": 14, "finder": 37, "finder_echo": 48, "n": 56, "CLF_pinned": 31, "CLF_pinned_echo": 37, "CLF_control": 15, "CLFB_pinned": 28, "CLFB_pinned_echo": 35, "CLFB_control": 18}
CHAIN_DONE
