s00 base 0.003 keep [-0.0006, -0.0006, 0.0012, -0.0004, -0.0004] control [0.0003, 0.0003, 0.0061, 0.0208, 0.0002, 0.0001, -0.0005]
s01 base 0.186 keep [0.0791, 0.021] control [0.0201, 0.0228, -0.0059, -0.0004]
s02 base 0.096 keep [0.0778, 0.0589] control [0.0009, 0.0087, 0.0308, 0.0002]
s03 base 0.009 keep [-0.0001, -0.0005] control [-0.0, -0.0005, 0.0, 0.0]
s04 base 0.002 keep [-0.0002, 0.012] control [0.0004, 0.0006, 0.0004, 0.0009]
s05 base 0.000 keep [0.0, -0.0, -0.0] control [0.0, 0.0, 0.0, 0.0, -0.0]
s06 base 0.000 keep [-0.0001, -0.0, -0.0001] control [0.0, 0.0, 0.0001, 0.0, 0.1816]
s07 base 0.000 keep [0.0, -0.0, -0.0, 0.0] control [0.0, -0.0, 0.0, 0.0, 0.0, 0.0]
s08 base 0.167 keep [0.0058, 0.0008, 0.0021] control [-0.0136, 0.004, 0.0163, 0.0353, 0.0044]
s09 base 0.013 keep [0.0022, -0.0045, 0.0072] control [-0.0008, 0.001, -0.0005, -0.0011, 0.0539]
s10 base 0.014 keep [0.0008, 0.0007, 0.0056, 0.0135] control [0.0014, -0.0016, 0.0002, 0.0003, 0.0004, 0.0019]
s11 base 0.006 keep [-0.001, -0.0001, -0.0001] control [-0.0005, -0.0005, -0.0002, -0.0002, 0.0004]
s12 base 0.000 keep [0.0, -0.0, -0.0, -0.0] control [-0.0, 0.0, -0.0, 0.0, 0.0, 0.0007]
s13 base 0.002 keep [-0.0001, 0.0001, -0.0] control [-0.0012, -0.0, 0.0395, 0.0006, 0.0]
s14 base 0.008 keep [0.0295, 0.0007] control [0.0006, 0.0019, -0.0007, 0.0009]
s15 base 0.000 keep [0.0, 0.0, 0.0, 0.0] control [-0.0, -0.0, 0.0, 0.0, 0.0, 0.0]
s16 base 0.000 keep [0.0, 0.0, -0.0, 0.0044] control [0.0, 0.0, 0.0, 0.0, 0.0, 0.0]
s17 base 0.000 keep [0.0, 0.0, 0.0] control [-0.0, -0.0, 0.0, 0.0075, -0.0]
s18 base 0.211 keep [-0.0064, -0.0018, 0.0169, 0.0097] control [-0.0082, -0.0022, 0.0308, -0.0005, -0.002, -0.0025]
s19 base 0.000 keep [0.0, 0.0, -0.0] control [-0.0, -0.0, 0.0, -0.0, -0.0]
elapsed 792s, 166 evictions
keep n=63 mean 0.0053 median 0.0000 | control n=103 mean 0.0044 median 0.0000 | AUROC(keep>control) 0.494
per-session paired (mean keep - mean control): mean 0.0031, positive in 8/20 sessions
per-token utility AUROC(keep>control) 0.482
max_delta          keep mean 0.3582 control mean 0.2943 AUROC 0.516
sum_pos            keep mean 0.7629 control mean 0.5991 AUROC 0.509
top3               keep mean 0.5306 control mean 0.4335 AUROC 0.512
flips              keep mean 0.5238 control mean 0.4951 AUROC 0.496
flip_from_correct  keep mean 0.5238 control mean 0.4951 AUROC 0.496
