s00 gap(all-evicted minus full) 2.729 keep [0.3014, 0.103, 0.1596, 0.1301, 0.0005] control [0.5134, 0.0104, 0.8359, 0.4171, 0.0005, 0.0104, 0.9273]
s01 gap(all-evicted minus full) 2.928 keep [1.1933, 0.1027] control [0.7644, 0.9497, 0.0143, 0.012]
s02 gap(all-evicted minus full) 3.621 keep [1.0959, 0.1698] control [0.7888, 0.6398, 0.1884, 0.0158]
s03 gap(all-evicted minus full) 0.803 keep [0.0253, 0.1564] control [0.0739, 0.0874, 0.0331, -0.0176]
s04 gap(all-evicted minus full) 2.221 keep [0.0699, -0.1847] control [0.0251, 0.0386, 0.0593, -0.2248]
s05 gap(all-evicted minus full) 3.091 keep [0.0478, 1.5381, 0.0045] control [0.0951, -0.0014, 1.1414, -0.0647, 0.0339]
s06 gap(all-evicted minus full) 2.884 keep [-0.6428, -0.1105, 0.7156] control [0.2752, 0.009, -0.1386, -0.0085, 0.0519]
s07 gap(all-evicted minus full) 3.145 keep [-0.1596, 0.5625, -0.0818, 0.0655] control [0.3822, -0.0008, 1.0344, 0.0323, 0.0004, -0.0152]
s08 gap(all-evicted minus full) 3.419 keep [1.2695, 0.887, -0.0167] control [0.3574, 0.0187, 0.9271, 0.0173, -0.0068]
s09 gap(all-evicted minus full) 2.986 keep [0.2437, 0.0023, 0.0558] control [0.2188, -0.0543, 0.0105, -0.0055, -0.0436]
s10 gap(all-evicted minus full) 3.427 keep [1.1535, 0.0248, 0.0419, 0.607] control [0.2429, 0.2961, 0.142, -0.0003, 0.0003, 0.1171]
s11 gap(all-evicted minus full) 2.089 keep [0.4594, 0.0114, -0.2572] control [0.0025, 0.1722, 0.0172, 0.0032, 0.5797]
s12 gap(all-evicted minus full) 2.302 keep [-0.1112, -0.0075, -0.0499, 0.6426] control [0.0585, -0.01, 0.1357, 0.0009, 0.0069, 0.7725]
s13 gap(all-evicted minus full) 2.555 keep [0.0337, 0.0764, -0.1331] control [1.13, -0.0056, 0.968, 0.0042, 0.0371]
s14 gap(all-evicted minus full) 2.245 keep [1.1748, -0.0954] control [0.0323, 0.6058, -0.0144, 0.0013]
s15 gap(all-evicted minus full) 2.842 keep [0.2226, -0.1429, -0.0082, -0.0145] control [0.5895, -0.0013, -0.0235, -0.0393, -0.0011, 0.0521]
s16 gap(all-evicted minus full) 3.918 keep [0.0192, 0.0476, 0.2195, 0.0675] control [0.8558, 0.0414, 0.1706, 0.2242, -0.0052, 0.1423]
s17 gap(all-evicted minus full) 0.857 keep [0.113, -0.484, -0.6838] control [-0.2639, -0.8903, -0.7628, -0.1494, 0.0844]
s18 gap(all-evicted minus full) 1.471 keep [0.0633, 0.0303, 0.073, 0.1347] control [0.257, -0.0053, 0.553, 0.0971, 0.0018, 0.0731]
s19 gap(all-evicted minus full) 2.207 keep [0.0492, 0.096, 0.2677] control [0.0826, 0.0168, -0.0757, -0.0066, 0.051]
elapsed 842s, 166 evictions
utility      keep mean 0.1801 control mean 0.1630 AUROC(keep>control) 0.518
frac_of_gap  keep mean 0.0501 control mean 0.0450 AUROC(keep>control) 0.517
top3         keep mean 17.6617 control mean 14.3112 AUROC(keep>control) 0.630
flips_back   keep mean 3.9206 control mean 3.1650 AUROC(keep>control) 0.601
per-session paired (mean keep - mean control): mean 0.0411, positive in 10/20 sessions
