session 00: full=3/4 evicted=0/4 clf_pinned=2/4 clf_pinned_echo=2/4 clf_control=1/4
session 01: full=2/2 evicted=1/2 clf_pinned=2/2 clf_pinned_echo=2/2 clf_control=1/2
session 02: full=2/2 evicted=0/2 clf_pinned=1/2 clf_pinned_echo=1/2 clf_control=0/2
session 03: full=2/2 evicted=1/2 clf_pinned=2/2 clf_pinned_echo=2/2 clf_control=1/2
session 04: full=1/2 evicted=0/2 clf_pinned=1/2 clf_pinned_echo=1/2 clf_control=0/2
session 05: full=3/3 evicted=0/3 clf_pinned=3/3 clf_pinned_echo=3/3 clf_control=1/3
session 06: full=3/3 evicted=0/3 clf_pinned=1/3 clf_pinned_echo=3/3 clf_control=1/3
session 07: full=2/3 evicted=0/3 clf_pinned=2/3 clf_pinned_echo=3/3 clf_control=0/3
session 08: full=2/3 evicted=1/3 clf_pinned=2/3 clf_pinned_echo=2/3 clf_control=1/3
session 09: full=3/3 evicted=2/3 clf_pinned=3/3 clf_pinned_echo=3/3 clf_control=1/3
session 10: full=1/3 evicted=0/3 clf_pinned=3/3 clf_pinned_echo=3/3 clf_control=0/3
session 11: full=3/3 evicted=1/3 clf_pinned=3/3 clf_pinned_echo=3/3 clf_control=1/3
session 12: full=2/3 evicted=0/3 clf_pinned=3/3 clf_pinned_echo=3/3 clf_control=1/3
session 13: full=2/3 evicted=1/3 clf_pinned=1/3 clf_pinned_echo=2/3 clf_control=1/3
session 14: full=1/2 evicted=0/2 clf_pinned=2/2 clf_pinned_echo=2/2 clf_control=0/2
session 15: full=3/3 evicted=1/3 clf_pinned=3/3 clf_pinned_echo=3/3 clf_control=0/3
session 16: full=3/3 evicted=1/3 clf_pinned=1/3 clf_pinned_echo=1/3 clf_control=2/3
session 17: full=1/3 evicted=0/3 clf_pinned=2/3 clf_pinned_echo=3/3 clf_control=0/3
session 18: full=2/3 evicted=1/3 clf_pinned=2/3 clf_pinned_echo=1/3 clf_control=1/3
session 19: full=3/3 evicted=0/3 clf_pinned=2/3 clf_pinned_echo=3/3 clf_control=0/3
{
 "eviction_timing": "pre-query",
 "totals": {
  "full": 44,
  "evicted": 10,
  "clf_pinned": 41,
  "clf_pinned_echo": 46,
  "clf_control": 13
 },
 "post_prefill_totals": {
  "full": 44,
  "evicted": 14,
  "clf_pinned": 33,
  "clf_pinned_echo": 46,
  "clf_control": 17
 }
}
