s00 aged=4 lines=7 matched=6 cols=101(finder 79) cov=0.95 extras=2 | full=3 finder=2 finder_echo=4 | SELF pinned=3 echo=4 (trunc=False,degen=False) ctrl=1
s01 aged=2 lines=5 matched=4 cols=83(finder 42) cov=0.98 extras=3 | full=2 finder=2 finder_echo=2 | SELF pinned=2 echo=2 (trunc=False,degen=False) ctrl=1
s02 aged=2 lines=5 matched=4 cols=82(finder 43) cov=1.00 extras=3 | full=2 finder=2 finder_echo=2 | SELF pinned=2 echo=2 (trunc=False,degen=False) ctrl=0
s03 aged=2 lines=6 matched=4 cols=63(finder 27) cov=0.93 extras=3 | full=2 finder=2 finder_echo=2 | SELF pinned=2 echo=2 (trunc=False,degen=False) ctrl=2
s04 aged=2 lines=6 matched=4 cols=62(finder 20) cov=0.95 extras=3 | full=1 finder=0 finder_echo=2 | SELF pinned=0 echo=1 (trunc=False,degen=False) ctrl=0
s05 aged=3 lines=5 matched=3 cols=81(finder 36) cov=0.97 extras=2 | full=3 finder=3 finder_echo=3 | SELF pinned=3 echo=3 (trunc=False,degen=False) ctrl=3
s06 aged=3 lines=3 matched=3 cols=99(finder 59) cov=0.98 extras=1 | full=3 finder=2 finder_echo=3 | SELF pinned=1 echo=2 (trunc=False,degen=False) ctrl=1
s07 aged=3 lines=5 matched=4 cols=93(finder 60) cov=0.98 extras=1 | full=2 finder=0 finder_echo=2 | SELF pinned=2 echo=2 (trunc=False,degen=False) ctrl=1
s08 aged=3 lines=8 matched=6 cols=91(finder 53) cov=1.15 extras=3 | full=2 finder=2 finder_echo=3 | SELF pinned=2 echo=3 (trunc=False,degen=False) ctrl=1
s09 aged=3 lines=7 matched=5 cols=77(finder 40) cov=0.93 extras=3 | full=3 finder=2 finder_echo=3 | SELF pinned=3 echo=3 (trunc=False,degen=False) ctrl=1
s10 aged=3 lines=3 matched=3 cols=47(finder 64) cov=0.52 extras=1 | full=1 finder=1 finder_echo=2 | SELF pinned=0 echo=2 (trunc=False,degen=False) ctrl=0
s11 aged=3 lines=3 matched=3 cols=82(finder 40) cov=0.97 extras=1 | full=3 finder=3 finder_echo=2 | SELF pinned=2 echo=3 (trunc=False,degen=False) ctrl=2
s12 aged=3 lines=3 matched=3 cols=29(finder 48) cov=0.33 extras=1 | full=2 finder=2 finder_echo=2 | SELF pinned=2 echo=2 (trunc=False,degen=False) ctrl=2
s13 aged=3 lines=4 matched=4 cols=89(finder 50) cov=0.96 extras=1 | full=2 finder=1 finder_echo=2 | SELF pinned=2 echo=2 (trunc=False,degen=False) ctrl=1
s14 aged=2 lines=5 matched=3 cols=40(finder 25) cov=0.64 extras=2 | full=1 finder=2 finder_echo=2 | SELF pinned=0 echo=1 (trunc=False,degen=False) ctrl=0
s15 aged=3 lines=3 matched=2 cols=30(finder 49) cov=0.35 extras=1 | full=3 finder=2 finder_echo=2 | SELF pinned=1 echo=1 (trunc=False,degen=False) ctrl=1
s16 aged=3 lines=7 matched=5 cols=82(finder 46) cov=0.96 extras=2 | full=3 finder=2 finder_echo=2 | SELF pinned=2 echo=1 (trunc=True,degen=True) ctrl=2
s17 aged=3 lines=6 matched=5 cols=95(finder 51) cov=0.98 extras=3 | full=1 finder=2 finder_echo=3 | SELF pinned=2 echo=2 (trunc=False,degen=False) ctrl=1
s18 aged=3 lines=6 matched=5 cols=94(finder 70) cov=0.96 extras=2 | full=2 finder=3 finder_echo=3 | SELF pinned=3 echo=3 (trunc=False,degen=False) ctrl=1
s19 aged=3 lines=8 matched=6 cols=65(finder 30) cov=0.90 extras=3 | full=3 finder=2 finder_echo=2 | SELF pinned=2 echo=2 (trunc=False,degen=False) ctrl=1
elapsed 709s
COVERAGE mean 0.869 sessions>=0.8: 16/20  extras total 41
TOTALS: {"full": 44, "evicted": 14, "finder": 37, "finder_echo": 48, "echo_only": 37, "SELF_pinned": 36, "SELF_pinned_echo": 43, "SELF_control": 22, "n": 56}
