s00 aged=4 lines=7 matched=5 cols=79(finder 79) cov=0.84 extras=1 | full=3 finder=2 finder_echo=4 | SELF pinned=1 echo=1 (trunc=False,degen=False) ctrl=1
s01 aged=2 lines=5 matched=2 cols=42(finder 42) cov=0.40 extras=2 | full=2 finder=2 finder_echo=2 | SELF pinned=1 echo=1 (trunc=False,degen=False) ctrl=1
s02 aged=2 lines=5 matched=2 cols=43(finder 43) cov=0.44 extras=2 | full=2 finder=2 finder_echo=2 | SELF pinned=1 echo=1 (trunc=False,degen=False) ctrl=0
s03 aged=2 lines=6 matched=2 cols=27(finder 27) cov=0.30 extras=2 | full=2 finder=2 finder_echo=2 | SELF pinned=2 echo=2 (trunc=True,degen=True) ctrl=2
s04 aged=2 lines=6 matched=1 cols=20(finder 20) cov=0.05 extras=1 | full=1 finder=0 finder_echo=2 | SELF pinned=0 echo=0 (trunc=False,degen=False) ctrl=0
s05 aged=3 lines=5 matched=3 cols=36(finder 36) cov=0.33 extras=2 | full=3 finder=3 finder_echo=3 | SELF pinned=3 echo=3 (trunc=False,degen=False) ctrl=2
s06 aged=3 lines=3 matched=1 cols=59(finder 59) cov=0.76 extras=0 | full=3 finder=2 finder_echo=3 | SELF pinned=2 echo=1 (trunc=False,degen=False) ctrl=1
s07 aged=3 lines=5 matched=2 cols=60(finder 60) cov=0.77 extras=0 | full=2 finder=0 finder_echo=2 | SELF pinned=0 echo=1 (trunc=False,degen=False) ctrl=0
s08 aged=3 lines=8 matched=4 cols=52(finder 53) cov=0.53 extras=2 | full=2 finder=2 finder_echo=3 | SELF pinned=1 echo=1 (trunc=False,degen=False) ctrl=1
s09 aged=3 lines=7 matched=2 cols=40(finder 40) cov=0.68 extras=1 | full=3 finder=2 finder_echo=3 | SELF pinned=2 echo=2 (trunc=False,degen=False) ctrl=1
s10 aged=3 lines=3 matched=3 cols=47(finder 64) cov=0.52 extras=1 | full=1 finder=1 finder_echo=2 | SELF pinned=0 echo=2 (trunc=False,degen=False) ctrl=0
s11 aged=3 lines=3 matched=1 cols=40(finder 40) cov=0.65 extras=0 | full=3 finder=3 finder_echo=2 | SELF pinned=2 echo=1 (trunc=False,degen=False) ctrl=1
s12 aged=3 lines=3 matched=3 cols=29(finder 48) cov=0.33 extras=1 | full=2 finder=2 finder_echo=2 | SELF pinned=2 echo=2 (trunc=False,degen=False) ctrl=2
s13 aged=3 lines=4 matched=2 cols=50(finder 50) cov=0.48 extras=0 | full=2 finder=1 finder_echo=2 | SELF pinned=1 echo=1 (trunc=False,degen=False) ctrl=1
s14 aged=2 lines=5 matched=2 cols=25(finder 25) cov=0.32 extras=2 | full=1 finder=2 finder_echo=2 | SELF pinned=0 echo=0 (trunc=False,degen=False) ctrl=0
s15 aged=3 lines=3 matched=2 cols=30(finder 49) cov=0.35 extras=1 | full=3 finder=2 finder_echo=2 | SELF pinned=1 echo=1 (trunc=False,degen=False) ctrl=1
s16 aged=3 lines=7 matched=3 cols=46(finder 46) cov=0.59 extras=1 | full=3 finder=2 finder_echo=2 | SELF pinned=2 echo=2 (trunc=False,degen=False) ctrl=2
s17 aged=3 lines=6 matched=3 cols=51(finder 51) cov=0.51 extras=2 | full=1 finder=2 finder_echo=3 | SELF pinned=1 echo=1 (trunc=False,degen=True) ctrl=1
s18 aged=3 lines=6 matched=4 cols=70(finder 70) cov=0.81 extras=1 | full=2 finder=3 finder_echo=3 | SELF pinned=2 echo=2 (trunc=False,degen=False) ctrl=1
s19 aged=3 lines=8 matched=3 cols=30(finder 30) cov=0.57 extras=1 | full=3 finder=2 finder_echo=2 | SELF pinned=1 echo=2 (trunc=False,degen=False) ctrl=1
elapsed 634s
COVERAGE mean 0.511 sessions>=0.8: 2/20  extras total 23
TOTALS: {"full": 44, "evicted": 14, "finder": 37, "finder_echo": 48, "echo_only": 37, "SELF_pinned": 25, "SELF_pinned_echo": 27, "SELF_control": 19, "n": 56}
