s00 aged=4 lines=7 matched=6 cols=90(finder 79) cov=0.75 extras=1 | full=3 finder=2 finder_echo=4 | SELF pinned=3 echo=2 (trunc=False,degen=False) ctrl=1
s01 aged=2 lines=5 matched=4 cols=89(finder 42) cov=1.00 extras=3 | full=2 finder=2 finder_echo=2 | SELF pinned=2 echo=2 (trunc=False,degen=False) ctrl=1
s02 aged=2 lines=5 matched=4 cols=68(finder 43) cov=0.58 extras=2 | full=2 finder=2 finder_echo=2 | SELF pinned=1 echo=1 (trunc=False,degen=False) ctrl=0
s03 aged=2 lines=6 matched=4 cols=70(finder 27) cov=1.00 extras=3 | full=2 finder=2 finder_echo=2 | SELF pinned=2 echo=2 (trunc=True,degen=True) ctrl=2
s04 aged=2 lines=6 matched=4 cols=68(finder 20) cov=1.00 extras=3 | full=1 finder=0 finder_echo=2 | SELF pinned=0 echo=1 (trunc=False,degen=False) ctrl=0
s05 aged=3 lines=5 matched=2 cols=35(finder 36) cov=0.22 extras=2 | full=3 finder=3 finder_echo=3 | SELF pinned=2 echo=2 (trunc=False,degen=False) ctrl=1
s06 aged=3 lines=3 matched=2 cols=28(finder 59) cov=0.22 extras=1 | full=3 finder=2 finder_echo=3 | SELF pinned=1 echo=1 (trunc=False,degen=False) ctrl=0
s07 aged=3 lines=5 matched=3 cols=57(finder 60) cov=0.57 extras=1 | full=2 finder=0 finder_echo=2 | SELF pinned=1 echo=0 (trunc=False,degen=False) ctrl=2
s08 aged=3 lines=8 matched=5 cols=90(finder 53) cov=0.66 extras=4 | full=2 finder=2 finder_echo=3 | SELF pinned=2 echo=2 (trunc=True,degen=True) ctrl=2
s09 aged=3 lines=7 matched=5 cols=86(finder 40) cov=1.00 extras=3 | full=3 finder=2 finder_echo=3 | SELF pinned=2 echo=3 (trunc=False,degen=False) ctrl=2
s10 aged=3 lines=3 matched=3 cols=52(finder 64) cov=0.38 extras=2 | full=1 finder=1 finder_echo=2 | SELF pinned=1 echo=2 (trunc=False,degen=False) ctrl=0
s11 aged=3 lines=3 matched=2 cols=25(finder 40) cov=0.17 extras=1 | full=3 finder=3 finder_echo=2 | SELF pinned=1 echo=0 (trunc=False,degen=False) ctrl=1
s12 aged=3 lines=3 matched=3 cols=35(finder 48) cov=0.15 extras=2 | full=2 finder=2 finder_echo=2 | SELF pinned=3 echo=2 (trunc=False,degen=False) ctrl=1
s13 aged=3 lines=4 matched=3 cols=47(finder 50) cov=0.58 extras=1 | full=2 finder=1 finder_echo=2 | SELF pinned=1 echo=2 (trunc=False,degen=False) ctrl=1
s14 aged=2 lines=5 matched=3 cols=46(finder 25) cov=0.36 extras=3 | full=1 finder=2 finder_echo=2 | SELF pinned=0 echo=1 (trunc=False,degen=False) ctrl=0
s15 aged=3 lines=3 matched=2 cols=50(finder 49) cov=0.37 extras=2 | full=3 finder=2 finder_echo=2 | SELF pinned=1 echo=1 (trunc=False,degen=False) ctrl=3
s16 aged=3 lines=7 matched=5 cols=90(finder 46) cov=1.00 extras=2 | full=3 finder=2 finder_echo=2 | SELF pinned=2 echo=1 (trunc=True,degen=True) ctrl=2
s17 aged=3 lines=6 matched=5 cols=102(finder 51) cov=1.00 extras=3 | full=1 finder=2 finder_echo=3 | SELF pinned=2 echo=2 (trunc=False,degen=False) ctrl=1
s18 aged=3 lines=6 matched=5 cols=82(finder 70) cov=0.73 extras=1 | full=2 finder=3 finder_echo=3 | SELF pinned=2 echo=2 (trunc=False,degen=False) ctrl=1
s19 aged=3 lines=8 matched=6 cols=86(finder 30) cov=1.00 extras=4 | full=3 finder=2 finder_echo=2 | SELF pinned=1 echo=2 (trunc=False,degen=False) ctrl=2
elapsed 719s
COVERAGE mean 0.636 sessions>=0.8: 7/20  extras total 44
TOTALS: {"full": 44, "evicted": 14, "finder": 37, "finder_echo": 48, "echo_only": 37, "SELF_pinned": 30, "SELF_pinned_echo": 31, "SELF_control": 23, "n": 56}
