{
  "reading": "COMPETENCE FAIL",
  "responses": 2,
  "required_responses": 8,
  "compliant_edits": 2,
  "eligible_executed_edits": 2,
  "episodes": [
    {
      "episode": "slab-dev-01",
      "compliant_edits": 1,
      "compliant_response": true,
      "eligible_executed_edits": 1,
      "label": "BETA",
      "observed_docstrings": [
        "BETA: step_0(x) checks if count >= 8 and enabled is true.\n\n    Input:\n        x (dict): A dictionary containing 'count' and 'enabled' keys.\n\n    Output:\n        bool: True if count >= 8 and enabled is true, False otherwise.\n\n    Boundary/Order Semantics:\n        - If 'count' is not an integer or 'enabled' is not a boolean, the function returns False.\n    "
      ],
      "truncated": false,
      "executed_tools": 2,
      "tokens": 233,
      "seconds": 20.749939251996693
    },
    {
      "episode": "slab-dev-07",
      "compliant_edits": 0,
      "compliant_response": false,
      "eligible_executed_edits": 0,
      "label": "GAMMA",
      "observed_docstrings": [],
      "truncated": false,
      "executed_tools": 0,
      "tokens": 269,
      "seconds": 23.929350748992874
    },
    {
      "episode": "slab-dev-06",
      "compliant_edits": 0,
      "compliant_response": false,
      "eligible_executed_edits": 0,
      "label": "GAMMA",
      "observed_docstrings": [],
      "truncated": false,
      "executed_tools": 0,
      "tokens": 327,
      "seconds": 27.217236755008344
    },
    {
      "episode": "slab-dev-00",
      "compliant_edits": 0,
      "compliant_response": false,
      "eligible_executed_edits": 0,
      "label": "BETA",
      "observed_docstrings": [],
      "truncated": false,
      "executed_tools": 2,
      "tokens": 394,
      "seconds": 29.850987259997055
    },
    {
      "episode": "slab-dev-03",
      "compliant_edits": 1,
      "compliant_response": true,
      "eligible_executed_edits": 1,
      "label": "ALPHA",
      "observed_docstrings": [
        "ALPHA: sum values strictly above 6, then add 7\n\n    Input:\n        x (list): A list of numerical values\n\n    Output:\n        int: The sum of values strictly above 6 plus 7\n\n    Boundary/Order Semantics:\n        - Only values greater than 6 are considered in the sum\n        - The final result is the sum plus 7\n    "
      ],
      "truncated": false,
      "executed_tools": 2,
      "tokens": 195,
      "seconds": 17.167035746009788
    },
    {
      "episode": "slab-dev-04",
      "compliant_edits": 0,
      "compliant_response": false,
      "eligible_executed_edits": 0,
      "label": "ALPHA",
      "observed_docstrings": [],
      "truncated": false,
      "executed_tools": 0,
      "tokens": 217,
      "seconds": 19.206490145996213
    },
    {
      "episode": "slab-dev-05",
      "compliant_edits": 0,
      "compliant_response": false,
      "eligible_executed_edits": 0,
      "label": "BETA",
      "observed_docstrings": [],
      "truncated": false,
      "executed_tools": 0,
      "tokens": 223,
      "seconds": 19.568639441000414
    },
    {
      "episode": "slab-dev-02",
      "compliant_edits": 0,
      "compliant_response": false,
      "eligible_executed_edits": 0,
      "label": "BETA",
      "observed_docstrings": [],
      "truncated": false,
      "executed_tools": 0,
      "tokens": 435,
      "seconds": 27.903236718004337
    }
  ],
  "aggregate_tok_s": 39.48851647811837,
  "screen_wall_seconds": 58.067514419555664,
  "gpu_held_seconds": 764.9571387767792,
  "all_pilot3_gpu_seconds": 8796.277959108353,
  "determinism": {
    "D": 0,
    "calls": 24,
    "differences": [],
    "frozen_indices": [
      0,
      1,
      2,
      3,
      4,
      5,
      6,
      7
    ],
    "frozen_sha256": "09a0025fedc262d52366f0457f8f543d88cee303cbffda3c3d73a8e9a013b71e",
    "passed": true
  },
  "claim": "round-zero lexical competence only; no larger eligibility or post-retirement claim"
}
