b1_cold 0 266 26.18741180892889 None
b1_cold 1 282 26.467608887856414 None
b1_cold 2 277 26.35825037328247 None
b1_cold 3 266 25.958982018150692 None
b1_cold 4 198 25.192902711472538 None
b1_cold 5 203 25.826933610246346 None
b1_cold 6 334 25.619953853344715 None
b1_cold 7 198 25.01009482963842 None
b1_warm 0 266 25.898870136086998 None
b1_warm 1 282 26.243709510755572 None
b1_warm 2 277 26.206948973619067 None
b1_warm 3 266 25.896742332862804 None
b1_warm 4 198 25.078941017650912 None
b1_warm 5 203 25.79906244832463 None
b1_warm 6 334 25.60640256890328 None
b1_warm 7 198 25.153783635084313 None
b4_mixed 3 266 12.51920298341738 None
b4_mixed 0 266 12.51879488483963 None
b4_mixed 2 277 12.662481570795418 None
b4_mixed 1 282 12.768757343029225 None
b4_mixed 7 198 11.354938951987311 None
b4_mixed 4 198 11.355049578334752 None
b4_mixed 5 203 11.437828454323348 None
b4_mixed 6 334 14.601371612498097 None
pilot 0 233 11.571055633220633 None
pilot 0 269 11.529416426678361 None
pilot 0 327 12.288132576691586 None
pilot 0 394 13.32912053850603 None
pilot 1 195 11.51201611428225 None
pilot 1 217 11.572393347393254 None
pilot 1 223 11.66544744550697 None
pilot 1 435 15.733724086391225 None
