[0.49 total min] 4b: 128 paired triples extracted at all four layers
[0.82 total min] 4b: setup sustained L8 overshoot=0.0: {'A': 0, 'B': 0}, both=0, breakage=0
[1.14 total min] 4b: setup sustained L8 overshoot=0.5: {'A': 0, 'B': 0}, both=0, breakage=0
[1.46 total min] 4b: setup sustained L12 overshoot=0.0: {'A': 0, 'B': 0}, both=0, breakage=0
[1.78 total min] 4b: setup sustained L12 overshoot=0.5: {'A': 0, 'B': 0}, both=0, breakage=0
[2.11 total min] 4b: setup sustained L16 overshoot=0.0: {'A': 0, 'B': 0}, both=0, breakage=0
[2.43 total min] 4b: setup sustained L16 overshoot=0.5: {'A': 0, 'B': 0}, both=0, breakage=0
[2.78 total min] 4b: setup sustained L20 overshoot=0.0: {'A': 0, 'B': 0}, both=0, breakage=3
[3.13 total min] 4b: setup sustained L20 overshoot=0.5: {'A': 0, 'B': 0}, both=0, breakage=2
[3.45 total min] 4b: setup one_shot L8 overshoot=0.0: {'A': 0, 'B': 0}, both=0, breakage=0
[3.77 total min] 4b: setup one_shot L8 overshoot=0.5: {'A': 0, 'B': 0}, both=0, breakage=0
[4.08 total min] 4b: setup one_shot L12 overshoot=0.0: {'A': 0, 'B': 0}, both=0, breakage=0
[4.40 total min] 4b: setup one_shot L12 overshoot=0.5: {'A': 0, 'B': 0}, both=0, breakage=0
[4.72 total min] 4b: setup one_shot L16 overshoot=0.0: {'A': 0, 'B': 0}, both=0, breakage=0
[5.04 total min] 4b: setup one_shot L16 overshoot=0.5: {'A': 0, 'B': 0}, both=0, breakage=0
[5.38 total min] 4b: setup one_shot L20 overshoot=0.0: {'A': 0, 'B': 0}, both=0, breakage=1
[5.72 total min] 4b: setup one_shot L20 overshoot=0.5: {'A': 0, 'B': 0}, both=0, breakage=1
[8.51 total min] 4b: test ('sustained_correct', 'sustained_swapped', 'sustained_shuffled', 'one_shot_correct', 'one_shot_swapped', 'one_shot_shuffled', 'off', 'text'): 8/64 episodes
[11.24 total min] 4b: test ('sustained_correct', 'sustained_swapped', 'sustained_shuffled', 'one_shot_correct', 'one_shot_swapped', 'one_shot_shuffled', 'off', 'text'): 16/64 episodes
[14.06 total min] 4b: test ('sustained_correct', 'sustained_swapped', 'sustained_shuffled', 'one_shot_correct', 'one_shot_swapped', 'one_shot_shuffled', 'off', 'text'): 24/64 episodes
[16.87 total min] 4b: test ('sustained_correct', 'sustained_swapped', 'sustained_shuffled', 'one_shot_correct', 'one_shot_swapped', 'one_shot_shuffled', 'off', 'text'): 32/64 episodes
[19.61 total min] 4b: test ('sustained_correct', 'sustained_swapped', 'sustained_shuffled', 'one_shot_correct', 'one_shot_swapped', 'one_shot_shuffled', 'off', 'text'): 40/64 episodes
[22.23 total min] 4b: test ('sustained_correct', 'sustained_swapped', 'sustained_shuffled', 'one_shot_correct', 'one_shot_swapped', 'one_shot_shuffled', 'off', 'text'): 48/64 episodes
[25.09 total min] 4b: test ('sustained_correct', 'sustained_swapped', 'sustained_shuffled', 'one_shot_correct', 'one_shot_swapped', 'one_shot_shuffled', 'off', 'text'): 56/64 episodes
[28.02 total min] 4b: test ('sustained_correct', 'sustained_swapped', 'sustained_shuffled', 'one_shot_correct', 'one_shot_swapped', 'one_shot_shuffled', 'off', 'text'): 64/64 episodes
[28.02 total min] 4b: retained text joint 34/64; running fixed fresh-history diagnostic
[28.78 total min] 4b: test ('fresh_text',): 8/64 episodes
[29.49 total min] 4b: test ('fresh_text',): 16/64 episodes
[30.17 total min] 4b: test ('fresh_text',): 24/64 episodes
[30.87 total min] 4b: test ('fresh_text',): 32/64 episodes
[31.63 total min] 4b: test ('fresh_text',): 40/64 episodes
[32.38 total min] 4b: test ('fresh_text',): 48/64 episodes
[33.03 total min] 4b: test ('fresh_text',): 56/64 episodes
[33.79 total min] 4b: test ('fresh_text',): 64/64 episodes
[33.79 total min] 4b: complete; {'sustained': 'INELIGIBLE', 'one_shot': 'INELIGIBLE'}
[34.01 total min] 1.7b: 128 paired triples extracted at all four layers
[34.18 total min] 1.7b: setup sustained L8 overshoot=0.0: {'A': 0, 'B': 0}, both=0, breakage=0
[34.36 total min] 1.7b: setup sustained L8 overshoot=0.5: {'A': 0, 'B': 0}, both=0, breakage=0
[34.56 total min] 1.7b: setup sustained L12 overshoot=0.0: {'A': 0, 'B': 0}, both=0, breakage=7
[34.76 total min] 1.7b: setup sustained L12 overshoot=0.5: {'A': 0, 'B': 0}, both=0, breakage=6
[34.95 total min] 1.7b: setup sustained L16 overshoot=0.0: {'A': 0, 'B': 0}, both=0, breakage=0
[35.14 total min] 1.7b: setup sustained L16 overshoot=0.5: {'A': 0, 'B': 0}, both=0, breakage=0
[35.37 total min] 1.7b: setup sustained L20 overshoot=0.0: {'A': 0, 'B': 0}, both=0, breakage=3
[35.70 total min] 1.7b: setup sustained L20 overshoot=0.5: {'A': 0, 'B': 0}, both=0, breakage=17
[35.87 total min] 1.7b: setup one_shot L8 overshoot=0.0: {'A': 0, 'B': 0}, both=0, breakage=0
[36.04 total min] 1.7b: setup one_shot L8 overshoot=0.5: {'A': 0, 'B': 0}, both=0, breakage=0
[36.21 total min] 1.7b: setup one_shot L12 overshoot=0.0: {'A': 0, 'B': 0}, both=0, breakage=0
[36.38 total min] 1.7b: setup one_shot L12 overshoot=0.5: {'A': 0, 'B': 0}, both=0, breakage=0
[36.57 total min] 1.7b: setup one_shot L16 overshoot=0.0: {'A': 0, 'B': 0}, both=0, breakage=0
[36.76 total min] 1.7b: setup one_shot L16 overshoot=0.5: {'A': 0, 'B': 0}, both=0, breakage=0
[36.96 total min] 1.7b: setup one_shot L20 overshoot=0.0: {'A': 0, 'B': 0}, both=0, breakage=0
[37.18 total min] 1.7b: setup one_shot L20 overshoot=0.5: {'A': 0, 'B': 0}, both=0, breakage=0
[38.63 total min] 1.7b: test ('sustained_correct', 'sustained_swapped', 'sustained_shuffled', 'one_shot_correct', 'one_shot_swapped', 'one_shot_shuffled', 'off', 'text'): 8/64 episodes
[39.98 total min] 1.7b: test ('sustained_correct', 'sustained_swapped', 'sustained_shuffled', 'one_shot_correct', 'one_shot_swapped', 'one_shot_shuffled', 'off', 'text'): 16/64 episodes
[41.32 total min] 1.7b: test ('sustained_correct', 'sustained_swapped', 'sustained_shuffled', 'one_shot_correct', 'one_shot_swapped', 'one_shot_shuffled', 'off', 'text'): 24/64 episodes
[43.01 total min] 1.7b: test ('sustained_correct', 'sustained_swapped', 'sustained_shuffled', 'one_shot_correct', 'one_shot_swapped', 'one_shot_shuffled', 'off', 'text'): 32/64 episodes
[44.56 total min] 1.7b: test ('sustained_correct', 'sustained_swapped', 'sustained_shuffled', 'one_shot_correct', 'one_shot_swapped', 'one_shot_shuffled', 'off', 'text'): 40/64 episodes
[46.16 total min] 1.7b: test ('sustained_correct', 'sustained_swapped', 'sustained_shuffled', 'one_shot_correct', 'one_shot_swapped', 'one_shot_shuffled', 'off', 'text'): 48/64 episodes
[47.40 total min] 1.7b: test ('sustained_correct', 'sustained_swapped', 'sustained_shuffled', 'one_shot_correct', 'one_shot_swapped', 'one_shot_shuffled', 'off', 'text'): 56/64 episodes
[48.90 total min] 1.7b: test ('sustained_correct', 'sustained_swapped', 'sustained_shuffled', 'one_shot_correct', 'one_shot_swapped', 'one_shot_shuffled', 'off', 'text'): 64/64 episodes
[48.91 total min] 1.7b: retained text joint 7/64; running fixed fresh-history diagnostic
[49.34 total min] 1.7b: test ('fresh_text',): 8/64 episodes
[49.67 total min] 1.7b: test ('fresh_text',): 16/64 episodes
[50.04 total min] 1.7b: test ('fresh_text',): 24/64 episodes
[50.43 total min] 1.7b: test ('fresh_text',): 32/64 episodes
[50.85 total min] 1.7b: test ('fresh_text',): 40/64 episodes
[51.30 total min] 1.7b: test ('fresh_text',): 48/64 episodes
[51.65 total min] 1.7b: test ('fresh_text',): 56/64 episodes
[52.06 total min] 1.7b: test ('fresh_text',): 64/64 episodes
[52.06 total min] 1.7b: complete; {'sustained': 'INELIGIBLE', 'one_shot': 'INELIGIBLE'}
